Component: ARM Compiler 6.16 Tool: armlink [5dfeaa00]

==============================================================================

Loading Objects.

Loading object BUILD/DISCO_F746NG/ARMC6/main.o.
Adding cpp init reference.              reference :  __cpp_initialize__aeabi_
              reference :  mbed::AnalogIn::read_u16()
              reference :  mbed::AnalogIn::AnalogIn(PinName, float)
              reference :  __2printf
              definition:  __ARM_use_no_argv
              reference :  __aeabi_f2d
              reference :  _printf_d
              reference :  _printf_f
              reference :  _printf_flags
              reference :  _printf_fp_dec
              reference :  _printf_int_dec
              reference :  _printf_percent
              reference :  _printf_pre_padding
              reference :  _printf_u
              reference :  _printf_widthprec
              definition:  intTemp
              definition:  main
              reference :  puts
              reference :  thread_sleep_for
Loading object BUILD/DISCO_F746NG/ARMC6/mbed-os/cmsis/CMSIS_5/CMSIS/TARGET_CORTEX_M/Source/mbed_tz_context.o.
Loading object BUILD/DISCO_F746NG/ARMC6/mbed-os/drivers/source/AnalogIn.o.
              weak defn :  rtos::Mutex* core_util_atomic_load<rtos::Mutex>(rtos::Mutex* const*)
              weak defn :  void core_util_atomic_store<rtos::Mutex>(rtos::Mutex**, rtos::Mutex*)
              definition:  mbed::AnalogIn::read_voltage()
              definition:  mbed::AnalogIn::set_reference_voltage(float)
              weak defn :  mbed::AnalogIn::lock()
              definition:  mbed::AnalogIn::read()
              definition:  mbed::AnalogIn::_mutex
              weak defn :  mbed::AnalogIn::unlock()
              definition:  mbed::AnalogIn::read_u16()
              definition:  mbed::AnalogIn::AnalogIn(PinName, float)
              definition:  mbed::AnalogIn::AnalogIn(PinMap const&, float)
              definition:  mbed::AnalogIn::AnalogIn__sub_object(PinName, float)
              definition:  mbed::AnalogIn::AnalogIn__sub_object(PinMap const&, float)
              weak defn :  mbed::AnalogIn::~AnalogIn__deallocating()
              weak defn :  mbed::AnalogIn::~AnalogIn__sub_object()
              weak defn :  rtos::Mutex::lock()
              weak defn :  rtos::Mutex::unlock()
              weak defn :  rtos::Mutex::Mutex__sub_object()
              weak defn :  SingletonPtr<rtos::Mutex>::get() const
              weak defn :  SingletonPtr<rtos::Mutex>::operator->() const
              definition:  mbed::AnalogIn::get_reference_voltage() const
              weak defn :  vtable for mbed::AnalogIn
              reference :  operator delete(void*)
              reference :  analogin_free
              reference :  analogin_init
              reference :  analogin_init_direct
              reference :  analogin_read
              reference :  analogin_read_u16
              reference :  mbed_assert_internal
Loading object BUILD/DISCO_F746NG/ARMC6/mbed-os/drivers/source/AnalogOut.o.
              definition:  mbed::AnalogOut::read()
              definition:  mbed::AnalogOut::write(float)
              definition:  mbed::AnalogOut::write_u16(unsigned short)
              reference :  analogout_read
              reference :  analogout_write
              reference :  analogout_write_u16
Loading object BUILD/DISCO_F746NG/ARMC6/mbed-os/drivers/source/BufferedSerial.o.
              reference :  mbed::FileHandle::size()
              weak defn :  mbed::FileHandle::tell()
              weak defn :  mbed::FileHandle::rewind()
              weak defn :  mbed::FileHandle::truncate(long)
              weak defn :  mbed::FileHandle::FileHandle__sub_object()
              weak defn :  mbed::FileHandle::~FileHandle__sub_object()
              reference :  mbed::SerialBase::_base_getc()
              reference :  mbed::SerialBase::_base_putc(int)
              reference :  mbed::SerialBase::enable_input(bool)
              reference :  mbed::SerialBase::enable_output(bool)
              reference :  mbed::SerialBase::set_flow_control(mbed::SerialBase::Flow, PinName, PinName)
              reference :  mbed::SerialBase::baud(int)
              reference :  mbed::SerialBase::lock()
              reference :  mbed::SerialBase::attach(mbed::Callback<void ()>, mbed::SerialBase::IrqType)
              reference :  mbed::SerialBase::format(int, mbed::SerialBase::Parity, int)
              reference :  mbed::SerialBase::unlock()
              reference :  mbed::SerialBase::readable()
              reference :  mbed::SerialBase::writeable()
              reference :  mbed::SerialBase::SerialBase__sub_object(PinName, PinName, int)
              reference :  mbed::SerialBase::SerialBase__sub_object(serial_pinmap_t const&, int)
              reference :  mbed::SerialBase::~SerialBase__sub_object()
              reference :  mbed::InterruptIn::fall(mbed::Callback<void ()>)
[...]
Running selection script in mc_w.l to resolve _main_init.
Selecting member entry9a.o(c:\Users\samet\AppData\Local\Mbed Studio\mbed-studio-tools\ac6\bin\..\lib\armlib\mc_w.l) to define _main_init.
Selecting member entry9b.o(c:\Users\samet\AppData\Local\Mbed Studio\mbed-studio-tools\ac6\bin\..\lib\armlib\mc_w.l) to define _main_init$exit.
Selecting member entry5.o(c:\Users\samet\AppData\Local\Mbed Studio\mbed-studio-tools\ac6\bin\..\lib\armlib\mc_w.l) to define _main_scatterload.
Running selection script in mc_w.l to resolve _main_stk.
Selecting member entry4.o(c:\Users\samet\AppData\Local\Mbed Studio\mbed-studio-tools\ac6\bin\..\lib\armlib\mc_w.l) to define _main_stk$2region.
Running selection script in mc_w.l to resolve _initio.
Selecting member iusesemip.o(c:\Users\samet\AppData\Local\Mbed Studio\mbed-studio-tools\ac6\bin\..\lib\armlib\mc_w.l) to define __I$use$semihosting$fputc.
Selecting member semi.o(c:\Users\samet\AppData\Local\Mbed Studio\mbed-studio-tools\ac6\bin\..\lib\armlib\mc_w.l) to define __semihosting_library_function.
Selecting member llshl.o(c:\Users\samet\AppData\Local\Mbed Studio\mbed-studio-tools\ac6\bin\..\lib\armlib\mc_w.l) to define __aeabi_llsl.
Selecting member llushr.o(c:\Users\samet\AppData\Local\Mbed Studio\mbed-studio-tools\ac6\bin\..\lib\armlib\mc_w.l) to define __aeabi_llsr.
Running selection script in mc_w.l to resolve __aeabi_uidivmod.
Selecting member uidiv.o(c:\Users\samet\AppData\Local\Mbed Studio\mbed-studio-tools\ac6\bin\..\lib\armlib\mc_w.l) to define __aeabi_uidivmod.
Selecting member aeabi_sdiv.o(c:\Users\samet\AppData\Local\Mbed Studio\mbed-studio-tools\ac6\bin\..\lib\armlib\mc_w.l) to define __aeabi_uidivmod$standardlib.
Selecting member iusefp.o(c:\Users\samet\AppData\Local\Mbed Studio\mbed-studio-tools\ac6\bin\..\lib\armlib\mc_w.l) to define __I$use$fp.
Selecting member cdrcmple.o(c:\Users\samet\AppData\Local\Mbed Studio\mbed-studio-tools\ac6\bin\..\lib\armlib\mf_w.l) to define __aeabi_cdrcmple.
Selecting member dfixul.o(c:\Users\samet\AppData\Local\Mbed Studio\mbed-studio-tools\ac6\bin\..\lib\armlib\mf_w.l) to define __aeabi_d2ulz.
Selecting member ddiv.o(c:\Users\samet\AppData\Local\Mbed Studio\mbed-studio-tools\ac6\bin\..\lib\armlib\mf_w.l) to define __aeabi_ddiv.
Selecting member mvars.o(c:\Users\samet\AppData\Local\Mbed Studio\mbed-studio-tools\ac6\bin\..\lib\armlib\mc_w.l) to define __microlib_freelist.
Selecting member mvars.o(c:\Users\samet\AppData\Local\Mbed Studio\mbed-studio-tools\ac6\bin\..\lib\armlib\mc_w.l) to define __microlib_freelist_initialised.
Selecting member scanf_char.o(c:\Users\samet\AppData\Local\Mbed Studio\mbed-studio-tools\ac6\bin\..\lib\armlib\mc_w.l) to define __vfscanf_char.
Selecting member _sgetc.o(c:\Users\samet\AppData\Local\Mbed Studio\mbed-studio-tools\ac6\bin\..\lib\armlib\mc_w.l) to define _sbackspace.
Selecting member _scanf_longlong.o(c:\Users\samet\AppData\Local\Mbed Studio\mbed-studio-tools\ac6\bin\..\lib\armlib\mc_w.l) to define _scanf_longlong.
Selecting member scanf_fp.o(c:\Users\samet\AppData\Local\Mbed Studio\mbed-studio-tools\ac6\bin\..\lib\armlib\mc_w.l) to define _scanf_real.
Selecting member _scanf_str.o(c:\Users\samet\AppData\Local\Mbed Studio\mbed-studio-tools\ac6\bin\..\lib\armlib\mc_w.l) to define _scanf_string.
Selecting member _sgetc.o(c:\Users\samet\AppData\Local\Mbed Studio\mbed-studio-tools\ac6\bin\..\lib\armlib\mc_w.l) to define _sgetc.
Selecting member _chval.o(c:\Users\samet\AppData\Local\Mbed Studio\mbed-studio-tools\ac6\bin\..\lib\armlib\mc_w.l) to define _chval.
Running selection script in mc_w.l to resolve __ARM_resolve_target1.
Selecting member __ARM_resolve_target1.o(c:\Users\samet\AppData\Local\Mbed Studio\mbed-studio-tools\ac6\bin\..\lib\armlib\mc_w.l) to define __ARM_resolve_target1.
Selecting member __ARM_resolve_target1_abs32.o(c:\Users\samet\AppData\Local\Mbed Studio\mbed-studio-tools\ac6\bin\..\lib\armlib\mc_w.l) to define __ARM_resolve_target1_abs32.
Selecting member entry8b.o(c:\Users\samet\AppData\Local\Mbed Studio\mbed-studio-tools\ac6\bin\..\lib\armlib\mc_w.l) to define _main_cpp_init$empty.
Selecting member llsshr.o(c:\Users\samet\AppData\Local\Mbed Studio\mbed-studio-tools\ac6\bin\..\lib\armlib\mc_w.l) to define __aeabi_lasr.
Selecting member depilogue.o(c:\Users\samet\AppData\Local\Mbed Studio\mbed-studio-tools\ac6\bin\..\lib\armlib\mf_w.l) to define _double_epilogue.
Selecting member depilogue.o(c:\Users\samet\AppData\Local\Mbed Studio\mbed-studio-tools\ac6\bin\..\lib\armlib\mf_w.l) to define _double_round.
Selecting member fepilogue.o(c:\Users\samet\AppData\Local\Mbed Studio\mbed-studio-tools\ac6\bin\..\lib\armlib\mf_w.l) to define _float_epilogue.
Loading member c:\Users\samet\AppData\Local\Mbed Studio\mbed-studio-tools\ac6\bin\..\lib\libcxx\libcppabi_w.l(cxa_handlers.cpp.o) from c:\Users\samet\AppData\Local\Mbed Studio\mbed-studio-tools\ac6\bin\..\lib\libcxx\libcppabi_w.l.
              definition:  std::unexpected()
              definition:  std::__terminate(void (*)())
              definition:  std::__unexpected(void (*)())
              definition:  std::get_terminate()
              definition:  std::get_unexpected()
              definition:  std::get_new_handler()
              definition:  std::set_new_handler(void (*)())
              definition:  std::terminate()
              definition:  __cxa_new_handler
              reference :  __cxa_terminate_handler
              reference :  __cxa_unexpected_handler
              reference :  abort_message
Loading member c:\Users\samet\AppData\Local\Mbed Studio\mbed-studio-tools\ac6\bin\..\lib\libcxx\libcppabi_w.l(abort_message.cpp.o) from c:\Users\samet\AppData\Local\Mbed Studio\mbed-studio-tools\ac6\bin\..\lib\libcxx\libcppabi_w.l.
              reference :  abort
              definition:  abort_message
Loading member c:\Users\samet\AppData\Local\Mbed Studio\mbed-studio-tools\ac6\bin\..\lib\armlib\mc_w.l(entry4.o) from c:\Users\samet\AppData\Local\Mbed Studio\mbed-studio-tools\ac6\bin\..\lib\armlib\mc_w.l.
              definition:  _main_stk$2region
              definition:  __vectab_stack_and_reset
              reference :  Image$$ARM_LIB_STACK$$ZI$$Limit
              reference :  __main
Loading member c:\Users\samet\AppData\Local\Mbed Studio\mbed-studio-tools\ac6\bin\..\lib\armlib\mc_w.l(entry5.o) from c:\Users\samet\AppData\Local\Mbed Studio\mbed-studio-tools\ac6\bin\..\lib\armlib\mc_w.l.
              definition:  _main_scatterload
              definition:  __main_after_scatterload
              reference :  __scatterload
Loading member c:\Users\samet\AppData\Local\Mbed Studio\mbed-studio-tools\ac6\bin\..\lib\armlib\mc_w.l(entry7a.o) from c:\Users\samet\AppData\Local\Mbed Studio\mbed-studio-tools\ac6\bin\..\lib\armlib\mc_w.l.
              definition:  _main_clock
              weak ref  :  _clock_init
Loading member c:\Users\samet\AppData\Local\Mbed Studio\mbed-studio-tools\ac6\bin\..\lib\armlib\mc_w.l(entry7b.o) from c:\Users\samet\AppData\Local\Mbed Studio\mbed-studio-tools\ac6\bin\..\lib\armlib\mc_w.l.
              definition:  _main_clock$no_clock
Loading member c:\Users\samet\AppData\Local\Mbed Studio\mbed-studio-tools\ac6\bin\..\lib\armlib\mc_w.l(entry8a.o) from c:\Users\samet\AppData\Local\Mbed Studio\mbed-studio-tools\ac6\bin\..\lib\armlib\mc_w.l.
              definition:  _main_cpp_init
              weak ref  :  __cpp_initialize__aeabi_
Loading member c:\Users\samet\AppData\Local\Mbed Studio\mbed-studio-tools\ac6\bin\..\lib\armlib\mc_w.l(entry8b.o) from c:\Users\samet\AppData\Local\Mbed Studio\mbed-studio-tools\ac6\bin\..\lib\armlib\mc_w.l.
              definition:  _main_cpp_init$empty
Loading member c:\Users\samet\AppData\Local\Mbed Studio\mbed-studio-tools\ac6\bin\..\lib\armlib\mc_w.l(entry9a.o) from c:\Users\samet\AppData\Local\Mbed Studio\mbed-studio-tools\ac6\bin\..\lib\armlib\mc_w.l.
              definition:  _main_init
              reference :  main
Loading member c:\Users\samet\AppData\Local\Mbed Studio\mbed-studio-tools\ac6\bin\..\lib\armlib\mc_w.l(entry9b.o) from c:\Users\samet\AppData\Local\Mbed Studio\mbed-studio-tools\ac6\bin\..\lib\armlib\mc_w.l.
              definition:  _main_init$exit
              reference :  main
Loading member c:\Users\samet\AppData\Local\Mbed Studio\mbed-studio-tools\ac6\bin\..\lib\armlib\mc_w.l(entry10a.o) from c:\Users\samet\AppData\Local\Mbed Studio\mbed-studio-tools\ac6\bin\..\lib\armlib\mc_w.l.
              definition:  __rt_final_cpp
Loading member c:\Users\samet\AppData\Local\Mbed Studio\mbed-studio-tools\ac6\bin\..\lib\armlib\mc_w.l(entry10b.o) from c:\Users\samet\AppData\Local\Mbed Studio\mbed-studio-tools\ac6\bin\..\lib\armlib\mc_w.l.
              definition:  __rt_final_cpp$nonempty
              weak ref  :  __cxa_finalize
Loading member c:\Users\samet\AppData\Local\Mbed Studio\mbed-studio-tools\ac6\bin\..\lib\armlib\mc_w.l(entry11a.o) from c:\Users\samet\AppData\Local\Mbed Studio\mbed-studio-tools\ac6\bin\..\lib\armlib\mc_w.l.
              definition:  __rt_final_exit
Loading member c:\Users\samet\AppData\Local\Mbed Studio\mbed-studio-tools\ac6\bin\..\lib\armlib\mc_w.l(entry11b.o) from c:\Users\samet\AppData\Local\Mbed Studio\mbed-studio-tools\ac6\bin\..\lib\armlib\mc_w.l.
              definition:  __rt_final_exit$nonempty
              weak ref  :  _microlib_exit
Loading member c:\Users\samet\AppData\Local\Mbed Studio\mbed-studio-tools\ac6\bin\..\lib\armlib\mc_w.l(semi.o) from c:\Users\samet\AppData\Local\Mbed Studio\mbed-studio-tools\ac6\bin\..\lib\armlib\mc_w.l.
              definition:  __semihosting_library_function
Loading member c:\Users\samet\AppData\Local\Mbed Studio\mbed-studio-tools\ac6\bin\..\lib\armlib\mc_w.l(aeabi_sdiv.o) from c:\Users\samet\AppData\Local\Mbed Studio\mbed-studio-tools\ac6\bin\..\lib\armlib\mc_w.l.
              definition:  __aeabi_idiv$standardlib
              definition:  __aeabi_idivmod$standardlib
              definition:  __aeabi_uidiv$standardlib
              definition:  __aeabi_uidivmod$standardlib
Loading member c:\Users\samet\AppData\Local\Mbed Studio\mbed-studio-tools\ac6\bin\..\lib\armlib\mc_w.l(uidiv.o) from c:\Users\samet\AppData\Local\Mbed Studio\mbed-studio-tools\ac6\bin\..\lib\armlib\mc_w.l.
              definition:  __aeabi_uidiv
              definition:  __aeabi_uidivmod
Loading member c:\Users\samet\AppData\Local\Mbed Studio\mbed-studio-tools\ac6\bin\..\lib\armlib\mc_w.l(llshl.o) from c:\Users\samet\AppData\Local\Mbed Studio\mbed-studio-tools\ac6\bin\..\lib\armlib\mc_w.l.
              definition:  __aeabi_llsl
              definition:  _ll_shift_l
Loading member c:\Users\samet\AppData\Local\Mbed Studio\mbed-studio-tools\ac6\bin\..\lib\armlib\mc_w.l(llushr.o) from c:\Users\samet\AppData\Local\Mbed Studio\mbed-studio-tools\ac6\bin\..\lib\armlib\mc_w.l.
              definition:  __aeabi_llsr
              definition:  _ll_ushift_r
Loading member c:\Users\samet\AppData\Local\Mbed Studio\mbed-studio-tools\ac6\bin\..\lib\armlib\mc_w.l(llsshr.o) from c:\Users\samet\AppData\Local\Mbed Studio\mbed-studio-tools\ac6\bin\..\lib\armlib\mc_w.l.
              definition:  __aeabi_lasr
              definition:  _ll_sshift_r
Loading member c:\Users\samet\AppData\Local\Mbed Studio\mbed-studio-tools\ac6\bin\..\lib\armlib\mc_w.l(abort.o) from c:\Users\samet\AppData\Local\Mbed Studio\mbed-studio-tools\ac6\bin\..\lib\armlib\mc_w.l.
              definition:  abort
Loading member c:\Users\samet\AppData\Local\Mbed Studio\mbed-studio-tools\ac6\bin\..\lib\armlib\mc_w.l(memalign.o) from c:\Users\samet\AppData\Local\Mbed Studio\mbed-studio-tools\ac6\bin\..\lib\armlib\mc_w.l.
              definition:  posix_memalign
              reference :  __aligned_malloc
Loading member c:\Users\samet\AppData\Local\Mbed Studio\mbed-studio-tools\ac6\bin\..\lib\armlib\mc_w.l(mvars.o) from c:\Users\samet\AppData\Local\Mbed Studio\mbed-studio-tools\ac6\bin\..\lib\armlib\mc_w.l.
              definition:  __microlib_freelist
              definition:  __microlib_freelist_initialised
Loading member c:\Users\samet\AppData\Local\Mbed Studio\mbed-studio-tools\ac6\bin\..\lib\armlib\mc_w.l(_chval.o) from c:\Users\samet\AppData\Local\Mbed Studio\mbed-studio-tools\ac6\bin\..\lib\armlib\mc_w.l.
              definition:  _chval
Loading member c:\Users\samet\AppData\Local\Mbed Studio\mbed-studio-tools\ac6\bin\..\lib\armlib\mc_w.l(_scanf_longlong.o) from c:\Users\samet\AppData\Local\Mbed Studio\mbed-studio-tools\ac6\bin\..\lib\armlib\mc_w.l.
              definition:  _scanf_longlong
              reference :  _chval
Loading member c:\Users\samet\AppData\Local\Mbed Studio\mbed-studio-tools\ac6\bin\..\lib\armlib\mc_w.l(_scanf_str.o) from c:\Users\samet\AppData\Local\Mbed Studio\mbed-studio-tools\ac6\bin\..\lib\armlib\mc_w.l.
              definition:  _scanf_string
Loading member c:\Users\samet\AppData\Local\Mbed Studio\mbed-studio-tools\ac6\bin\..\lib\armlib\mc_w.l(scanf_fp.o) from c:\Users\samet\AppData\Local\Mbed Studio\mbed-studio-tools\ac6\bin\..\lib\armlib\mc_w.l.
              definition:  __ARM_grp_.debug_frame$_is_digit
              definition:  _scanf_real
              definition:  _scanf_really_real
              definition:  _is_digit
              reference :  __I$use$fp
              reference :  __I$use$fp
              reference :  __aeabi_d2f
              reference :  __aeabi_ddiv
              reference :  __aeabi_dmul
              reference :  __aeabi_ul2d
Loading member c:\Users\samet\AppData\Local\Mbed Studio\mbed-studio-tools\ac6\bin\..\lib\armlib\mc_w.l(scanf_char.o) from c:\Users\samet\AppData\Local\Mbed Studio\mbed-studio-tools\ac6\bin\..\lib\armlib\mc_w.l.
              definition:  __vfscanf_char
              reference :  __vfscanf
              reference :  isspace
Loading member c:\Users\samet\AppData\Local\Mbed Studio\mbed-studio-tools\ac6\bin\..\lib\armlib\mc_w.l(_sgetc.o) from c:\Users\samet\AppData\Local\Mbed Studio\mbed-studio-tools\ac6\bin\..\lib\armlib\mc_w.l.
              definition:  _sgetc
              definition:  _sbackspace
Loading member c:\Users\samet\AppData\Local\Mbed Studio\mbed-studio-tools\ac6\bin\..\lib\armlib\mc_w.l(iusefp.o) from c:\Users\samet\AppData\Local\Mbed Studio\mbed-studio-tools\ac6\bin\..\lib\armlib\mc_w.l.
              definition:  __I$use$fp
Loading member c:\Users\samet\AppData\Local\Mbed Studio\mbed-studio-tools\ac6\bin\..\lib\armlib\mc_w.l(iusesemip.o) from c:\Users\samet\AppData\Local\Mbed Studio\mbed-studio-tools\ac6\bin\..\lib\armlib\mc_w.l.
              definition:  __I$use$semihosting$fputc
Loading member c:\Users\samet\AppData\Local\Mbed Studio\mbed-studio-tools\ac6\bin\..\lib\armlib\mc_w.l(__ARM_resolve_target1.o) from c:\Users\samet\AppData\Local\Mbed Studio\mbed-studio-tools\ac6\bin\..\lib\armlib\mc_w.l.
              definition:  __ARM_resolve_target1
Loading member c:\Users\samet\AppData\Local\Mbed Studio\mbed-studio-tools\ac6\bin\..\lib\armlib\mc_w.l(__ARM_resolve_target1_abs32.o) from c:\Users\samet\AppData\Local\Mbed Studio\mbed-studio-tools\ac6\bin\..\lib\armlib\mc_w.l.
              definition:  __ARM_resolve_target1_abs32
Loading member c:\Users\samet\AppData\Local\Mbed Studio\mbed-studio-tools\ac6\bin\..\lib\armlib\mf_w.l(fepilogue.o) from c:\Users\samet\AppData\Local\Mbed Studio\mbed-studio-tools\ac6\bin\..\lib\armlib\mf_w.l.
              definition:  _float_round
              definition:  _float_epilogue
              reference :  __I$use$fp
Loading member c:\Users\samet\AppData\Local\Mbed Studio\mbed-studio-tools\ac6\bin\..\lib\armlib\mf_w.l(depilogue.o) from c:\Users\samet\AppData\Local\Mbed Studio\mbed-studio-tools\ac6\bin\..\lib\armlib\mf_w.l.
              definition:  _double_round
              definition:  _double_epilogue
              reference :  __I$use$fp
              reference :  __aeabi_llsl
              reference :  __aeabi_llsr
Loading member c:\Users\samet\AppData\Local\Mbed Studio\mbed-studio-tools\ac6\bin\..\lib\armlib\mf_w.l(ddiv.o) from c:\Users\samet\AppData\Local\Mbed Studio\mbed-studio-tools\ac6\bin\..\lib\armlib\mf_w.l.
              definition:  __aeabi_ddiv
              reference :  __I$use$fp
              reference :  _double_round
Loading member c:\Users\samet\AppData\Local\Mbed Studio\mbed-studio-tools\ac6\bin\..\lib\armlib\mf_w.l(dfixul.o) from c:\Users\samet\AppData\Local\Mbed Studio\mbed-studio-tools\ac6\bin\..\lib\armlib\mf_w.l.
              definition:  __aeabi_d2ulz
              reference :  __I$use$fp
              reference :  __aeabi_llsl
              reference :  __aeabi_llsr
Loading member c:\Users\samet\AppData\Local\Mbed Studio\mbed-studio-tools\ac6\bin\..\lib\armlib\mf_w.l(cdrcmple.o) from c:\Users\samet\AppData\Local\Mbed Studio\mbed-studio-tools\ac6\bin\..\lib\armlib\mf_w.l.
              definition:  __aeabi_cdrcmple
              reference :  __I$use$fp
Selecting member cxa_default_handlers.cpp.o(c:\Users\samet\AppData\Local\Mbed Studio\mbed-studio-tools\ac6\bin\..\lib\libcxx\libcppabi_w.l) to define __cxa_terminate_handler.
Selecting member cxa_default_handlers.cpp.o(c:\Users\samet\AppData\Local\Mbed Studio\mbed-studio-tools\ac6\bin\..\lib\libcxx\libcppabi_w.l) to define __cxa_unexpected_handler.
Selecting member init.o(c:\Users\samet\AppData\Local\Mbed Studio\mbed-studio-tools\ac6\bin\..\lib\armlib\mc_w.l) to define __scatterload.
Running selection script in mc_w.l to resolve __aligned_malloc.
Selecting member d2f.o(c:\Users\samet\AppData\Local\Mbed Studio\mbed-studio-tools\ac6\bin\..\lib\armlib\mf_w.l) to define __aeabi_d2f.
Selecting member dfltul.o(c:\Users\samet\AppData\Local\Mbed Studio\mbed-studio-tools\ac6\bin\..\lib\armlib\mf_w.l) to define __aeabi_ul2d.
Selecting member _scanf.o(c:\Users\samet\AppData\Local\Mbed Studio\mbed-studio-tools\ac6\bin\..\lib\armlib\mc_w.l) to define __vfscanf.
Running selection script in mc_w.l to resolve isspace.
Selecting member isspace_c.o(c:\Users\samet\AppData\Local\Mbed Studio\mbed-studio-tools\ac6\bin\..\lib\armlib\mc_w.l) to define isspace.
Loading member c:\Users\samet\AppData\Local\Mbed Studio\mbed-studio-tools\ac6\bin\..\lib\libcxx\libcppabi_w.l(cxa_default_handlers.cpp.o) from c:\Users\samet\AppData\Local\Mbed Studio\mbed-studio-tools\ac6\bin\..\lib\libcxx\libcppabi_w.l.
              definition:  std::set_terminate(void (*)())
              definition:  std::set_unexpected(void (*)())
              reference :  std::terminate()
              definition:  __cxa_terminate_handler
              definition:  __cxa_unexpected_handler
              reference :  abort
Loading member c:\Users\samet\AppData\Local\Mbed Studio\mbed-studio-tools\ac6\bin\..\lib\armlib\mc_w.l(init.o) from c:\Users\samet\AppData\Local\Mbed Studio\mbed-studio-tools\ac6\bin\..\lib\armlib\mc_w.l.
              definition:  __scatterload
              definition:  __scatterload_rt2
              reference :  Region$$Table$$Base
              reference :  Region$$Table$$Limit
              reference :  __main_after_scatterload
              weak ref  :  __decompress
Loading member c:\Users\samet\AppData\Local\Mbed Studio\mbed-studio-tools\ac6\bin\..\lib\armlib\mc_w.l(isspace_c.o) from c:\Users\samet\AppData\Local\Mbed Studio\mbed-studio-tools\ac6\bin\..\lib\armlib\mc_w.l.
              definition:  isspace
              reference :  __ctype_lookup
Loading member c:\Users\samet\AppData\Local\Mbed Studio\mbed-studio-tools\ac6\bin\..\lib\armlib\mc_w.l(_scanf.o) from c:\Users\samet\AppData\Local\Mbed Studio\mbed-studio-tools\ac6\bin\..\lib\armlib\mc_w.l.
              definition:  __vfscanf
              weak ref  :  _scanf_int
              weak ref  :  _scanf_longlong
              weak ref  :  _scanf_real
              weak ref  :  _scanf_string
Loading member c:\Users\samet\AppData\Local\Mbed Studio\mbed-studio-tools\ac6\bin\..\lib\armlib\mf_w.l(dfltul.o) from c:\Users\samet\AppData\Local\Mbed Studio\mbed-studio-tools\ac6\bin\..\lib\armlib\mf_w.l.
              definition:  __aeabi_ul2d
              reference :  __I$use$fp
              reference :  _double_epilogue
Loading member c:\Users\samet\AppData\Local\Mbed Studio\mbed-studio-tools\ac6\bin\..\lib\armlib\mf_w.l(d2f.o) from c:\Users\samet\AppData\Local\Mbed Studio\mbed-studio-tools\ac6\bin\..\lib\armlib\mf_w.l.
              definition:  __aeabi_d2f
              reference :  __I$use$fp
              reference :  _float_round
Selecting member ctype_c.o(c:\Users\samet\AppData\Local\Mbed Studio\mbed-studio-tools\ac6\bin\..\lib\armlib\mc_w.l) to define __ctype_lookup.
Loading member c:\Users\samet\AppData\Local\Mbed Studio\mbed-studio-tools\ac6\bin\..\lib\armlib\mc_w.l(ctype_c.o) from c:\Users\samet\AppData\Local\Mbed Studio\mbed-studio-tools\ac6\bin\..\lib\armlib\mc_w.l.
              definition:  __ctype_categories
              definition:  __ctype_lookup
Cleaning up Comdat Group Sections
Renaming symbol puts to _puts$base.
Renaming symbol _puts$fputc_errors to puts.
Renaming symbol free to __free$base.
Renaming symbol __free$memalign$2region to free.
Renaming symbol malloc to __malloc$base.
Renaming symbol __malloc$memalign$2region to malloc.
Renaming symbol __stderr to ___stderr$base.
Renaming symbol ___stderr$full to __stderr.
Renaming symbol __stdout to ___stdout$base.
Renaming symbol ___stdout$full to __stdout.
Renaming symbol __use_full_stdio to __use_full_stdio$unused.
Renaming symbol __use_full_stdio$initio to __use_full_stdio.
Renaming symbol fflush to _fflush$base.
Renaming symbol _fflush$full to fflush.
Renaming symbol fputc to _fputc$base.
Renaming symbol _fputc$full$pos to fputc.
Renaming symbol _main_clock to _main_clock$temp.
Renaming symbol _main_clock$no_clock to _main_clock.
Renaming symbol _main_stk to _main_stk$base.
Renaming symbol _main_stk$2region to _main_stk.
Renaming symbol _initio to __initio$base.
Renaming symbol _initio$stdout$stderr to _initio.
Renaming symbol __aligned_malloc to __aligned_malloc$base.
Renaming symbol __aligned_malloc$2region to __aligned_malloc.
Resolving $Sub$$ and $Super$$ Symbols.
              definition:  $Super$$__cpp_initialize__aeabi_
              definition:  $Super$$main
              definition:  BuildAttributes$$THM_ISAv4$E$P$D$K$B$S$7EM$VFPi5$EXTD16$VFPS$VFMA$PE$PLD8$A:L22UL41UL21$X:L11$S22US41US21$IEEE1$IW$~IW$USESV6$~STKCKD$USESV7$~SHL$OTIME$ROPI$EBA8$MICROLIB$REQ8$PRES8$EABIv2
Building image.
Checking duplicate symbol definitions
Using Worst Fit .ANY placement algorithm.
              reference :  __scatterload_copy
              reference :  __scatterload_zeroinit
              reference :  __scatterload_null
Choosing data area compressor
Data area too small to benefit from compression.
Selecting member handlers.o(c:\Users\samet\AppData\Local\Mbed Studio\mbed-studio-tools\ac6\bin\..\lib\armlib\mc_w.l) to define __scatterload_copy.
Selecting member handlers.o(c:\Users\samet\AppData\Local\Mbed Studio\mbed-studio-tools\ac6\bin\..\lib\armlib\mc_w.l) to define __scatterload_zeroinit.
Selecting member handlers.o(c:\Users\samet\AppData\Local\Mbed Studio\mbed-studio-tools\ac6\bin\..\lib\armlib\mc_w.l) to define __scatterload_null.
Loading member c:\Users\samet\AppData\Local\Mbed Studio\mbed-studio-tools\ac6\bin\..\lib\armlib\mc_w.l(handlers.o) from c:\Users\samet\AppData\Local\Mbed Studio\mbed-studio-tools\ac6\bin\..\lib\armlib\mc_w.l.
              definition:  __scatterload_copy
              definition:  __scatterload_null
              definition:  __scatterload_zeroinit
Resolving $Sub$$ and $Super$$ Symbols.
Patching/Reducing relocations
Creating output file BUILD/DISCO_F746NG/ARMC6/Question_1.elf.

==============================================================================

Memory Map of the image

  Image Entry point : 0x080001c9

  Load Region LR_IROM1 (Base: 0x08000000, Size: 0x00006d18, Max: 0x00100000, ABSOLUTE)

    Execution Region ER_IROM1 (Base: 0x08000000, Size: 0x00006d00, Max: 0x00100000, ABSOLUTE)

    Base Addr    Size         Type   Attr      Idx    E Section Name        Object

    0x08000000   0x000001c8   Data   RO         8158    RESET               BUILD/DISCO_F746NG/ARMC6/mbed-os/targets/TARGET_STM/TARGET_STM32F7/TARGET_STM32F746xG/TOOLCHAIN_ARM/startup_stm32f746xx.o
    0x080001c8   0x00000000   Code   RO         9350  * .ARM.Collect$$$$00000000  c:\Users\samet\AppData\Local\Mbed Studio\mbed-studio-tools\ac6\bin\..\lib\armlib\mc_w.l(entry.o)
    0x080001c8   0x00000004   Code   RO         9751    .ARM.Collect$$$$00000003  c:\Users\samet\AppData\Local\Mbed Studio\mbed-studio-tools\ac6\bin\..\lib\armlib\mc_w.l(entry4.o)
    0x080001cc   0x00000004   Code   RO         9754    .ARM.Collect$$$$00000004  c:\Users\samet\AppData\Local\Mbed Studio\mbed-studio-tools\ac6\bin\..\lib\armlib\mc_w.l(entry5.o)
    0x080001d0   0x00000004   Code   RO         9352    .ARM.Collect$$$$00000006  c:\Users\samet\AppData\Local\Mbed Studio\mbed-studio-tools\ac6\bin\..\lib\armlib\mc_w.l(entry6b.o)
    0x080001d4   0x00000000   Code   RO         9756    .ARM.Collect$$$$00000008  c:\Users\samet\AppData\Local\Mbed Studio\mbed-studio-tools\ac6\bin\..\lib\armlib\mc_w.l(entry7b.o)
    0x080001d4   0x00000004   Code   RO         9757    .ARM.Collect$$$$00000009  c:\Users\samet\AppData\Local\Mbed Studio\mbed-studio-tools\ac6\bin\..\lib\armlib\mc_w.l(entry8a.o)
    0x080001d8   0x00000000   Code   RO         9758    .ARM.Collect$$$$0000000A  c:\Users\samet\AppData\Local\Mbed Studio\mbed-studio-tools\ac6\bin\..\lib\armlib\mc_w.l(entry8b.o)
    0x080001d8   0x00000008   Code   RO         9759    .ARM.Collect$$$$0000000B  c:\Users\samet\AppData\Local\Mbed Studio\mbed-studio-tools\ac6\bin\..\lib\armlib\mc_w.l(entry9a.o)
    0x080001e0   0x00000000   Code   RO         9761    .ARM.Collect$$$$0000000D  c:\Users\samet\AppData\Local\Mbed Studio\mbed-studio-tools\ac6\bin\..\lib\armlib\mc_w.l(entry10a.o)
    0x080001e0   0x00000000   Code   RO         9763    .ARM.Collect$$$$0000000F  c:\Users\samet\AppData\Local\Mbed Studio\mbed-studio-tools\ac6\bin\..\lib\armlib\mc_w.l(entry11a.o)
    0x080001e0   0x00000004   Code   RO         9752    .ARM.Collect$$$$00002714  c:\Users\samet\AppData\Local\Mbed Studio\mbed-studio-tools\ac6\bin\..\lib\armlib\mc_w.l(entry4.o)
    0x080001e4   0x0000005c   Code   RO         2224    .text               BUILD/DISCO_F746NG/ARMC6/mbed-os/platform/source/TARGET_CORTEX_M/TOOLCHAIN_ARM/except.o
    0x08000240   0x00000024   Code   RO         8159    .text               BUILD/DISCO_F746NG/ARMC6/mbed-os/targets/TARGET_STM/TARGET_STM32F7/TARGET_STM32F746xG/TOOLCHAIN_ARM/startup_stm32f746xx.o
    0x08000264   0x00000020   Code   RO         9363    .text               c:\Users\samet\AppData\Local\Mbed Studio\mbed-studio-tools\ac6\bin\..\lib\armlib\mc_w.l(initio_oe.o)
    0x08000284   0x0000002c   Code   RO         9365    .text               c:\Users\samet\AppData\Local\Mbed Studio\mbed-studio-tools\ac6\bin\..\lib\armlib\mc_w.l(puts_e.o)
    0x080002b0   0x00000028   Code   RO         9369    .text               c:\Users\samet\AppData\Local\Mbed Studio\mbed-studio-tools\ac6\bin\..\lib\armlib\mc_w.l(fputc_fp.o)
    0x080002d8   0x00000062   Code   RO         9379    .text               c:\Users\samet\AppData\Local\Mbed Studio\mbed-studio-tools\ac6\bin\..\lib\armlib\mc_w.l(uldiv.o)
    0x0800033a   0x00000024   Code   RO         9383    .text               c:\Users\samet\AppData\Local\Mbed Studio\mbed-studio-tools\ac6\bin\..\lib\armlib\mc_w.l(memcpya.o)
    0x0800035e   0x00000024   Code   RO         9385    .text               c:\Users\samet\AppData\Local\Mbed Studio\mbed-studio-tools\ac6\bin\..\lib\armlib\mc_w.l(memseta.o)
    0x08000382   0x0000001c   Code   RO         9393    .text               c:\Users\samet\AppData\Local\Mbed Studio\mbed-studio-tools\ac6\bin\..\lib\armlib\mc_w.l(strcmp.o)
    0x0800039e   0x00000002   PAD
    0x080003a0   0x00000020   Code   RO         9706    .text               c:\Users\samet\AppData\Local\Mbed Studio\mbed-studio-tools\ac6\bin\..\lib\armlib\mc_w.l(cpp_init.o)
    0x080003c0   0x0000014e   Code   RO         9708    .text               c:\Users\samet\AppData\Local\Mbed Studio\mbed-studio-tools\ac6\bin\..\lib\armlib\mf_w.l(dadd.o)
    0x0800050e   0x000000e4   Code   RO         9710    .text               c:\Users\samet\AppData\Local\Mbed Studio\mbed-studio-tools\ac6\bin\..\lib\armlib\mf_w.l(dmul.o)
    0x080005f2   0x00000026   Code   RO         9726    .text               c:\Users\samet\AppData\Local\Mbed Studio\mbed-studio-tools\ac6\bin\..\lib\armlib\mf_w.l(f2d.o)
    0x08000618   0x0000002c   Code   RO         9775    .text               c:\Users\samet\AppData\Local\Mbed Studio\mbed-studio-tools\ac6\bin\..\lib\armlib\mc_w.l(uidiv.o)
    0x08000644   0x0000001e   Code   RO         9777    .text               c:\Users\samet\AppData\Local\Mbed Studio\mbed-studio-tools\ac6\bin\..\lib\armlib\mc_w.l(llshl.o)
    0x08000662   0x00000020   Code   RO         9779    .text               c:\Users\samet\AppData\Local\Mbed Studio\mbed-studio-tools\ac6\bin\..\lib\armlib\mc_w.l(llushr.o)
    0x08000682   0x00000024   Code   RO         9781    .text               c:\Users\samet\AppData\Local\Mbed Studio\mbed-studio-tools\ac6\bin\..\lib\armlib\mc_w.l(llsshr.o)
    0x080006a6   0x00000000   Code   RO         9803    .text               c:\Users\samet\AppData\Local\Mbed Studio\mbed-studio-tools\ac6\bin\..\lib\armlib\mc_w.l(iusefp.o)
    0x080006a6   0x000000ba   Code   RO         9811    .text               c:\Users\samet\AppData\Local\Mbed Studio\mbed-studio-tools\ac6\bin\..\lib\armlib\mf_w.l(depilogue.o)
    0x08000760   0x000000de   Code   RO         9813    .text               c:\Users\samet\AppData\Local\Mbed Studio\mbed-studio-tools\ac6\bin\..\lib\armlib\mf_w.l(ddiv.o)
    0x0800083e   0x00000030   Code   RO         9815    .text               c:\Users\samet\AppData\Local\Mbed Studio\mbed-studio-tools\ac6\bin\..\lib\armlib\mf_w.l(dfixul.o)
    0x0800086e   0x00000002   PAD
    0x08000870   0x00000030   Code   RO         9817    .text               c:\Users\samet\AppData\Local\Mbed Studio\mbed-studio-tools\ac6\bin\..\lib\armlib\mf_w.l(cdrcmple.o)
    0x080008a0   0x00000024   Code   RO         9827    .text               c:\Users\samet\AppData\Local\Mbed Studio\mbed-studio-tools\ac6\bin\..\lib\armlib\mc_w.l(init.o)
    0x080008c4   0x00000004   PAD
    0x080008c8   0x00000002   Code   RO         2839    .text.$Sub$$__cpp_initialize__aeabi_  BUILD/DISCO_F746NG/ARMC6/mbed-os/platform/source/mbed_sdk_boot.o
    0x080008ca   0x00000006   PAD
    0x080008d0   0x00000060   Code   RO         2845    .text.$Sub$$main    BUILD/DISCO_F746NG/ARMC6/mbed-os/platform/source/mbed_sdk_boot.o
    0x08000930   0x00000108   Code   RO         3750    .text.ADC_Init      BUILD/DISCO_F746NG/ARMC6/mbed-os/targets/TARGET_STM/TARGET_STM32F7/STM32Cube_FW/STM32F7xx_HAL_Driver/stm32f7xx_hal_adc.o
    0x08000a38   0x00000012   Code   RO         8519    .text.CAN1_RX0_IRQHandler  BUILD/DISCO_F746NG/ARMC6/mbed-os/targets/TARGET_STM/can_api.o
    0x08000a4a   0x00000006   PAD
    0x08000a50   0x00000012   Code   RO         8525    .text.CAN1_SCE_IRQHandler  BUILD/DISCO_F746NG/ARMC6/mbed-os/targets/TARGET_STM/can_api.o
    0x08000a62   0x00000006   PAD
    0x08000a68   0x00000012   Code   RO         8523    .text.CAN1_TX_IRQHandler  BUILD/DISCO_F746NG/ARMC6/mbed-os/targets/TARGET_STM/can_api.o
    0x08000a7a   0x00000006   PAD
    0x08000a80   0x00000012   Code   RO         8527    .text.CAN2_RX0_IRQHandler  BUILD/DISCO_F746NG/ARMC6/mbed-os/targets/TARGET_STM/can_api.o
    0x08000a92   0x00000006   PAD
    0x08000a98   0x00000012   Code   RO         8531    .text.CAN2_SCE_IRQHandler  BUILD/DISCO_F746NG/ARMC6/mbed-os/targets/TARGET_STM/can_api.o
    0x08000aaa   0x00000006   PAD
    0x08000ab0   0x00000012   Code   RO         8529    .text.CAN2_TX_IRQHandler  BUILD/DISCO_F746NG/ARMC6/mbed-os/targets/TARGET_STM/can_api.o
    0x08000ac2   0x00000006   PAD
    0x08000ac8   0x0000014e   Code   RO         3790    .text.HAL_ADC_ConfigChannel  BUILD/DISCO_F746NG/ARMC6/mbed-os/targets/TARGET_STM/TARGET_STM32F7/STM32Cube_FW/STM32F7xx_HAL_Driver/stm32f7xx_hal_adc.o
    0x08000c16   0x00000002   PAD
    0x08000c18   0x00000006   Code   RO         3786    .text.HAL_ADC_GetValue  BUILD/DISCO_F746NG/ARMC6/mbed-os/targets/TARGET_STM/TARGET_STM32F7/STM32Cube_FW/STM32F7xx_HAL_Driver/stm32f7xx_hal_adc.o
    0x08000c1e   0x00000002   PAD
    0x08000c20   0x0000004e   Code   RO         3746    .text.HAL_ADC_Init  BUILD/DISCO_F746NG/ARMC6/mbed-os/targets/TARGET_STM/TARGET_STM32F7/STM32Cube_FW/STM32F7xx_HAL_Driver/stm32f7xx_hal_adc.o
    0x08000c6e   0x00000002   PAD
    0x08000c70   0x00000002   Code   RO         3748    .text.HAL_ADC_MspInit  BUILD/DISCO_F746NG/ARMC6/mbed-os/targets/TARGET_STM/TARGET_STM32F7/STM32Cube_FW/STM32F7xx_HAL_Driver/stm32f7xx_hal_adc.o
    0x08000c72   0x00000006   PAD
    0x08000c78   0x000000be   Code   RO         3760    .text.HAL_ADC_PollForConversion  BUILD/DISCO_F746NG/ARMC6/mbed-os/targets/TARGET_STM/TARGET_STM32F7/STM32Cube_FW/STM32F7xx_HAL_Driver/stm32f7xx_hal_adc.o
    0x08000d36   0x00000002   PAD
    0x08000d38   0x00000110   Code   RO         3756    .text.HAL_ADC_Start  BUILD/DISCO_F746NG/ARMC6/mbed-os/targets/TARGET_STM/TARGET_STM32F7/STM32Cube_FW/STM32F7xx_HAL_Driver/stm32f7xx_hal_adc.o
    0x08000e48   0x0000009c   Code   RO         8637    .text.HAL_GetTick   BUILD/DISCO_F746NG/ARMC6/mbed-os/targets/TARGET_STM/hal_tick_overrides.o
    0x08000ee4   0x00000004   PAD
    0x08000ee8   0x0000002e   Code   RO         3677    .text.HAL_Init      BUILD/DISCO_F746NG/ARMC6/mbed-os/targets/TARGET_STM/TARGET_STM32F7/STM32Cube_FW/STM32F7xx_HAL_Driver/stm32f7xx_hal.o
    0x08000f16   0x00000002   PAD
    0x08000f18   0x0000000a   Code   RO         8635    .text.HAL_InitTick  BUILD/DISCO_F746NG/ARMC6/mbed-os/targets/TARGET_STM/hal_tick_overrides.o
    0x08000f22   0x00000006   PAD
    0x08000f28   0x00000056   Code   RO         4950    .text.HAL_LPTIM_Counter_Start  BUILD/DISCO_F746NG/ARMC6/mbed-os/targets/TARGET_STM/TARGET_STM32F7/STM32Cube_FW/STM32F7xx_HAL_Driver/stm32f7xx_hal_lptim.o
    0x08000f7e   0x00000002   PAD
    0x08000f80   0x000000c2   Code   RO         4896    .text.HAL_LPTIM_Init  BUILD/DISCO_F746NG/ARMC6/mbed-os/targets/TARGET_STM/TARGET_STM32F7/STM32Cube_FW/STM32F7xx_HAL_Driver/stm32f7xx_hal_lptim.o
    0x08001042   0x00000006   PAD
    0x08001048   0x00000002   Code   RO         4898    .text.HAL_LPTIM_MspInit  BUILD/DISCO_F746NG/ARMC6/mbed-os/targets/TARGET_STM/TARGET_STM32F7/STM32Cube_FW/STM32F7xx_HAL_Driver/stm32f7xx_hal_lptim.o
    0x0800104a   0x00000006   PAD
    0x08001050   0x00000002   Code   RO         3681    .text.HAL_MspInit   BUILD/DISCO_F746NG/ARMC6/mbed-os/targets/TARGET_STM/TARGET_STM32F7/STM32Cube_FW/STM32F7xx_HAL_Driver/stm32f7xx_hal.o
    0x08001052   0x00000006   PAD
    0x08001058   0x00000008   Code   RO         3881    .text.HAL_NVIC_SetPriorityGrouping  BUILD/DISCO_F746NG/ARMC6/mbed-os/targets/TARGET_STM/TARGET_STM32F7/STM32Cube_FW/STM32F7xx_HAL_Driver/stm32f7xx_hal_cortex.o
    0x08001060   0x00000076   Code   RO         5421    .text.HAL_PWREx_EnableOverDrive  BUILD/DISCO_F746NG/ARMC6/mbed-os/targets/TARGET_STM/TARGET_STM32F7/STM32Cube_FW/STM32F7xx_HAL_Driver/stm32f7xx_hal_pwr_ex.o
    0x080010d6   0x00000002   PAD
    0x080010d8   0x00000012   Code   RO         5365    .text.HAL_PWR_EnableBkUpAccess  BUILD/DISCO_F746NG/ARMC6/mbed-os/targets/TARGET_STM/TARGET_STM32F7/STM32Cube_FW/STM32F7xx_HAL_Driver/stm32f7xx_hal_pwr.o
    0x080010ea   0x00000006   PAD
    0x080010f0   0x00000028   Code   RO         5379    .text.HAL_PWR_EnterSLEEPMode  BUILD/DISCO_F746NG/ARMC6/mbed-os/targets/TARGET_STM/TARGET_STM32F7/STM32Cube_FW/STM32F7xx_HAL_Driver/stm32f7xx_hal_pwr.o
    0x08001118   0x0000055e   Code   RO         5567    .text.HAL_RCCEx_PeriphCLKConfig  BUILD/DISCO_F746NG/ARMC6/mbed-os/targets/TARGET_STM/TARGET_STM32F7/STM32Cube_FW/STM32F7xx_HAL_Driver/stm32f7xx_hal_rcc_ex.o
    0x08001676   0x00000002   PAD
    0x08001678   0x00000152   Code   RO         5535    .text.HAL_RCC_ClockConfig  BUILD/DISCO_F746NG/ARMC6/mbed-os/targets/TARGET_STM/TARGET_STM32F7/STM32Cube_FW/STM32F7xx_HAL_Driver/stm32f7xx_hal_rcc.o
    0x080017ca   0x00000006   PAD
    0x080017d0   0x0000003e   Code   RO         5553    .text.HAL_RCC_GetClockConfig  BUILD/DISCO_F746NG/ARMC6/mbed-os/targets/TARGET_STM/TARGET_STM32F7/STM32Cube_FW/STM32F7xx_HAL_Driver/stm32f7xx_hal_rcc.o
    0x0800180e   0x00000002   PAD
    0x08001810   0x0000000c   Code   RO         5545    .text.HAL_RCC_GetHCLKFreq  BUILD/DISCO_F746NG/ARMC6/mbed-os/targets/TARGET_STM/TARGET_STM32F7/STM32Cube_FW/STM32F7xx_HAL_Driver/stm32f7xx_hal_rcc.o
    0x0800181c   0x00000004   PAD
    0x08001820   0x00000022   Code   RO         5547    .text.HAL_RCC_GetPCLK1Freq  BUILD/DISCO_F746NG/ARMC6/mbed-os/targets/TARGET_STM/TARGET_STM32F7/STM32Cube_FW/STM32F7xx_HAL_Driver/stm32f7xx_hal_rcc.o
    0x08001842   0x00000006   PAD
    0x08001848   0x00000022   Code   RO         5549    .text.HAL_RCC_GetPCLK2Freq  BUILD/DISCO_F746NG/ARMC6/mbed-os/targets/TARGET_STM/TARGET_STM32F7/STM32Cube_FW/STM32F7xx_HAL_Driver/stm32f7xx_hal_rcc.o
    0x0800186a   0x00000006   PAD
    0x08001870   0x0000006a   Code   RO         5537    .text.HAL_RCC_GetSysClockFreq  BUILD/DISCO_F746NG/ARMC6/mbed-os/targets/TARGET_STM/TARGET_STM32F7/STM32Cube_FW/STM32F7xx_HAL_Driver/stm32f7xx_hal_rcc.o
    0x080018da   0x00000006   PAD
    0x080018e0   0x00000344   Code   RO         5533    .text.HAL_RCC_OscConfig  BUILD/DISCO_F746NG/ARMC6/mbed-os/targets/TARGET_STM/TARGET_STM32F7/STM32Cube_FW/STM32F7xx_HAL_Driver/stm32f7xx_hal_rcc.o
    0x08001c24   0x00000004   PAD
    0x08001c28   0x00000060   Code   RO         6465    .text.HAL_TIM_OC_Init  BUILD/DISCO_F746NG/ARMC6/mbed-os/targets/TARGET_STM/TARGET_STM32F7/STM32Cube_FW/STM32F7xx_HAL_Driver/stm32f7xx_hal_tim.o
    0x08001c88   0x00000002   Code   RO         6467    .text.HAL_TIM_OC_MspInit  BUILD/DISCO_F746NG/ARMC6/mbed-os/targets/TARGET_STM/TARGET_STM32F7/STM32Cube_FW/STM32F7xx_HAL_Driver/stm32f7xx_hal_tim.o
    0x08001c8a   0x00000006   PAD
    0x08001c90   0x0000015e   Code   RO         6473    .text.HAL_TIM_OC_Start  BUILD/DISCO_F746NG/ARMC6/mbed-os/targets/TARGET_STM/TARGET_STM32F7/STM32Cube_FW/STM32F7xx_HAL_Driver/stm32f7xx_hal_tim.o
    0x08001dee   0x00000002   PAD
    0x08001df0   0x0000005e   Code   RO         6783    .text.HAL_UART_Init  BUILD/DISCO_F746NG/ARMC6/mbed-os/targets/TARGET_STM/TARGET_STM32F7/STM32Cube_FW/STM32F7xx_HAL_Driver/stm32f7xx_hal_uart.o
    0x08001e4e   0x00000002   PAD
    0x08001e50   0x00000002   Code   RO         6785    .text.HAL_UART_MspInit  BUILD/DISCO_F746NG/ARMC6/mbed-os/targets/TARGET_STM/TARGET_STM32F7/STM32Cube_FW/STM32F7xx_HAL_Driver/stm32f7xx_hal_uart.o
    0x08001e52   0x00000006   PAD
    0x08001e58   0x00000012   Code   RO         8166    .text.LL_ADC_SetCommonPathInternalCh  BUILD/DISCO_F746NG/ARMC6/mbed-os/targets/TARGET_STM/TARGET_STM32F7/analogin_device.o
    0x08001e6a   0x00000006   PAD
    0x08001e70   0x00000016   Code   RO         8865    .text.LL_GPIO_GetPinMode  BUILD/DISCO_F746NG/ARMC6/mbed-os/targets/TARGET_STM/pinmap.o
    0x08001e86   0x00000002   PAD
    0x08001e88   0x00000026   Code   RO         8869    .text.LL_GPIO_SetAFPin_0_7  BUILD/DISCO_F746NG/ARMC6/mbed-os/targets/TARGET_STM/pinmap.o
    0x08001eae   0x00000002   PAD
    0x08001eb0   0x00000028   Code   RO         8867    .text.LL_GPIO_SetAFPin_8_15  BUILD/DISCO_F746NG/ARMC6/mbed-os/targets/TARGET_STM/pinmap.o
    0x08001ed8   0x00000026   Code   RO         8564    .text.LL_GPIO_SetPinMode  BUILD/DISCO_F746NG/ARMC6/mbed-os/targets/TARGET_STM/gpio_api.o
    0x08001efe   0x00000002   PAD
    0x08001f00   0x00000026   Code   RO         8857    .text.LL_GPIO_SetPinMode  BUILD/DISCO_F746NG/ARMC6/mbed-os/targets/TARGET_STM/pinmap.o
    0x08001f26   0x00000002   PAD
    0x08001f28   0x0000000e   Code   RO         8859    .text.LL_GPIO_SetPinOutputType  BUILD/DISCO_F746NG/ARMC6/mbed-os/targets/TARGET_STM/pinmap.o
    0x08001f36   0x00000002   PAD
    0x08001f38   0x00000026   Code   RO         8871    .text.LL_GPIO_SetPinPull  BUILD/DISCO_F746NG/ARMC6/mbed-os/targets/TARGET_STM/pinmap.o
    0x08001f5e   0x00000002   PAD
    0x08001f60   0x00000026   Code   RO         8853    .text.LL_GPIO_SetPinSpeed  BUILD/DISCO_F746NG/ARMC6/mbed-os/targets/TARGET_STM/pinmap.o
    0x08001f86   0x00000002   PAD
    0x08001f88   0x00000010   Code   RO         9069    .text.LL_PWR_GetRegulModeDS  BUILD/DISCO_F746NG/ARMC6/mbed-os/targets/TARGET_STM/sleep.o
    0x08001f98   0x00000010   Code   RO         8837    .text.LL_RCC_LSE_IsReady  BUILD/DISCO_F746NG/ARMC6/mbed-os/targets/TARGET_STM/mbed_overrides.o
    0x08001fa8   0x0000000a   Code   RO         9254    .text.LL_TIM_GenerateEvent_CC1  BUILD/DISCO_F746NG/ARMC6/mbed-os/targets/TARGET_STM/us_ticker.o
    0x08001fb2   0x00000006   PAD
    0x08001fb8   0x0000010a   Code   RO         8774    .text.LPTIM_IRQHandler  BUILD/DISCO_F746NG/ARMC6/mbed-os/targets/TARGET_STM/lp_ticker.o
    0x080020c2   0x00000006   PAD
    0x080020c8   0x00000042   Code   RO         4910    .text.LPTIM_WaitForFlag  BUILD/DISCO_F746NG/ARMC6/mbed-os/targets/TARGET_STM/TARGET_STM32F7/STM32Cube_FW/STM32F7xx_HAL_Driver/stm32f7xx_hal_lptim.o
    0x0800210a   0x00000006   PAD
    0x08002110   0x00000018   Code   RO         8839    .text.LSEDriveConfig  BUILD/DISCO_F746NG/ARMC6/mbed-os/targets/TARGET_STM/mbed_overrides.o
    0x08002128   0x00000030   Code   RO         8145    .text.SetSysClock   BUILD/DISCO_F746NG/ARMC6/mbed-os/targets/TARGET_STM/TARGET_STM32F7/TARGET_STM32F746xG/TARGET_DISCO_F746NG/system_clock.o
    0x08002158   0x000000c2   Code   RO         8147    .text.SetSysClock_PLL_HSE  BUILD/DISCO_F746NG/ARMC6/mbed-os/targets/TARGET_STM/TARGET_STM32F7/TARGET_STM32F746xG/TARGET_DISCO_F746NG/system_clock.o
    0x0800221a   0x00000006   PAD
    0x08002220   0x0000009a   Code   RO         8149    .text.SetSysClock_PLL_HSI  BUILD/DISCO_F746NG/ARMC6/mbed-os/targets/TARGET_STM/TARGET_STM32F7/TARGET_STM32F746xG/TARGET_DISCO_F746NG/system_clock.o
    0x080022ba   0x00000006   PAD
    0x080022c0   0x000001f8   Code   RO         8554    .text.Set_GPIO_Clock  BUILD/DISCO_F746NG/ARMC6/mbed-os/targets/TARGET_STM/gpio_api.o
    0x080024b8   0x0000007e   Code   RO         8103    .text.SystemCoreClockUpdate  BUILD/DISCO_F746NG/ARMC6/mbed-os/targets/TARGET_STM/TARGET_STM32F7/STM32Cube_FW/system_stm32f7xx.o
    0x08002536   0x00000002   PAD
    0x08002538   0x0000001e   Code   RO         8101    .text.SystemInit    BUILD/DISCO_F746NG/ARMC6/mbed-os/targets/TARGET_STM/TARGET_STM32F7/STM32Cube_FW/system_stm32f7xx.o
    0x08002556   0x00000002   PAD
    0x08002558   0x00000128   Code   RO         6441    .text.TIM_Base_SetConfig  BUILD/DISCO_F746NG/ARMC6/mbed-os/targets/TARGET_STM/TARGET_STM32F7/STM32Cube_FW/STM32F7xx_HAL_Driver/stm32f7xx_hal_tim.o
    0x08002680   0x0000001e   Code   RO         6475    .text.TIM_CCxChannelCmd  BUILD/DISCO_F746NG/ARMC6/mbed-os/targets/TARGET_STM/TARGET_STM32F7/STM32Cube_FW/STM32F7xx_HAL_Driver/stm32f7xx_hal_tim.o
    0x0800269e   0x00000002   PAD
    0x080026a0   0x00000002   Code   RO         8833    .text.TargetBSP_Init  BUILD/DISCO_F746NG/ARMC6/mbed-os/targets/TARGET_STM/mbed_overrides.o
    0x080026a2   0x00000006   PAD
    0x080026a8   0x000000e0   Code   RO         6789    .text.UART_AdvFeatureConfig  BUILD/DISCO_F746NG/ARMC6/mbed-os/targets/TARGET_STM/TARGET_STM32F7/STM32Cube_FW/STM32F7xx_HAL_Driver/stm32f7xx_hal_uart.o
    0x08002788   0x00000044   Code   RO         6791    .text.UART_CheckIdleState  BUILD/DISCO_F746NG/ARMC6/mbed-os/targets/TARGET_STM/TARGET_STM32F7/STM32Cube_FW/STM32F7xx_HAL_Driver/stm32f7xx_hal_uart.o
    0x080027cc   0x00000004   PAD
    0x080027d0   0x00000248   Code   RO         6787    .text.UART_SetConfig  BUILD/DISCO_F746NG/ARMC6/mbed-os/targets/TARGET_STM/TARGET_STM32F7/STM32Cube_FW/STM32F7xx_HAL_Driver/stm32f7xx_hal_uart.o
    0x08002a18   0x000000b0   Code   RO         6805    .text.UART_WaitOnFlagUntilTimeout  BUILD/DISCO_F746NG/ARMC6/mbed-os/targets/TARGET_STM/TARGET_STM32F7/STM32Cube_FW/STM32F7xx_HAL_Driver/stm32f7xx_hal_uart.o
    0x08002ac8   0x00000008   Code   RO            9    .text._GLOBAL__sub_I_main.cpp  BUILD/DISCO_F746NG/ARMC6/main.o
    0x08002ad0   0x00000004   Code   RO           60    .text._Z21core_util_atomic_loadIN4rtos5MutexEEPT_PKS3_  BUILD/DISCO_F746NG/ARMC6/mbed-os/drivers/source/AnalogIn.o
    0x08002ad4   0x00000004   PAD
    0x08002ad8   0x00000004   Code   RO           64    .text._Z22core_util_atomic_storeIN4rtos5MutexEEvPPT_S3_  BUILD/DISCO_F746NG/ARMC6/mbed-os/drivers/source/AnalogIn.o
    0x08002adc   0x00000004   PAD
    0x08002ae0   0x0000006c   Code   RO         2799    .text._Z30core_util_atomic_load_explicitIhET_PKS0_17mbed_memory_order  BUILD/DISCO_F746NG/ARMC6/mbed-os/platform/source/mbed_retarget.o
    0x08002b4c   0x00000004   PAD
    0x08002b50   0x00000034   Code   RO         2755    .text._ZL14do_serial_initv  BUILD/DISCO_F746NG/ARMC6/mbed-os/platform/source/mbed_retarget.o
    0x08002b84   0x00000004   PAD
    0x08002b88   0x00000018   Code   RO         2661    .text._ZL19do_serial_init_oncev  BUILD/DISCO_F746NG/ARMC6/mbed-os/platform/source/mbed_retarget.o
    0x08002ba0   0x00000008   Code   RO         2556    .text._ZL5sleepv    BUILD/DISCO_F746NG/ARMC6/mbed-os/platform/source/mbed_os_timer.o
    0x08002ba8   0x00000018   Code   RO         1255    .text._ZN4mbed10TimerEvent15insert_absoluteENSt3__26chrono10time_pointINS_15TickerDataClockENS2_8durationIxNS1_5ratioILx1ELx1000000EEEEEEE  BUILD/DISCO_F746NG/ARMC6/mbed-os/drivers/source/TimerEvent.o
    0x08002bc0   0x0000000a   Code   RO         1245    .text._ZN4mbed10TimerEvent3irqEj  BUILD/DISCO_F746NG/ARMC6/mbed-os/drivers/source/TimerEvent.o
    0x08002bca   0x00000006   PAD
    0x08002bd0   0x00000012   Code   RO         1249    .text._ZN4mbed10TimerEvent6removeEv  BUILD/DISCO_F746NG/ARMC6/mbed-os/drivers/source/TimerEvent.o
    0x08002be2   0x00000006   PAD
    0x08002be8   0x00000032   Code   RO         1243    .text._ZN4mbed10TimerEventC2EPK13ticker_data_t  BUILD/DISCO_F746NG/ARMC6/mbed-os/drivers/source/TimerEvent.o
    0x08002c1a   0x00000006   PAD
    0x08002c20   0x0000000a   Code   RO         1266    .text._ZN4mbed15TickerDataClock11set_handlerEPFvjE  BUILD/DISCO_F746NG/ARMC6/mbed-os/drivers/source/TimerEvent.o
    0x08002c2a   0x00000006   PAD
    0x08002c30   0x00000016   Code   RO         1270    .text._ZN4mbed15TickerDataClock12insert_eventEP14ticker_event_sNSt3__26chrono10time_pointIS0_NS4_8durationIxNS3_5ratioILx1ELx1000000EEEEEEEj  BUILD/DISCO_F746NG/ARMC6/mbed-os/drivers/source/TimerEvent.o
    0x08002c46   0x00000002   PAD
    0x08002c48   0x0000000a   Code   RO         1272    .text._ZN4mbed15TickerDataClock12remove_eventEP14ticker_event_s  BUILD/DISCO_F746NG/ARMC6/mbed-os/drivers/source/TimerEvent.o
    0x08002c52   0x00000006   PAD
    0x08002c58   0x00000004   Code   RO         1234    .text._ZN4mbed15TickerDataClockC2EPK13ticker_data_t  BUILD/DISCO_F746NG/ARMC6/mbed-os/drivers/source/Timer.o
    0x08002c5c   0x00000004   PAD
    0x08002c60   0x0000000c   Code   RO         1883    .text._ZN4mbed19CriticalSectionLockC2Ev  BUILD/DISCO_F746NG/ARMC6/mbed-os/platform/source/CriticalSectionLock.o
    0x08002c6c   0x00000004   PAD
    0x08002c70   0x0000000c   Code   RO         1885    .text._ZN4mbed19CriticalSectionLockD2Ev  BUILD/DISCO_F746NG/ARMC6/mbed-os/platform/source/CriticalSectionLock.o
    0x08002c7c   0x00000004   PAD
    0x08002c80   0x0000001a   Code   RO         2659    .text._ZN4mbed20minimal_console_putcEi  BUILD/DISCO_F746NG/ARMC6/mbed-os/platform/source/mbed_retarget.o
    0x08002c9a   0x00000006   PAD
    0x08002ca0   0x00000014   Code   RO           50    .text._ZN4mbed8AnalogIn4lockEv  BUILD/DISCO_F746NG/ARMC6/mbed-os/drivers/source/AnalogIn.o
    0x08002cb4   0x00000004   PAD
    0x08002cb8   0x00000014   Code   RO           52    .text._ZN4mbed8AnalogIn6unlockEv  BUILD/DISCO_F746NG/ARMC6/mbed-os/drivers/source/AnalogIn.o
    0x08002ccc   0x00000004   PAD
    0x08002cd0   0x00000020   Code   RO           29    .text._ZN4mbed8AnalogIn8read_u16Ev  BUILD/DISCO_F746NG/ARMC6/mbed-os/drivers/source/AnalogIn.o
    0x08002cf0   0x00000030   Code   RO           23    .text._ZN4mbed8AnalogInC2E7PinNamef  BUILD/DISCO_F746NG/ARMC6/mbed-os/drivers/source/AnalogIn.o
    0x08002d20   0x0000000c   Code   RO           48    .text._ZN4mbed8AnalogInD0Ev  BUILD/DISCO_F746NG/ARMC6/mbed-os/drivers/source/AnalogIn.o
    0x08002d2c   0x00000004   PAD
    0x08002d30   0x00000028   Code   RO           46    .text._ZN4mbed8AnalogInD2Ev  BUILD/DISCO_F746NG/ARMC6/mbed-os/drivers/source/AnalogIn.o
    0x08002d58   0x0000002a   Code   RO         2548    .text._ZN4mbed8internal13init_os_timerEv  BUILD/DISCO_F746NG/ARMC6/mbed-os/platform/source/mbed_os_timer.o
    0x08002d82   0x00000006   PAD
    0x08002d88   0x00000056   Code   RO         2569    .text._ZN4mbed8internal18do_sleep_operationINS0_18timed_predicate_opEEEvRT_  BUILD/DISCO_F746NG/ARMC6/mbed-os/platform/source/mbed_os_timer.o
    0x08002dde   0x00000002   PAD
    0x08002de0   0x00000020   Code   RO         2583    .text._ZN4mbed8internal18timed_predicate_op13sleep_prepareEv  BUILD/DISCO_F746NG/ARMC6/mbed-os/platform/source/mbed_os_timer.o
    0x08002e00   0x00000026   Code   RO         2585    .text._ZN4mbed8internal18timed_predicate_op14sleep_preparedEv  BUILD/DISCO_F746NG/ARMC6/mbed-os/platform/source/mbed_os_timer.o
    0x08002e26   0x00000002   PAD
    0x08002e28   0x00000018   Code   RO         2567    .text._ZN4mbed8internal18timed_predicate_opC2ENSt3__26chrono10time_pointINS0_7OsClockENS3_8durationIxNS2_5ratioILx1ELx1000EEEEEEEPFbPvESB_  BUILD/DISCO_F746NG/ARMC6/mbed-os/platform/source/mbed_os_timer.o
    0x08002e40   0x00000016   Code   RO         2571    .text._ZN4mbed8internal18timed_predicate_opD2Ev  BUILD/DISCO_F746NG/ARMC6/mbed-os/platform/source/mbed_os_timer.o
    0x08002e56   0x00000002   PAD
    0x08002e58   0x0000004e   Code   RO         2554    .text._ZN4mbed8internal34do_timed_sleep_relative_or_foreverENSt3__26chrono8durationIjNS1_5ratioILx1ELx1000EEEEEPFbPvES7_  BUILD/DISCO_F746NG/ARMC6/mbed-os/platform/source/mbed_os_timer.o
    0x08002ea6   0x00000002   PAD
    0x08002ea8   0x00000016   Code   RO         2587    .text._ZN4mbed8internal7OsClock13set_wake_timeENSt3__26chrono10time_pointIS1_NS3_8durationIxNS2_5ratioILx1ELx1000EEEEEEE  BUILD/DISCO_F746NG/ARMC6/mbed-os/platform/source/mbed_os_timer.o
    0x08002ebe   0x00000002   PAD
    0x08002ec0   0x0000001e   Code   RO         2579    .text._ZN4mbed8internal7OsClock3nowEv  BUILD/DISCO_F746NG/ARMC6/mbed-os/platform/source/mbed_os_timer.o
    0x08002ede   0x00000002   PAD
    0x08002ee0   0x00000044   Code   RO         2087    .text._ZN4mbed8internal8SysTimerINSt3__25ratioILx1ELx1000EEELb1EE11cancel_wakeEv  BUILD/DISCO_F746NG/ARMC6/mbed-os/platform/source/SysTimer.o
    0x08002f24   0x00000004   PAD
    0x08002f28   0x000000f8   Code   RO         2091    .text._ZN4mbed8internal8SysTimerINSt3__25ratioILx1ELx1000EEELb1EE13set_wake_timeENS2_6chrono10time_pointIS5_NS6_8durationIyS4_EEEE  BUILD/DISCO_F746NG/ARMC6/mbed-os/platform/source/SysTimer.o
    0x08003020   0x00000014   Code   RO         2107    .text._ZN4mbed8internal8SysTimerINSt3__25ratioILx1ELx1000EEELb1EE14_schedule_tickEv  BUILD/DISCO_F746NG/ARMC6/mbed-os/platform/source/SysTimer.o
    0x08003034   0x00000004   PAD
    0x08003038   0x00000026   Code   RO         2127    .text._ZN4mbed8internal8SysTimerINSt3__25ratioILx1ELx1000EEELb1EE15_increment_tickEv  BUILD/DISCO_F746NG/ARMC6/mbed-os/platform/source/SysTimer.o
    0x0800305e   0x00000002   PAD
    0x08003060   0x00000010   Code   RO         2105    .text._ZN4mbed8internal8SysTimerINSt3__25ratioILx1ELx1000EEELb1EE16_set_irq_pendingEv  BUILD/DISCO_F746NG/ARMC6/mbed-os/platform/source/SysTimer.o
    0x08003070   0x00000074   Code   RO         2093    .text._ZN4mbed8internal8SysTimerINSt3__25ratioILx1ELx1000EEELb1EE19update_and_get_tickEv  BUILD/DISCO_F746NG/ARMC6/mbed-os/platform/source/SysTimer.o
    0x080030e4   0x00000004   PAD
    0x080030e8   0x00000046   Code   RO         2125    .text._ZN4mbed8internal8SysTimerINSt3__25ratioILx1ELx1000EEELb1EE7handlerEv  BUILD/DISCO_F746NG/ARMC6/mbed-os/platform/source/SysTimer.o
    0x0800312e   0x00000002   PAD
    0x08003130   0x0000003a   Code   RO         2081    .text._ZN4mbed8internal8SysTimerINSt3__25ratioILx1ELx1000EEELb1EEC2EPK13ticker_data_t  BUILD/DISCO_F746NG/ARMC6/mbed-os/platform/source/SysTimer.o
    0x0800316a   0x00000006   PAD
    0x08003170   0x00000006   Code   RO         2803    .text._ZN4mstd4impl6INVOKEIRFvvEJEEENSt3__29enable_ifIXoontsr3std17is_member_pointerINS4_5decayIT_E4typeEEE5valueaasr3std24is_member_object_pointerIS9_EE5valuenesZfp0_Li1EEDTclclsr3stdE7forwardIS7_Efp_Espclsr3stdE7forwardIT0_Efp0_EEEE4typeEOS7_DpOSA_  BUILD/DISCO_F746NG/ARMC6/mbed-os/platform/source/mbed_retarget.o
    0x08003176   0x00000002   PAD
    0x08003178   0x00000008   Code   RO         2801    .text._ZN4mstd6invokeIRFvvEJEEENS_13invoke_resultIT_JDpT0_EE4typeEOS4_DpOS5_  BUILD/DISCO_F746NG/ARMC6/mbed-os/platform/source/mbed_retarget.o
    0x08003180   0x0000002a   Code   RO         2797    .text._ZN4mstd9call_onceIRFvvEJEEEvRNS_9once_flagEOT_DpOT0_  BUILD/DISCO_F746NG/ARMC6/mbed-os/platform/source/mbed_retarget.o
    0x080031aa   0x00000006   PAD
    0x080031b0   0x00000002   Code   RO           56    .text._ZN4rtos5Mutex4lockEv  BUILD/DISCO_F746NG/ARMC6/mbed-os/drivers/source/AnalogIn.o
    0x080031b2   0x00000006   PAD
    0x080031b8   0x00000002   Code   RO           66    .text._ZN4rtos5Mutex6unlockEv  BUILD/DISCO_F746NG/ARMC6/mbed-os/drivers/source/AnalogIn.o
    0x080031ba   0x00000006   PAD
    0x080031c0   0x00000002   Code   RO           62    .text._ZN4rtos5MutexC2Ev  BUILD/DISCO_F746NG/ARMC6/mbed-os/drivers/source/AnalogIn.o
    0x080031c2   0x00000006   PAD
    0x080031c8   0x00000044   Code   RO         1002    .text._ZNK12SingletonPtrIN4rtos5MutexEE3getEv  BUILD/DISCO_F746NG/ARMC6/mbed-os/drivers/source/SPI.o
    0x0800320c   0x00000004   PAD
    0x08003210   0x00000008   Code   RO           54    .text._ZNK12SingletonPtrIN4rtos5MutexEEptEv  BUILD/DISCO_F746NG/ARMC6/mbed-os/drivers/source/AnalogIn.o
    0x08003218   0x00000010   Code   RO         1164    .text._ZNK4mbed15TickerDataClock3nowEv  BUILD/DISCO_F746NG/ARMC6/mbed-os/drivers/source/Ticker.o
    0x08003228   0x00000004   Code   RO         2097    .text._ZNK4mbed15TickerDataClockptEv  BUILD/DISCO_F746NG/ARMC6/mbed-os/platform/source/SysTimer.o
    0x0800322c   0x00000004   PAD
    0x08003230   0x00000020   Code   RO         2581    .text._ZNK4mbed8internal18timed_predicate_op14wake_conditionEv  BUILD/DISCO_F746NG/ARMC6/mbed-os/platform/source/mbed_os_timer.o
    0x08003250   0x00000006   Code   RO         2101    .text._ZNK4mbed8internal8SysTimerINSt3__25ratioILx1ELx1000EEELb1EE13wake_time_setEv  BUILD/DISCO_F746NG/ARMC6/mbed-os/platform/source/SysTimer.o
    0x08003256   0x00000002   PAD
    0x08003258   0x00000066   Code   RO         2119    .text._ZNK4mbed8internal8SysTimerINSt3__25ratioILx1ELx1000EEELb1EE14_elapsed_ticksEv  BUILD/DISCO_F746NG/ARMC6/mbed-os/platform/source/SysTimer.o
    0x080032be   0x00000002   PAD
    0x080032c0   0x00000006   Code   RO         2099    .text._ZNK4mbed8internal8SysTimerINSt3__25ratioILx1ELx1000EEELb1EE16wake_time_passedEv  BUILD/DISCO_F746NG/ARMC6/mbed-os/platform/source/SysTimer.o
    0x080032c6   0x00000002   PAD
    0x080032c8   0x00000012   Code   RO         2095    .text._ZNK4mbed8internal8SysTimerINSt3__25ratioILx1ELx1000EEELb1EE8get_tickEv  BUILD/DISCO_F746NG/ARMC6/mbed-os/platform/source/SysTimer.o
    0x080032da   0x00000006   PAD
    0x080032e0   0x00000008   Code   RO         2739    .text._ZdlPv        BUILD/DISCO_F746NG/ARMC6/mbed-os/platform/source/mbed_retarget.o
    0x080032e8   0x00000010   Code   RO         8790    .text.__NVIC_ClearPendingIRQ  BUILD/DISCO_F746NG/ARMC6/mbed-os/targets/TARGET_STM/lp_ticker.o
    0x080032f8   0x00000018   Code   RO         8788    .text.__NVIC_DisableIRQ  BUILD/DISCO_F746NG/ARMC6/mbed-os/targets/TARGET_STM/lp_ticker.o
    0x08003310   0x00000010   Code   RO         8780    .text.__NVIC_EnableIRQ  BUILD/DISCO_F746NG/ARMC6/mbed-os/targets/TARGET_STM/lp_ticker.o
    0x08003320   0x00000010   Code   RO         9244    .text.__NVIC_EnableIRQ  BUILD/DISCO_F746NG/ARMC6/mbed-os/targets/TARGET_STM/us_ticker.o
    0x08003330   0x00000010   Code   RO         8786    .text.__NVIC_SetPendingIRQ  BUILD/DISCO_F746NG/ARMC6/mbed-os/targets/TARGET_STM/lp_ticker.o
    0x08003340   0x00000020   Code   RO         3883    .text.__NVIC_SetPriorityGrouping  BUILD/DISCO_F746NG/ARMC6/mbed-os/targets/TARGET_STM/TARGET_STM32F7/STM32Cube_FW/STM32F7xx_HAL_Driver/stm32f7xx_hal_cortex.o
    0x08003360   0x0000001c   Code   RO         8772    .text.__NVIC_SetVector  BUILD/DISCO_F746NG/ARMC6/mbed-os/targets/TARGET_STM/lp_ticker.o
    0x0800337c   0x00000004   PAD
    0x08003380   0x0000001c   Code   RO         9242    .text.__NVIC_SetVector  BUILD/DISCO_F746NG/ARMC6/mbed-os/targets/TARGET_STM/us_ticker.o
    0x0800339c   0x00000004   PAD
    0x080033a0   0x0000005c   Code   RO         2725    .text.__cxa_guard_acquire  BUILD/DISCO_F746NG/ARMC6/mbed-os/platform/source/mbed_retarget.o
    0x080033fc   0x00000004   PAD
    0x08003400   0x00000032   Code   RO         2727    .text.__cxa_guard_release  BUILD/DISCO_F746NG/ARMC6/mbed-os/platform/source/mbed_retarget.o
    0x08003432   0x00000002   PAD
    0x08003434   0x00000028   Code   RO         9345    .text.__cxa_pure_virtual  c:\Users\samet\AppData\Local\Mbed Studio\mbed-studio-tools\ac6\bin\..\lib\libcxx\libcppabi_w.l(cxa_virtual.cpp.o)
    0x0800345c   0x00000004   PAD
    0x08003460   0x0000001c   Code   RO            5    .text.__cxx_global_var_init  BUILD/DISCO_F746NG/ARMC6/main.o
    0x0800347c   0x00000004   PAD
    0x08003480   0x00000008   Code   RO         2685    .text.__user_setup_stackheap  BUILD/DISCO_F746NG/ARMC6/mbed-os/platform/source/mbed_retarget.o
    0x08003488   0x00000030   Code   RO         1507    .text._gpio_init_out  BUILD/DISCO_F746NG/ARMC6/mbed-os/hal/source/mbed_gpio.o
    0x080034b8   0x00000034   Code   RO         2683    .text._mbed_user_setup_stackheap  BUILD/DISCO_F746NG/ARMC6/mbed-os/platform/source/mbed_retarget.o
    0x080034ec   0x00000004   PAD
    0x080034f0   0x00000008   Code   RO         2843    .text._platform_post_stackheap_init  BUILD/DISCO_F746NG/ARMC6/mbed-os/platform/source/mbed_sdk_boot.o
    0x080034f8   0x00000228   Code   RO         9020    .text._serial_init_direct  BUILD/DISCO_F746NG/ARMC6/mbed-os/targets/TARGET_STM/serial_api.o
    0x08003720   0x00000028   Code   RO         2651    .text._sys_open     BUILD/DISCO_F746NG/ARMC6/mbed-os/platform/source/mbed_retarget.o
    0x08003748   0x00000006   Code   RO         2677    .text._sys_seek     BUILD/DISCO_F746NG/ARMC6/mbed-os/platform/source/mbed_retarget.o
    0x0800374e   0x00000002   PAD
    0x08003750   0x000000fc   Code   RO         2655    .text._sys_write    BUILD/DISCO_F746NG/ARMC6/mbed-os/platform/source/mbed_retarget.o
    0x0800384c   0x00000004   PAD
    0x08003850   0x00000030   Code   RO         1612    .text._ticker_match_interval_passed  BUILD/DISCO_F746NG/ARMC6/mbed-os/hal/source/mbed_ticker_api.o
    0x08003880   0x00000008   Code   RO         2894    .text._wait_us_inline  BUILD/DISCO_F746NG/ARMC6/mbed-os/platform/source/mbed_wait_api_no_rtos.o
    0x08003888   0x00000016   Code   RO         2896    .text._wait_us_ticks  BUILD/DISCO_F746NG/ARMC6/mbed-os/platform/source/mbed_wait_api_no_rtos.o
    0x0800389e   0x00000004   Code   RO         9748    .text.abort_message  c:\Users\samet\AppData\Local\Mbed Studio\mbed-studio-tools\ac6\bin\..\lib\libcxx\libcppabi_w.l(abort_message.cpp.o)
    0x080038a2   0x00000006   PAD
    0x080038a8   0x000000ec   Code   RO         8164    .text.adc_read      BUILD/DISCO_F746NG/ARMC6/mbed-os/targets/TARGET_STM/TARGET_STM32F7/analogin_device.o
    0x08003994   0x00000004   PAD
    0x08003998   0x00000002   Code   RO         1455    .text.analogin_free  BUILD/DISCO_F746NG/ARMC6/mbed-os/hal/source/mbed_compat.o
    0x0800399a   0x00000006   PAD
    0x080039a0   0x000001a4   Code   RO         8162    .text.analogin_init  BUILD/DISCO_F746NG/ARMC6/mbed-os/targets/TARGET_STM/TARGET_STM32F7/analogin_device.o
    0x08003b44   0x00000004   PAD
    0x08003b48   0x00000012   Code   RO         8451    .text.analogin_read_u16  BUILD/DISCO_F746NG/ARMC6/mbed-os/targets/TARGET_STM/analogin_api.o
    0x08003b5a   0x00000006   PAD
    0x08003b60   0x0000000c   Code   RO         1471    .text.are_interrupts_enabled  BUILD/DISCO_F746NG/ARMC6/mbed-os/hal/source/mbed_critical_section_api.o
    0x08003b6c   0x00000004   PAD
    0x08003b70   0x00000002   Code   RO         1668    .text.block_us_ticker_free  BUILD/DISCO_F746NG/ARMC6/mbed-os/hal/source/mbed_us_ticker_api.o
    0x08003b72   0x00000006   PAD
    0x08003b78   0x0000013c   Code   RO         8521    .text.can_irq       BUILD/DISCO_F746NG/ARMC6/mbed-os/targets/TARGET_STM/can_api.o
    0x08003cb4   0x00000004   PAD
    0x08003cb8   0x00000068   Code   RO         1652    .text.compute_tick_round_up  BUILD/DISCO_F746NG/ARMC6/mbed-os/hal/source/mbed_ticker_api.o
    0x08003d20   0x0000000c   Code   RO         2397    .text.core_util_are_interrupts_enabled  BUILD/DISCO_F746NG/ARMC6/mbed-os/platform/source/mbed_critical.o
    0x08003d2c   0x00000004   PAD
    0x08003d30   0x00000012   Code   RO         2292    .text.core_util_atomic_decr_u16  BUILD/DISCO_F746NG/ARMC6/mbed-os/platform/source/mbed_atomic_impl.o
    0x08003d42   0x00000006   PAD
    0x08003d48   0x00000010   Code   RO         2278    .text.core_util_atomic_exchange_u8  BUILD/DISCO_F746NG/ARMC6/mbed-os/platform/source/mbed_atomic_impl.o
    0x08003d58   0x00000016   Code   RO         2276    .text.core_util_atomic_flag_test_and_set  BUILD/DISCO_F746NG/ARMC6/mbed-os/platform/source/mbed_atomic_impl.o
    0x08003d6e   0x00000002   PAD
    0x08003d70   0x00000012   Code   RO         2286    .text.core_util_atomic_incr_u16  BUILD/DISCO_F746NG/ARMC6/mbed-os/platform/source/mbed_atomic_impl.o
    0x08003d82   0x00000006   PAD
    0x08003d88   0x00000016   Code   RO         2338    .text.core_util_atomic_load_u64  BUILD/DISCO_F746NG/ARMC6/mbed-os/platform/source/mbed_atomic_impl.o
    0x08003d9e   0x00000002   PAD
    0x08003da0   0x00000088   Code   RO         2403    .text.core_util_critical_section_enter  BUILD/DISCO_F746NG/ARMC6/mbed-os/platform/source/mbed_critical.o
    0x08003e28   0x0000001c   Code   RO         2405    .text.core_util_critical_section_exit  BUILD/DISCO_F746NG/ARMC6/mbed-os/platform/source/mbed_critical.o
    0x08003e44   0x00000004   PAD
    0x08003e48   0x0000000c   Code   RO         2399    .text.core_util_is_isr_active  BUILD/DISCO_F746NG/ARMC6/mbed-os/platform/source/mbed_critical.o
    0x08003e54   0x00000004   PAD
    0x08003e58   0x00000054   Code   RO         9028    .text.debug         BUILD/DISCO_F746NG/ARMC6/mbed-os/targets/TARGET_STM/serial_api.o
    0x08003eac   0x00000004   PAD
    0x08003eb0   0x00000068   Code   RO         2415    .text.error         BUILD/DISCO_F746NG/ARMC6/mbed-os/platform/source/mbed_error.o
    0x08003f18   0x00000016   Code   RO         1650    .text.exact_log2    BUILD/DISCO_F746NG/ARMC6/mbed-os/hal/source/mbed_ticker_api.o
    0x08003f2e   0x00000002   PAD
    0x08003f30   0x00000022   Code   RO         2697    .text.exit          BUILD/DISCO_F746NG/ARMC6/mbed-os/platform/source/mbed_retarget.o
    0x08003f52   0x00000006   PAD
    0x08003f58   0x0000001a   Code   RO         1648    .text.gcd           BUILD/DISCO_F746NG/ARMC6/mbed-os/hal/source/mbed_ticker_api.o
    0x08003f72   0x00000006   PAD
    0x08003f78   0x0000000a   Code   RO         1533    .text.get_lp_ticker_data  BUILD/DISCO_F746NG/ARMC6/mbed-os/hal/source/mbed_lp_ticker_api.o
    0x08003f82   0x00000006   PAD
    0x08003f88   0x000000c0   Code   RO         9048    .text.get_uart_index  BUILD/DISCO_F746NG/ARMC6/mbed-os/targets/TARGET_STM/serial_api.o
    0x08004048   0x00000016   Code   RO         8562    .text.gpio_dir      BUILD/DISCO_F746NG/ARMC6/mbed-os/targets/TARGET_STM/gpio_api.o
    0x0800405e   0x00000002   PAD
    0x08004060   0x00000046   Code   RO         8558    .text.gpio_init     BUILD/DISCO_F746NG/ARMC6/mbed-os/targets/TARGET_STM/gpio_api.o
    0x080040a6   0x00000002   PAD
    0x080040a8   0x0000000a   Code   RO         1503    .text.gpio_init_out  BUILD/DISCO_F746NG/ARMC6/mbed-os/hal/source/mbed_gpio.o
    0x080040b2   0x00000006   PAD
    0x080040b8   0x0000000c   Code   RO         1505    .text.gpio_init_out_ex  BUILD/DISCO_F746NG/ARMC6/mbed-os/hal/source/mbed_gpio.o
    0x080040c4   0x00000004   PAD
    0x080040c8   0x0000000c   Code   RO         8560    .text.gpio_mode     BUILD/DISCO_F746NG/ARMC6/mbed-os/targets/TARGET_STM/gpio_api.o
    0x080040d4   0x00000004   PAD
    0x080040d8   0x00000068   Code   RO         8556    .text.gpio_set      BUILD/DISCO_F746NG/ARMC6/mbed-os/targets/TARGET_STM/gpio_api.o
    0x08004140   0x00000014   Code   RO         1495    .text.gpio_write    BUILD/DISCO_F746NG/ARMC6/mbed-os/hal/source/mbed_gpio.o
    0x08004154   0x00000004   PAD
    0x08004158   0x00000014   Code   RO         2378    .text.gpio_write    BUILD/DISCO_F746NG/ARMC6/mbed-os/platform/source/mbed_board.o
    0x0800416c   0x00000004   PAD
    0x08004170   0x00000028   Code   RO         1469    .text.hal_critical_section_enter  BUILD/DISCO_F746NG/ARMC6/mbed-os/hal/source/mbed_critical_section_api.o
    0x08004198   0x00000088   Code   RO         1473    .text.hal_critical_section_exit  BUILD/DISCO_F746NG/ARMC6/mbed-os/hal/source/mbed_critical_section_api.o
    0x08004220   0x0000001c   Code   RO         9067    .text.hal_sleep     BUILD/DISCO_F746NG/ARMC6/mbed-os/targets/TARGET_STM/sleep.o
    0x0800423c   0x00000004   PAD
    0x08004240   0x000000ec   Code   RO         2417    .text.handle_error  BUILD/DISCO_F746NG/ARMC6/mbed-os/platform/source/mbed_error.o
    0x0800432c   0x00000004   PAD
    0x08004330   0x0000009e   Code   RO         9240    .text.init_32bit_timer  BUILD/DISCO_F746NG/ARMC6/mbed-os/targets/TARGET_STM/us_ticker.o
    0x080043ce   0x00000002   PAD
    0x080043d0   0x00000076   Code   RO         9026    .text.init_uart     BUILD/DISCO_F746NG/ARMC6/mbed-os/targets/TARGET_STM/serial_api.o
    0x08004446   0x00000002   PAD
    0x08004448   0x00000158   Code   RO         1616    .text.initialize    BUILD/DISCO_F746NG/ARMC6/mbed-os/hal/source/mbed_ticker_api.o
    0x080045a0   0x00000062   Code   RO         1630    .text.insert_event  BUILD/DISCO_F746NG/ARMC6/mbed-os/hal/source/mbed_ticker_api.o
    0x08004602   0x00000006   PAD
    0x08004608   0x0000001e   Code   RO         8782    .text.lp_ticker_clear_interrupt  BUILD/DISCO_F746NG/ARMC6/mbed-os/targets/TARGET_STM/lp_ticker.o
    0x08004626   0x00000002   PAD
    0x08004628   0x00000062   Code   RO         8770    .text.lp_ticker_disable_interrupt  BUILD/DISCO_F746NG/ARMC6/mbed-os/targets/TARGET_STM/lp_ticker.o
    0x0800468a   0x00000006   PAD
    0x08004690   0x0000002c   Code   RO         8784    .text.lp_ticker_fire_interrupt  BUILD/DISCO_F746NG/ARMC6/mbed-os/targets/TARGET_STM/lp_ticker.o
    0x080046bc   0x00000004   PAD
    0x080046c0   0x00000008   Code   RO         8792    .text.lp_ticker_free  BUILD/DISCO_F746NG/ARMC6/mbed-os/targets/TARGET_STM/lp_ticker.o
    0x080046c8   0x0000000a   Code   RO         8766    .text.lp_ticker_get_info  BUILD/DISCO_F746NG/ARMC6/mbed-os/targets/TARGET_STM/lp_ticker.o
    0x080046d2   0x00000006   PAD
    0x080046d8   0x00000184   Code   RO         8768    .text.lp_ticker_init  BUILD/DISCO_F746NG/ARMC6/mbed-os/targets/TARGET_STM/lp_ticker.o
    0x0800485c   0x00000004   PAD
    0x08004860   0x0000001e   Code   RO         1537    .text.lp_ticker_irq_handler  BUILD/DISCO_F746NG/ARMC6/mbed-os/hal/source/mbed_lp_ticker_api.o
    0x0800487e   0x00000002   PAD
    0x08004880   0x00000012   Code   RO         8776    .text.lp_ticker_read  BUILD/DISCO_F746NG/ARMC6/mbed-os/targets/TARGET_STM/lp_ticker.o
    0x08004892   0x00000006   PAD
    0x08004898   0x000000e4   Code   RO         8778    .text.lp_ticker_set_interrupt  BUILD/DISCO_F746NG/ARMC6/mbed-os/targets/TARGET_STM/lp_ticker.o
    0x0800497c   0x00000004   PAD
    0x08004980   0x000000bc   Code   RO            7    .text.main          BUILD/DISCO_F746NG/ARMC6/main.o
    0x08004a3c   0x00000004   PAD
    0x08004a40   0x0000001a   Code   RO         2267    .text.mbed_assert_internal  BUILD/DISCO_F746NG/ARMC6/mbed-os/platform/source/mbed_assert.o
    0x08004a5a   0x00000006   PAD
    0x08004a60   0x0000002c   Code   RO         2835    .text.mbed_copy_nvic  BUILD/DISCO_F746NG/ARMC6/mbed-os/platform/source/mbed_sdk_boot.o
    0x08004a8c   0x00000004   PAD
    0x08004a90   0x0000006c   Code   RO         2380    .text.mbed_die      BUILD/DISCO_F746NG/ARMC6/mbed-os/platform/source/mbed_board.o
    0x08004afc   0x00000004   PAD
    0x08004b00   0x00000036   Code   RO         2439    .text.mbed_error    BUILD/DISCO_F746NG/ARMC6/mbed-os/platform/source/mbed_error.o
    0x08004b36   0x00000002   PAD
    0x08004b38   0x00000002   Code   RO         2423    .text.mbed_error_hook  BUILD/DISCO_F746NG/ARMC6/mbed-os/platform/source/mbed_error.o
    0x08004b3a   0x00000006   PAD
    0x08004b40   0x00000004   Code   RO         2427    .text.mbed_error_initialize  BUILD/DISCO_F746NG/ARMC6/mbed-os/platform/source/mbed_error.o
    0x08004b44   0x00000004   PAD
    0x08004b48   0x00000014   Code   RO         2457    .text.mbed_error_is_hw_fault  BUILD/DISCO_F746NG/ARMC6/mbed-os/platform/source/mbed_error.o
    0x08004b5c   0x00000004   PAD
    0x08004b60   0x00000020   Code   RO         2382    .text.mbed_error_printf  BUILD/DISCO_F746NG/ARMC6/mbed-os/platform/source/mbed_board.o
    0x08004b80   0x00000052   Code   RO         2386    .text.mbed_error_puts  BUILD/DISCO_F746NG/ARMC6/mbed-os/platform/source/mbed_board.o
    0x08004bd2   0x00000006   PAD
    0x08004bd8   0x00000034   Code   RO         2384    .text.mbed_error_vprintf  BUILD/DISCO_F746NG/ARMC6/mbed-os/platform/source/mbed_board.o
    0x08004c0c   0x00000004   PAD
    0x08004c10   0x000000f8   Code   RO         2227    .text.mbed_fault_handler  BUILD/DISCO_F746NG/ARMC6/mbed-os/platform/source/TARGET_CORTEX_M/mbed_fault_handler.o
    0x08004d08   0x00000032   Code   RO         2421    .text.mbed_halt_system  BUILD/DISCO_F746NG/ARMC6/mbed-os/platform/source/mbed_error.o
    0x08004d3a   0x00000006   PAD
    0x08004d40   0x00000010   Code   RO         2837    .text.mbed_init     BUILD/DISCO_F746NG/ARMC6/mbed-os/platform/source/mbed_sdk_boot.o
    0x08004d50   0x00000002   Code   RO         2829    .text.mbed_main     BUILD/DISCO_F746NG/ARMC6/mbed-os/platform/source/mbed_sdk_boot.o
    0x08004d52   0x00000006   PAD
    0x08004d58   0x000000ce   Code   RO         8835    .text.mbed_sdk_init  BUILD/DISCO_F746NG/ARMC6/mbed-os/targets/TARGET_STM/mbed_overrides.o
    0x08004e26   0x00000002   PAD
    0x08004e28   0x00000008   Code   RO         2841    .text.mbed_toolchain_init  BUILD/DISCO_F746NG/ARMC6/mbed-os/platform/source/mbed_sdk_boot.o
    0x08004e30   0x000000c8   Code   RO         8851    .text.pin_function  BUILD/DISCO_F746NG/ARMC6/mbed-os/targets/TARGET_STM/pinmap.o
    0x08004ef8   0x0000007c   Code   RO         8863    .text.pin_mode      BUILD/DISCO_F746NG/ARMC6/mbed-os/targets/TARGET_STM/pinmap.o
    0x08004f74   0x00000004   PAD
    0x08004f78   0x00000026   Code   RO         1564    .text.pinmap_find_function  BUILD/DISCO_F746NG/ARMC6/mbed-os/hal/source/mbed_pinmap_common.o
    0x08004f9e   0x00000002   PAD
    0x08004fa0   0x00000028   Code   RO         1560    .text.pinmap_find_peripheral  BUILD/DISCO_F746NG/ARMC6/mbed-os/hal/source/mbed_pinmap_common.o
    0x08004fc8   0x00000058   Code   RO         1566    .text.pinmap_function  BUILD/DISCO_F746NG/ARMC6/mbed-os/hal/source/mbed_pinmap_common.o
    0x08005020   0x00000048   Code   RO         1558    .text.pinmap_merge  BUILD/DISCO_F746NG/ARMC6/mbed-os/hal/source/mbed_pinmap_common.o
    0x08005068   0x00000058   Code   RO         1562    .text.pinmap_peripheral  BUILD/DISCO_F746NG/ARMC6/mbed-os/hal/source/mbed_pinmap_common.o
    0x080050c0   0x00000064   Code   RO         1556    .text.pinmap_pinout  BUILD/DISCO_F746NG/ARMC6/mbed-os/hal/source/mbed_pinmap_common.o
    0x08005124   0x00000004   PAD
    0x08005128   0x0000015c   Code   RO         2229    .text.print_context_info  BUILD/DISCO_F746NG/ARMC6/mbed-os/platform/source/TARGET_CORTEX_M/mbed_fault_handler.o
    0x08005284   0x00000004   PAD
    0x08005288   0x000001b0   Code   RO         2419    .text.print_error_report  BUILD/DISCO_F746NG/ARMC6/mbed-os/platform/source/mbed_error.o
    0x08005438   0x000000d0   Code   RO         1624    .text.schedule_interrupt  BUILD/DISCO_F746NG/ARMC6/mbed-os/hal/source/mbed_ticker_api.o
    0x08005508   0x00000018   Code   RO         9024    .text.serial_baud   BUILD/DISCO_F746NG/ARMC6/mbed-os/targets/TARGET_STM/serial_api.o
    0x08005520   0x000000dc   Code   RO         9018    .text.serial_init   BUILD/DISCO_F746NG/ARMC6/mbed-os/targets/TARGET_STM/serial_api.o
    0x080055fc   0x00000004   PAD
    0x08005600   0x00000012   Code   RO         1715    .text.serial_init_direct  BUILD/DISCO_F746NG/ARMC6/mbed-os/hal/source/static_pinmap.o
    0x08005612   0x00000006   PAD
    0x08005618   0x0000002a   Code   RO         8277    .text.serial_putc   BUILD/DISCO_F746NG/ARMC6/mbed-os/targets/TARGET_STM/TARGET_STM32F7/serial_device.o
    0x08005642   0x00000006   PAD
    0x08005648   0x0000001a   Code   RO         9042    .text.serial_writable  BUILD/DISCO_F746NG/ARMC6/mbed-os/targets/TARGET_STM/serial_api.o
    0x08005662   0x00000006   PAD
    0x08005668   0x00000006   Code   RO         1618    .text.set_handler   BUILD/DISCO_F746NG/ARMC6/mbed-os/hal/source/mbed_ticker_api.o
    0x0800566e   0x00000002   PAD
    0x08005670   0x00000058   Code   RO         2614    .text.sleep_manager_lock_deep_sleep_internal  BUILD/DISCO_F746NG/ARMC6/mbed-os/platform/source/mbed_power_mgmt.o
    0x080056c8   0x00000010   Code   RO         2622    .text.sleep_manager_sleep_auto  BUILD/DISCO_F746NG/ARMC6/mbed-os/platform/source/mbed_power_mgmt.o
    0x080056d8   0x00000058   Code   RO         2616    .text.sleep_manager_unlock_deep_sleep_internal  BUILD/DISCO_F746NG/ARMC6/mbed-os/platform/source/mbed_power_mgmt.o
    0x08005730   0x00000018   Code   RO         8861    .text.stm_pin_PullConfig  BUILD/DISCO_F746NG/ARMC6/mbed-os/targets/TARGET_STM/pinmap.o
    0x08005748   0x00000022   Code   RO         8855    .text.stm_pin_SetAFPin  BUILD/DISCO_F746NG/ARMC6/mbed-os/targets/TARGET_STM/pinmap.o
    0x0800576a   0x00000006   PAD
    0x08005770   0x0000000c   Code   RO         2880    .text.thread_sleep_for  BUILD/DISCO_F746NG/ARMC6/mbed-os/platform/source/mbed_thread.o
    0x0800577c   0x00000004   PAD
    0x08005780   0x00000036   Code   RO         1632    .text.ticker_insert_event_us  BUILD/DISCO_F746NG/ARMC6/mbed-os/hal/source/mbed_ticker_api.o
    0x080057b6   0x00000002   PAD
    0x080057b8   0x0000006e   Code   RO         1620    .text.ticker_irq_handler  BUILD/DISCO_F746NG/ARMC6/mbed-os/hal/source/mbed_ticker_api.o
    0x08005826   0x00000002   PAD
    0x08005828   0x00000022   Code   RO         1638    .text.ticker_read_us  BUILD/DISCO_F746NG/ARMC6/mbed-os/hal/source/mbed_ticker_api.o
    0x0800584a   0x00000006   PAD
    0x08005850   0x00000038   Code   RO         1634    .text.ticker_remove_event  BUILD/DISCO_F746NG/ARMC6/mbed-os/hal/source/mbed_ticker_api.o
    0x08005888   0x0000001c   Code   RO         1614    .text.ticker_set_handler  BUILD/DISCO_F746NG/ARMC6/mbed-os/hal/source/mbed_ticker_api.o
    0x080058a4   0x00000004   PAD
    0x080058a8   0x00000036   Code   RO         9238    .text.timer_irq_handler  BUILD/DISCO_F746NG/ARMC6/mbed-os/targets/TARGET_STM/us_ticker.o
    0x080058de   0x00000002   PAD
    0x080058e0   0x0000008c   Code   RO         1622    .text.update_present_time  BUILD/DISCO_F746NG/ARMC6/mbed-os/hal/source/mbed_ticker_api.o
    0x0800596c   0x00000004   PAD
    0x08005970   0x00000012   Code   RO         9258    .text.us_ticker_clear_interrupt  BUILD/DISCO_F746NG/ARMC6/mbed-os/targets/TARGET_STM/us_ticker.o
    0x08005982   0x00000006   PAD
    0x08005988   0x00000014   Code   RO         9256    .text.us_ticker_disable_interrupt  BUILD/DISCO_F746NG/ARMC6/mbed-os/targets/TARGET_STM/us_ticker.o
    0x0800599c   0x00000004   PAD
    0x080059a0   0x00000022   Code   RO         9252    .text.us_ticker_fire_interrupt  BUILD/DISCO_F746NG/ARMC6/mbed-os/targets/TARGET_STM/us_ticker.o
    0x080059c2   0x00000006   PAD
    0x080059c8   0x0000000a   Code   RO         9236    .text.us_ticker_get_info  BUILD/DISCO_F746NG/ARMC6/mbed-os/targets/TARGET_STM/us_ticker.o
    0x080059d2   0x00000006   PAD
    0x080059d8   0x0000001c   Code   RO         9246    .text.us_ticker_init  BUILD/DISCO_F746NG/ARMC6/mbed-os/targets/TARGET_STM/us_ticker.o
    0x080059f4   0x00000004   PAD
    0x080059f8   0x0000001e   Code   RO         1666    .text.us_ticker_irq_handler  BUILD/DISCO_F746NG/ARMC6/mbed-os/hal/source/mbed_us_ticker_api.o
    0x08005a16   0x00000002   PAD
    0x08005a18   0x0000000c   Code   RO         9248    .text.us_ticker_read  BUILD/DISCO_F746NG/ARMC6/mbed-os/targets/TARGET_STM/us_ticker.o
    0x08005a24   0x00000004   PAD
    0x08005a28   0x0000001c   Code   RO         9250    .text.us_ticker_set_interrupt  BUILD/DISCO_F746NG/ARMC6/mbed-os/targets/TARGET_STM/us_ticker.o
    0x08005a44   0x00000004   PAD
    0x08005a48   0x0000003c   Code   RO         2657    .text.write         BUILD/DISCO_F746NG/ARMC6/mbed-os/platform/source/mbed_retarget.o
    0x08005a84   0x00000020   Code   RO         9634    i.__0printf         c:\Users\samet\AppData\Local\Mbed Studio\mbed-studio-tools\ac6\bin\..\lib\armlib\mc_w.l(printfa.o)
    0x08005aa4   0x00000018   Code   RO         9637    i.__0vfprintf       c:\Users\samet\AppData\Local\Mbed Studio\mbed-studio-tools\ac6\bin\..\lib\armlib\mc_w.l(printfa.o)
    0x08005abc   0x00000034   Code   RO         9639    i.__0vsnprintf      c:\Users\samet\AppData\Local\Mbed Studio\mbed-studio-tools\ac6\bin\..\lib\armlib\mc_w.l(printfa.o)
    0x08005af0   0x00000008   Code   RO         9690    i.__aeabi_errno_addr  c:\Users\samet\AppData\Local\Mbed Studio\mbed-studio-tools\ac6\bin\..\lib\armlib\mc_w.l(errno.o)
    0x08005af8   0x00000050   Code   RO         9675    i.__free$memalign$2region  c:\Users\samet\AppData\Local\Mbed Studio\mbed-studio-tools\ac6\bin\..\lib\armlib\mc_w.l(malloca2.o)
    0x08005b48   0x0000000e   Code   RO         9841    i.__scatterload_copy  c:\Users\samet\AppData\Local\Mbed Studio\mbed-studio-tools\ac6\bin\..\lib\armlib\mc_w.l(handlers.o)
    0x08005b56   0x00000002   Code   RO         9842    i.__scatterload_null  c:\Users\samet\AppData\Local\Mbed Studio\mbed-studio-tools\ac6\bin\..\lib\armlib\mc_w.l(handlers.o)
    0x08005b58   0x0000000e   Code   RO         9843    i.__scatterload_zeroinit  c:\Users\samet\AppData\Local\Mbed Studio\mbed-studio-tools\ac6\bin\..\lib\armlib\mc_w.l(handlers.o)
    0x08005b66   0x00000018   Code   RO         9359    i._fflush$full      c:\Users\samet\AppData\Local\Mbed Studio\mbed-studio-tools\ac6\bin\..\lib\armlib\mc_w.l(fflush_f.o)
    0x08005b7e   0x00000002   PAD
    0x08005b80   0x00000184   Code   RO         9641    i._fp_digits        c:\Users\samet\AppData\Local\Mbed Studio\mbed-studio-tools\ac6\bin\..\lib\armlib\mc_w.l(printfa.o)
    0x08005d04   0x000006dc   Code   RO         9642    i._printf_core      c:\Users\samet\AppData\Local\Mbed Studio\mbed-studio-tools\ac6\bin\..\lib\armlib\mc_w.l(printfa.o)
    0x080063e0   0x00000024   Code   RO         9643    i._printf_post_padding  c:\Users\samet\AppData\Local\Mbed Studio\mbed-studio-tools\ac6\bin\..\lib\armlib\mc_w.l(printfa.o)
    0x08006404   0x0000002e   Code   RO         9644    i._printf_pre_padding  c:\Users\samet\AppData\Local\Mbed Studio\mbed-studio-tools\ac6\bin\..\lib\armlib\mc_w.l(printfa.o)
    0x08006432   0x00000016   Code   RO         9645    i._snputc           c:\Users\samet\AppData\Local\Mbed Studio\mbed-studio-tools\ac6\bin\..\lib\armlib\mc_w.l(printfa.o)
    0x08006448   0x00000000   Data   RO         2849    .rodata             BUILD/DISCO_F746NG/ARMC6/mbed-os/platform/source/mbed_sdk_boot.o
    0x08006448   0x00000010   Data   RO         8106    .rodata.AHBPrescTable  BUILD/DISCO_F746NG/ARMC6/mbed-os/targets/TARGET_STM/TARGET_STM32F7/STM32Cube_FW/system_stm32f7xx.o
    0x08006458   0x00000008   Data   RO         8107    .rodata.APBPrescTable  BUILD/DISCO_F746NG/ARMC6/mbed-os/targets/TARGET_STM/TARGET_STM32F7/STM32Cube_FW/system_stm32f7xx.o
    0x08006460   0x0000024c   Data   RO         8116    .rodata.PinMap_ADC  BUILD/DISCO_F746NG/ARMC6/mbed-os/targets/TARGET_STM/TARGET_STM32F7/TARGET_STM32F746xG/TARGET_DISCO_F746NG/PeripheralPins.o
    0x080066ac   0x00000030   Data   RO         8117    .rodata.PinMap_ADC_Internal  BUILD/DISCO_F746NG/ARMC6/mbed-os/targets/TARGET_STM/TARGET_STM32F7/TARGET_STM32F746xG/TARGET_DISCO_F746NG/PeripheralPins.o
    0x080066dc   0x000000c0   Data   RO         8123    .rodata.PinMap_UART_RX  BUILD/DISCO_F746NG/ARMC6/mbed-os/targets/TARGET_STM/TARGET_STM32F7/TARGET_STM32F746xG/TARGET_DISCO_F746NG/PeripheralPins.o
    0x0800679c   0x000000c0   Data   RO         8122    .rodata.PinMap_UART_TX  BUILD/DISCO_F746NG/ARMC6/mbed-os/targets/TARGET_STM/TARGET_STM32F7/TARGET_STM32F746xG/TARGET_DISCO_F746NG/PeripheralPins.o
    0x0800685c   0x0000000c   Data   RO         1274    .rodata._ZTVN4mbed10TimerEventE  BUILD/DISCO_F746NG/ARMC6/mbed-os/drivers/source/TimerEvent.o
    0x08006868   0x00000018   Data   RO           68    .rodata._ZTVN4mbed8AnalogInE  BUILD/DISCO_F746NG/ARMC6/mbed-os/drivers/source/AnalogIn.o
    0x08006880   0x0000000c   Data   RO         2221    .rodata._ZTVN4mbed8internal8SysTimerINSt3__25ratioILx1ELx1000EEELb1EEE  BUILD/DISCO_F746NG/ARMC6/mbed-os/platform/source/SysTimer.o
    0x0800688c   0x00000018   Data   RO         2768    .rodata._ZZL14do_serial_initvE14console_pinmap  BUILD/DISCO_F746NG/ARMC6/mbed-os/platform/source/mbed_retarget.o
    0x080068a4   0x00000040   Data   RO         8873    .rodata.ll_pin_defines  BUILD/DISCO_F746NG/ARMC6/mbed-os/targets/TARGET_STM/pinmap.o
    0x080068e4   0x00000008   Data   RO         1539    .rodata.lp_data     BUILD/DISCO_F746NG/ARMC6/mbed-os/hal/source/mbed_lp_ticker_api.o
    0x080068ec   0x00000024   Data   RO         1541    .rodata.lp_interface  BUILD/DISCO_F746NG/ARMC6/mbed-os/hal/source/mbed_lp_ticker_api.o
    0x08006910   0x00000008   Data   RO         8794    .rodata.lp_ticker_get_info.info  BUILD/DISCO_F746NG/ARMC6/mbed-os/targets/TARGET_STM/lp_ticker.o
    0x08006918   0x00000056   Data   RO          946    .rodata.str1.1      BUILD/DISCO_F746NG/ARMC6/mbed-os/drivers/source/SPI.o
    0x0800696e   0x0000004e   Data   RO         2071    .rodata.str1.1      BUILD/DISCO_F746NG/ARMC6/mbed-os/platform/source/SysTimer.o
    0x080069bc   0x000000e0   Data   RO         2233    .rodata.str1.1      BUILD/DISCO_F746NG/ARMC6/mbed-os/platform/source/TARGET_CORTEX_M/mbed_fault_handler.o
    0x08006a9c   0x000000f1   Data   RO         2465    .rodata.str1.1      BUILD/DISCO_F746NG/ARMC6/mbed-os/platform/source/mbed_error.o
    0x08006b8d   0x000000b0   Data   RO         2763    .rodata.str1.1      BUILD/DISCO_F746NG/ARMC6/mbed-os/platform/source/mbed_retarget.o
    0x08006c3d   0x0000003e   Data   RO         8170    .rodata.str1.1      BUILD/DISCO_F746NG/ARMC6/mbed-os/targets/TARGET_STM/TARGET_STM32F7/analogin_device.o
    0x08006c7b   0x0000002a   Data   RO         9058    .rodata.str1.1      BUILD/DISCO_F746NG/ARMC6/mbed-os/targets/TARGET_STM/serial_api.o
    0x08006ca5   0x00000003   PAD
    0x08006ca8   0x00000008   Data   RO         1670    .rodata.us_data     BUILD/DISCO_F746NG/ARMC6/mbed-os/hal/source/mbed_us_ticker_api.o
    0x08006cb0   0x00000024   Data   RO         1672    .rodata.us_interface  BUILD/DISCO_F746NG/ARMC6/mbed-os/hal/source/mbed_us_ticker_api.o
    0x08006cd4   0x00000008   Data   RO         9266    .rodata.us_ticker_get_info.info  BUILD/DISCO_F746NG/ARMC6/mbed-os/targets/TARGET_STM/us_ticker.o
    0x08006cdc   0x00000020   Data   RO         9840    Region$$Table       anon$$obj.o
    0x08006cfc   0x00000004   Data   RO           12    .init_array         BUILD/DISCO_F746NG/ARMC6/main.o
    0x08006d00   0x00000000   Data   RO         9704    .init_array         c:\Users\samet\AppData\Local\Mbed Studio\mbed-studio-tools\ac6\bin\..\lib\armlib\mc_w.l(cpp_init.o)


    Execution Region RW_m_crash_data (Base: 0x200001c8, Size: 0x00000100, Max: 0x00000100, ABSOLUTE)

    Base Addr    Size         Type   Attr      Idx    E Section Name        Object

    0x200001c8   0x00000100   Zero   RW            1    RW_m_crash_data.bss  anon$$obj.o


    Execution Region RW_IRAM1 (Base: 0x200002c8, Size: 0x00000768, Max: 0x0004ed38, ABSOLUTE)

    Base Addr    Size         Type   Attr      Idx    E Section Name        Object

    0x200002c8   0x00000004   Data   RW         9693    .data               c:\Users\samet\AppData\Local\Mbed Studio\mbed-studio-tools\ac6\bin\..\lib\armlib\mc_w.l(errno.o)
    0x200002cc   0x00000004   Data   RW         9787    .data               c:\Users\samet\AppData\Local\Mbed Studio\mbed-studio-tools\ac6\bin\..\lib\armlib\mc_w.l(mvars.o)
    0x200002d0   0x00000004   Data   RW         8105    .data.SystemCoreClock  BUILD/DISCO_F746NG/ARMC6/mbed-os/targets/TARGET_STM/TARGET_STM32F7/STM32Cube_FW/system_stm32f7xx.o
    0x200002d4   0x00000004   Data   RW         1540    .data.irq_handler   BUILD/DISCO_F746NG/ARMC6/mbed-os/hal/source/mbed_lp_ticker_api.o
    0x200002d8   0x00000004   Data   RW         1671    .data.irq_handler   BUILD/DISCO_F746NG/ARMC6/mbed-os/hal/source/mbed_us_ticker_api.o
    0x200002dc   0x00000004   Data   RW         3735    .data.uwTickPrio    BUILD/DISCO_F746NG/ARMC6/mbed-os/targets/TARGET_STM/TARGET_STM32F7/STM32Cube_FW/STM32F7xx_HAL_Driver/stm32f7xx_hal.o
    0x200002e0   0x00000014   Zero   RW         9377    .bss                c:\Users\samet\AppData\Local\Mbed Studio\mbed-studio-tools\ac6\bin\..\lib\armlib\mc_w.l(stdout_f.o)
    0x200002f4   0x00000014   Zero   RW         9378    .bss                c:\Users\samet\AppData\Local\Mbed Studio\mbed-studio-tools\ac6\bin\..\lib\armlib\mc_w.l(stderr_f.o)
    0x20000308   0x00000001   Zero   RW         8802    .bss.LPTICKER_inited  BUILD/DISCO_F746NG/ARMC6/mbed-os/targets/TARGET_STM/lp_ticker.o
    0x20000309   0x00000003   PAD
    0x2000030c   0x00000030   Zero   RW         8803    .bss.LptimHandle    BUILD/DISCO_F746NG/ARMC6/mbed-os/targets/TARGET_STM/lp_ticker.o
    0x2000033c   0x0000004c   Zero   RW         9267    .bss.TimMasterHandle  BUILD/DISCO_F746NG/ARMC6/mbed-os/targets/TARGET_STM/us_ticker.o
    0x20000388   0x00000003   Zero   RW         2761    .bss._ZL14stdio_out_prev  BUILD/DISCO_F746NG/ARMC6/mbed-os/platform/source/mbed_retarget.o
    0x2000038b   0x00000001   PAD
    0x2000038c   0x00000008   Zero   RW           37    .bss._ZN4mbed8AnalogIn6_mutexE  BUILD/DISCO_F746NG/ARMC6/mbed-os/drivers/source/AnalogIn.o
    0x20000394   0x00000004   PAD
    0x20000398   0x00000048   Zero   RW         2559    .bss._ZN4mbed8internal12_GLOBAL__N_113os_timer_dataE  BUILD/DISCO_F746NG/ARMC6/mbed-os/platform/source/mbed_os_timer.o
    0x200003e0   0x00000004   Zero   RW         2558    .bss._ZN4mbed8internal8os_timerE  BUILD/DISCO_F746NG/ARMC6/mbed-os/platform/source/mbed_os_timer.o
    0x200003e4   0x00000004   Zero   RW         2767    .bss._ZZL19do_serial_init_oncevE4once  BUILD/DISCO_F746NG/ARMC6/mbed-os/platform/source/mbed_retarget.o
    0x200003e8   0x00000008   Zero   RW         8544    .bss.can_irq_contexts  BUILD/DISCO_F746NG/ARMC6/mbed-os/targets/TARGET_STM/can_api.o
    0x200003f0   0x00000001   Zero   RW         1478    .bss.critical_interrupts_enabled  BUILD/DISCO_F746NG/ARMC6/mbed-os/hal/source/mbed_critical_section_api.o
    0x200003f1   0x00000003   PAD
    0x200003f4   0x00000004   Zero   RW         2407    .bss.critical_section_reentrancy_counter  BUILD/DISCO_F746NG/ARMC6/mbed-os/platform/source/mbed_critical.o
    0x200003f8   0x00000002   Zero   RW         2624    .bss.deep_sleep_lock  BUILD/DISCO_F746NG/ARMC6/mbed-os/platform/source/mbed_power_mgmt.o
    0x200003fa   0x00000002   PAD
    0x200003fc   0x00000004   Zero   RW         2462    .bss.error_count    BUILD/DISCO_F746NG/ARMC6/mbed-os/platform/source/mbed_error.o
    0x20000400   0x00000004   Zero   RW         2463    .bss.error_hook     BUILD/DISCO_F746NG/ARMC6/mbed-os/platform/source/mbed_error.o
    0x20000404   0x00000004   PAD
    0x20000408   0x00000038   Zero   RW         1542    .bss.events         BUILD/DISCO_F746NG/ARMC6/mbed-os/hal/source/mbed_lp_ticker_api.o
    0x20000440   0x00000038   Zero   RW         1673    .bss.events         BUILD/DISCO_F746NG/ARMC6/mbed-os/hal/source/mbed_us_ticker_api.o
    0x20000478   0x00000034   Zero   RW         2461    .bss.first_error_ctx  BUILD/DISCO_F746NG/ARMC6/mbed-os/platform/source/mbed_error.o
    0x200004ac   0x00000001   Zero   RW         8797    .bss.future_event_flag  BUILD/DISCO_F746NG/ARMC6/mbed-os/targets/TARGET_STM/lp_ticker.o
    0x200004ad   0x00000001   Zero   RW         2464    .bss.halt_in_progress  BUILD/DISCO_F746NG/ARMC6/mbed-os/platform/source/mbed_error.o
    0x200004ae   0x00000002   PAD
    0x200004b0   0x00000054   Zero   RW           11    .bss.intTemp        BUILD/DISCO_F746NG/ARMC6/main.o
    0x20000504   0x00000004   Zero   RW         8543    .bss.irq_handler    BUILD/DISCO_F746NG/ARMC6/mbed-os/targets/TARGET_STM/can_api.o
    0x20000508   0x00000034   Zero   RW         2460    .bss.last_error_ctx  BUILD/DISCO_F746NG/ARMC6/mbed-os/platform/source/mbed_error.o
    0x2000053c   0x00000001   Zero   RW         8795    .bss.lp_Fired       BUILD/DISCO_F746NG/ARMC6/mbed-os/targets/TARGET_STM/lp_ticker.o
    0x2000053d   0x00000001   Zero   RW         8799    .bss.lp_cmpok       BUILD/DISCO_F746NG/ARMC6/mbed-os/targets/TARGET_STM/lp_ticker.o
    0x2000053e   0x00000002   PAD
    0x20000540   0x00000004   Zero   RW         8800    .bss.lp_delayed_counter  BUILD/DISCO_F746NG/ARMC6/mbed-os/targets/TARGET_STM/lp_ticker.o
    0x20000544   0x00000001   Zero   RW         8796    .bss.lp_delayed_prog  BUILD/DISCO_F746NG/ARMC6/mbed-os/targets/TARGET_STM/lp_ticker.o
    0x20000545   0x00000001   Zero   RW         2459    .bss.mbed_error_in_progress  BUILD/DISCO_F746NG/ARMC6/mbed-os/platform/source/mbed_error.o
    0x20000546   0x00000002   PAD
    0x20000548   0x00000054   Zero   RW         2234    .bss.mbed_fault_context  BUILD/DISCO_F746NG/ARMC6/mbed-os/platform/source/TARGET_CORTEX_M/mbed_fault_handler.o
    0x2000059c   0x00000004   Zero   RW         2758    .bss.mbed_heap_size  BUILD/DISCO_F746NG/ARMC6/mbed-os/platform/source/mbed_retarget.o
    0x200005a0   0x00000004   Zero   RW         2757    .bss.mbed_heap_start  BUILD/DISCO_F746NG/ARMC6/mbed-os/platform/source/mbed_retarget.o
    0x200005a4   0x00000004   Zero   RW         8841    .bss.mbed_sdk_inited  BUILD/DISCO_F746NG/ARMC6/mbed-os/targets/TARGET_STM/mbed_overrides.o
    0x200005a8   0x00000004   Zero   RW         2848    .bss.mbed_stack_isr_size  BUILD/DISCO_F746NG/ARMC6/mbed-os/platform/source/mbed_sdk_boot.o
    0x200005ac   0x00000004   Zero   RW         2847    .bss.mbed_stack_isr_start  BUILD/DISCO_F746NG/ARMC6/mbed-os/platform/source/mbed_sdk_boot.o
    0x200005b0   0x00000002   Zero   RW         8644    .bss.prev_tick_remainder  BUILD/DISCO_F746NG/ARMC6/mbed-os/targets/TARGET_STM/hal_tick_overrides.o
    0x200005b2   0x00000002   PAD
    0x200005b4   0x00000004   Zero   RW         8643    .bss.prev_time      BUILD/DISCO_F746NG/ARMC6/mbed-os/targets/TARGET_STM/hal_tick_overrides.o
    0x200005b8   0x00000001   Zero   RW         8798    .bss.roll_over_flag  BUILD/DISCO_F746NG/ARMC6/mbed-os/targets/TARGET_STM/lp_ticker.o
    0x200005b9   0x00000001   Zero   RW         8801    .bss.sleep_manager_locked  BUILD/DISCO_F746NG/ARMC6/mbed-os/targets/TARGET_STM/lp_ticker.o
    0x200005ba   0x00000001   Zero   RW         1477    .bss.state_saved    BUILD/DISCO_F746NG/ARMC6/mbed-os/hal/source/mbed_critical_section_api.o
    0x200005bb   0x00000001   PAD
    0x200005bc   0x0000004c   Zero   RW         9057    .bss.stdio_uart     BUILD/DISCO_F746NG/ARMC6/mbed-os/targets/TARGET_STM/serial_api.o
    0x20000608   0x00000004   Zero   RW         9056    .bss.stdio_uart_inited  BUILD/DISCO_F746NG/ARMC6/mbed-os/targets/TARGET_STM/serial_api.o
    0x2000060c   0x00000004   Zero   RW         8645    .bss.total_ticks    BUILD/DISCO_F746NG/ARMC6/mbed-os/targets/TARGET_STM/hal_tick_overrides.o
    0x20000610   0x00000420   Zero   RW         8317    .bss.uart_handlers  BUILD/DISCO_F746NG/ARMC6/mbed-os/targets/TARGET_STM/TARGET_STM32F7/serial_device.o


    Execution Region ARM_LIB_HEAP (Base: 0x20000a30, Size: 0x0004e5d0, Max: 0x0004e5d0, ABSOLUTE)

    Base Addr    Size         Type   Attr      Idx    E Section Name        Object

    0x20000a30   0x0004e5d0   Zero   RW            2    ARM_LIB_HEAP.bss    anon$$obj.o


    Execution Region ARM_LIB_STACK (Base: 0x2004f000, Size: 0x00001000, Max: 0x00001000, ABSOLUTE)

    Base Addr    Size         Type   Attr      Idx    E Section Name        Object

    0x2004f000   0x00001000   Zero   RW            3    ARM_LIB_STACK.bss   anon$$obj.o


==============================================================================

Image component sizes


      Code (inc. data)   RO Data    RW Data    ZI Data      Debug   

     20998       1796       2688         16     327160     947783   Object Totals
         0          0         32          0     325328          0   (incl. Generated)
       732         48          3          0         26          0   (incl. Padding)
      4218        188          0          8         40       2724   Library Totals
        20          8          0          0          0          0   (incl. Padding)

==============================================================================


      Code (inc. data)   RO Data    RW Data    ZI Data      Debug   

     25216       1984       2688         24     327200     948147   Grand Totals
     25216       1984       2688         24     327200     948147   ELF Image Totals
     25216       1984       2688         24          0          0   ROM Totals

==============================================================================

    Total RO  Size (Code + RO Data)                27904 (  27.25kB)
    Total RW  Size (RW Data + ZI Data)            327224 ( 319.55kB)
    Total ROM Size (Code + RO Data + RW Data)      27928 (  27.27kB)

==============================================================================

