Component: ARM Compiler 6.16 Tool: armlink [5dfeaa00]

==============================================================================

Loading Objects.

Loading object BUILD/DISCO_F746NG/ARMC6/Extra/CMSIS-DSP/Source/arm_bitreversal.o.
              definition:  arm_bitreversal_f32
              definition:  arm_bitreversal_q15
              definition:  arm_bitreversal_q31
Loading object BUILD/DISCO_F746NG/ARMC6/Extra/CMSIS-DSP/Source/arm_bitreversal2.o.
              definition:  arm_bitreversal_16
              definition:  arm_bitreversal_32
              definition:  arm_bitreversal_64
Loading object BUILD/DISCO_F746NG/ARMC6/Extra/CMSIS-DSP/Source/arm_cfft_f32.o.
              reference :  arm_bitreversal_32
              definition:  arm_cfft_f32
              reference :  arm_radix8_butterfly_f32
Loading object BUILD/DISCO_F746NG/ARMC6/Extra/CMSIS-DSP/Source/arm_cfft_init_f32.o.
              definition:  arm_cfft_init_1024_f32
              definition:  arm_cfft_init_128_f32
              definition:  arm_cfft_init_16_f32
              definition:  arm_cfft_init_2048_f32
              definition:  arm_cfft_init_256_f32
              definition:  arm_cfft_init_32_f32
              definition:  arm_cfft_init_4096_f32
              definition:  arm_cfft_init_512_f32
              definition:  arm_cfft_init_64_f32
              definition:  arm_cfft_init_f32
              reference :  arm_cfft_sR_f32_len1024
              reference :  arm_cfft_sR_f32_len128
              reference :  arm_cfft_sR_f32_len16
              reference :  arm_cfft_sR_f32_len2048
              reference :  arm_cfft_sR_f32_len256
              reference :  arm_cfft_sR_f32_len32
              reference :  arm_cfft_sR_f32_len4096
              reference :  arm_cfft_sR_f32_len512
              reference :  arm_cfft_sR_f32_len64
Loading object BUILD/DISCO_F746NG/ARMC6/Extra/CMSIS-DSP/Source/arm_cfft_init_q31.o.
              definition:  arm_cfft_init_1024_q31
              definition:  arm_cfft_init_128_q31
              definition:  arm_cfft_init_16_q31
              definition:  arm_cfft_init_2048_q31
              definition:  arm_cfft_init_256_q31
              definition:  arm_cfft_init_32_q31
              definition:  arm_cfft_init_4096_q31
              definition:  arm_cfft_init_512_q31
              definition:  arm_cfft_init_64_q31
              definition:  arm_cfft_init_q31
              reference :  arm_cfft_sR_q31_len1024
              reference :  arm_cfft_sR_q31_len128
              reference :  arm_cfft_sR_q31_len16
              reference :  arm_cfft_sR_q31_len2048
              reference :  arm_cfft_sR_q31_len256
              reference :  arm_cfft_sR_q31_len32
              reference :  arm_cfft_sR_q31_len4096
              reference :  arm_cfft_sR_q31_len512
              reference :  arm_cfft_sR_q31_len64
Loading object BUILD/DISCO_F746NG/ARMC6/Extra/CMSIS-DSP/Source/arm_cfft_q31.o.
              reference :  arm_bitreversal_32
              definition:  arm_cfft_q31
              definition:  arm_cfft_radix4by2_inverse_q31
              definition:  arm_cfft_radix4by2_q31
              reference :  arm_radix4_butterfly_inverse_q31
              reference :  arm_radix4_butterfly_q31
Loading object BUILD/DISCO_F746NG/ARMC6/Extra/CMSIS-DSP/Source/arm_cfft_radix2_f32.o.
              reference :  arm_bitreversal_f32
              definition:  arm_cfft_radix2_f32
              definition:  arm_radix2_butterfly_f32
              definition:  arm_radix2_butterfly_inverse_f32
Loading object BUILD/DISCO_F746NG/ARMC6/Extra/CMSIS-DSP/Source/arm_cfft_radix2_init_f32.o.
              reference :  armBitRevTable
              definition:  arm_cfft_radix2_init_f32
              reference :  twiddleCoef_4096
Loading object BUILD/DISCO_F746NG/ARMC6/Extra/CMSIS-DSP/Source/arm_cfft_radix2_init_q31.o.
              reference :  armBitRevTable
              definition:  arm_cfft_radix2_init_q31
              reference :  twiddleCoef_4096_q31
Loading object BUILD/DISCO_F746NG/ARMC6/Extra/CMSIS-DSP/Source/arm_cfft_radix2_q31.o.
              reference :  arm_bitreversal_q31
              definition:  arm_cfft_radix2_q31
              definition:  arm_radix2_butterfly_inverse_q31
              definition:  arm_radix2_butterfly_q31
Loading object BUILD/DISCO_F746NG/ARMC6/Extra/CMSIS-DSP/Source/arm_cfft_radix4_f32.o.
              reference :  arm_bitreversal_f32
              definition:  arm_cfft_radix4_f32
              definition:  arm_radix4_butterfly_f32
              definition:  arm_radix4_butterfly_inverse_f32
Loading object BUILD/DISCO_F746NG/ARMC6/Extra/CMSIS-DSP/Source/arm_cfft_radix4_init_f32.o.
              reference :  armBitRevTable
              definition:  arm_cfft_radix4_init_f32
              reference :  twiddleCoef_4096
Loading object BUILD/DISCO_F746NG/ARMC6/Extra/CMSIS-DSP/Source/arm_cfft_radix4_init_q31.o.
              reference :  armBitRevTable
              definition:  arm_cfft_radix4_init_q31
[...]
    0x08003320   0x0000000e   Code   RO         9428    .text.LL_GPIO_SetPinOutputType  BUILD/DISCO_F746NG/ARMC6/mbed-os/targets/TARGET_STM/pinmap.o
    0x0800332e   0x00000002   PAD
    0x08003330   0x00000026   Code   RO         9440    .text.LL_GPIO_SetPinPull  BUILD/DISCO_F746NG/ARMC6/mbed-os/targets/TARGET_STM/pinmap.o
    0x08003356   0x00000002   PAD
    0x08003358   0x00000026   Code   RO         9422    .text.LL_GPIO_SetPinSpeed  BUILD/DISCO_F746NG/ARMC6/mbed-os/targets/TARGET_STM/pinmap.o
    0x0800337e   0x00000002   PAD
    0x08003380   0x00000010   Code   RO         9638    .text.LL_PWR_GetRegulModeDS  BUILD/DISCO_F746NG/ARMC6/mbed-os/targets/TARGET_STM/sleep.o
    0x08003390   0x00000010   Code   RO         9406    .text.LL_RCC_LSE_IsReady  BUILD/DISCO_F746NG/ARMC6/mbed-os/targets/TARGET_STM/mbed_overrides.o
    0x080033a0   0x0000000a   Code   RO         9823    .text.LL_TIM_GenerateEvent_CC1  BUILD/DISCO_F746NG/ARMC6/mbed-os/targets/TARGET_STM/us_ticker.o
    0x080033aa   0x00000006   PAD
    0x080033b0   0x0000010a   Code   RO         9343    .text.LPTIM_IRQHandler  BUILD/DISCO_F746NG/ARMC6/mbed-os/targets/TARGET_STM/lp_ticker.o
    0x080034ba   0x00000006   PAD
    0x080034c0   0x00000042   Code   RO         5479    .text.LPTIM_WaitForFlag  BUILD/DISCO_F746NG/ARMC6/mbed-os/targets/TARGET_STM/TARGET_STM32F7/STM32Cube_FW/STM32F7xx_HAL_Driver/stm32f7xx_hal_lptim.o
    0x08003502   0x00000006   PAD
    0x08003508   0x00000018   Code   RO         9408    .text.LSEDriveConfig  BUILD/DISCO_F746NG/ARMC6/mbed-os/targets/TARGET_STM/mbed_overrides.o
    0x08003520   0x00000030   Code   RO         8714    .text.SetSysClock   BUILD/DISCO_F746NG/ARMC6/mbed-os/targets/TARGET_STM/TARGET_STM32F7/TARGET_STM32F746xG/TARGET_DISCO_F746NG/system_clock.o
    0x08003550   0x000000c2   Code   RO         8716    .text.SetSysClock_PLL_HSE  BUILD/DISCO_F746NG/ARMC6/mbed-os/targets/TARGET_STM/TARGET_STM32F7/TARGET_STM32F746xG/TARGET_DISCO_F746NG/system_clock.o
    0x08003612   0x00000006   PAD
    0x08003618   0x0000009a   Code   RO         8718    .text.SetSysClock_PLL_HSI  BUILD/DISCO_F746NG/ARMC6/mbed-os/targets/TARGET_STM/TARGET_STM32F7/TARGET_STM32F746xG/TARGET_DISCO_F746NG/system_clock.o
    0x080036b2   0x00000006   PAD
    0x080036b8   0x000001f8   Code   RO         9123    .text.Set_GPIO_Clock  BUILD/DISCO_F746NG/ARMC6/mbed-os/targets/TARGET_STM/gpio_api.o
    0x080038b0   0x0000007e   Code   RO         8672    .text.SystemCoreClockUpdate  BUILD/DISCO_F746NG/ARMC6/mbed-os/targets/TARGET_STM/TARGET_STM32F7/STM32Cube_FW/system_stm32f7xx.o
    0x0800392e   0x00000002   PAD
    0x08003930   0x0000001e   Code   RO         8670    .text.SystemInit    BUILD/DISCO_F746NG/ARMC6/mbed-os/targets/TARGET_STM/TARGET_STM32F7/STM32Cube_FW/system_stm32f7xx.o
    0x0800394e   0x00000002   PAD
    0x08003950   0x00000128   Code   RO         7010    .text.TIM_Base_SetConfig  BUILD/DISCO_F746NG/ARMC6/mbed-os/targets/TARGET_STM/TARGET_STM32F7/STM32Cube_FW/STM32F7xx_HAL_Driver/stm32f7xx_hal_tim.o
    0x08003a78   0x0000001e   Code   RO         7044    .text.TIM_CCxChannelCmd  BUILD/DISCO_F746NG/ARMC6/mbed-os/targets/TARGET_STM/TARGET_STM32F7/STM32Cube_FW/STM32F7xx_HAL_Driver/stm32f7xx_hal_tim.o
    0x08003a96   0x00000002   PAD
    0x08003a98   0x00000002   Code   RO         9402    .text.TargetBSP_Init  BUILD/DISCO_F746NG/ARMC6/mbed-os/targets/TARGET_STM/mbed_overrides.o
    0x08003a9a   0x00000006   PAD
    0x08003aa0   0x000000e0   Code   RO         7358    .text.UART_AdvFeatureConfig  BUILD/DISCO_F746NG/ARMC6/mbed-os/targets/TARGET_STM/TARGET_STM32F7/STM32Cube_FW/STM32F7xx_HAL_Driver/stm32f7xx_hal_uart.o
    0x08003b80   0x00000044   Code   RO         7360    .text.UART_CheckIdleState  BUILD/DISCO_F746NG/ARMC6/mbed-os/targets/TARGET_STM/TARGET_STM32F7/STM32Cube_FW/STM32F7xx_HAL_Driver/stm32f7xx_hal_uart.o
    0x08003bc4   0x00000004   PAD
    0x08003bc8   0x00000248   Code   RO         7356    .text.UART_SetConfig  BUILD/DISCO_F746NG/ARMC6/mbed-os/targets/TARGET_STM/TARGET_STM32F7/STM32Cube_FW/STM32F7xx_HAL_Driver/stm32f7xx_hal_uart.o
    0x08003e10   0x000000b0   Code   RO         7374    .text.UART_WaitOnFlagUntilTimeout  BUILD/DISCO_F746NG/ARMC6/mbed-os/targets/TARGET_STM/TARGET_STM32F7/STM32Cube_FW/STM32F7xx_HAL_Driver/stm32f7xx_hal_uart.o
    0x08003ec0   0x00000008   Code   RO          511    .text._GLOBAL__sub_I_main.cpp  BUILD/DISCO_F746NG/ARMC6/main.o
    0x08003ec8   0x00000004   Code   RO          569    .text._Z21core_util_atomic_loadIN4rtos5MutexEEPT_PKS3_  BUILD/DISCO_F746NG/ARMC6/mbed-os/drivers/source/AnalogIn.o
    0x08003ecc   0x00000004   PAD
    0x08003ed0   0x00000004   Code   RO          573    .text._Z22core_util_atomic_storeIN4rtos5MutexEEvPPT_S3_  BUILD/DISCO_F746NG/ARMC6/mbed-os/drivers/source/AnalogIn.o
    0x08003ed4   0x00000004   PAD
    0x08003ed8   0x0000004a   Code   RO          509    .text._ZL10read_exactPhj  BUILD/DISCO_F746NG/ARMC6/main.o
    0x08003f22   0x00000006   PAD
    0x08003f28   0x00000026   Code   RO         3176    .text._ZL11get_consolei  BUILD/DISCO_F746NG/ARMC6/mbed-os/platform/source/mbed_retarget.o
    0x08003f4e   0x00000002   PAD
    0x08003f50   0x0000000e   Code   RO         3206    .text._ZL12convert_crlfi  BUILD/DISCO_F746NG/ARMC6/mbed-os/platform/source/mbed_retarget.o
    0x08003f5e   0x00000002   PAD
    0x08003f60   0x0000004e   Code   RO         3326    .text._ZL15default_consolev  BUILD/DISCO_F746NG/ARMC6/mbed-os/platform/source/mbed_retarget.o
    0x08003fae   0x00000002   PAD
    0x08003fb0   0x0000001c   Code   RO         3198    .text._ZL18handle_open_errorsij  BUILD/DISCO_F746NG/ARMC6/mbed-os/platform/source/mbed_retarget.o
    0x08003fcc   0x00000004   PAD
    0x08003fd0   0x0000002c   Code   RO         3196    .text._ZL18openflags_to_posixi  BUILD/DISCO_F746NG/ARMC6/mbed-os/platform/source/mbed_retarget.o
    0x08003ffc   0x00000004   PAD
    0x08004000   0x0000005a   Code   RO         3180    .text._ZL18reserve_filehandlev  BUILD/DISCO_F746NG/ARMC6/mbed-os/platform/source/mbed_retarget.o
    0x0800405a   0x00000006   PAD
    0x08004060   0x00000008   Code   RO         3077    .text._ZL5sleepv    BUILD/DISCO_F746NG/ARMC6/mbed-os/platform/source/mbed_os_timer.o
    0x08004068   0x00000016   Code   RO         2358    .text._ZN10CThunkBase11cthunk_freeEPFvvE  BUILD/DISCO_F746NG/ARMC6/mbed-os/platform/source/CThunkBase.o
    0x0800407e   0x00000002   PAD
    0x08004080   0x0000001c   Code   RO         3162    .text._ZN12DirectSerial4readEPvj  BUILD/DISCO_F746NG/ARMC6/mbed-os/platform/source/mbed_retarget.o
    0x0800409c   0x00000004   PAD
    0x080040a0   0x0000000a   Code   RO         3356    .text._ZN12DirectSerial4seekEli  BUILD/DISCO_F746NG/ARMC6/mbed-os/platform/source/mbed_retarget.o
    0x080040aa   0x00000006   PAD
    0x080040b0   0x00000006   Code   RO         3362    .text._ZN12DirectSerial4sizeEv  BUILD/DISCO_F746NG/ARMC6/mbed-os/platform/source/mbed_retarget.o
    0x080040b6   0x00000002   PAD
    0x080040b8   0x00000004   Code   RO         3358    .text._ZN12DirectSerial5closeEv  BUILD/DISCO_F746NG/ARMC6/mbed-os/platform/source/mbed_retarget.o
    0x080040bc   0x00000004   PAD
    0x080040c0   0x00000028   Code   RO         3160    .text._ZN12DirectSerial5writeEPKvj  BUILD/DISCO_F746NG/ARMC6/mbed-os/platform/source/mbed_retarget.o
    0x080040e8   0x00000004   Code   RO         3360    .text._ZN12DirectSerial6isattyEv  BUILD/DISCO_F746NG/ARMC6/mbed-os/platform/source/mbed_retarget.o
    0x080040ec   0x00000004   PAD
    0x080040f0   0x00000048   Code   RO         3158    .text._ZN12DirectSerialC2ERK15serial_pinmap_ti  BUILD/DISCO_F746NG/ARMC6/mbed-os/platform/source/mbed_retarget.o
    0x08004138   0x0000000c   Code   RO         3354    .text._ZN12DirectSerialD0Ev  BUILD/DISCO_F746NG/ARMC6/mbed-os/platform/source/mbed_retarget.o
    0x08004144   0x00000004   PAD
    0x08004148   0x00000006   Code   RO         2466    .text._ZN4mbed10FileHandle12enable_inputEb  BUILD/DISCO_F746NG/ARMC6/mbed-os/platform/source/FileHandle.o
    0x0800414e   0x00000002   PAD
    0x08004150   0x00000010   Code   RO          525    .text._ZN4mbed10FileHandle12set_blockingEb  BUILD/DISCO_F746NG/ARMC6/main.o
    0x08004160   0x00000006   Code   RO         2468    .text._ZN4mbed10FileHandle13enable_outputEb  BUILD/DISCO_F746NG/ARMC6/mbed-os/platform/source/FileHandle.o
    0x08004166   0x00000002   PAD
    0x08004168   0x00000036   Code   RO         2452    .text._ZN4mbed10FileHandle4sizeEv  BUILD/DISCO_F746NG/ARMC6/mbed-os/platform/source/FileHandle.o
    0x0800419e   0x00000002   PAD
    0x080041a0   0x00000004   Code   RO         1837    .text._ZN4mbed10FileHandle4syncEv  BUILD/DISCO_F746NG/ARMC6/mbed-os/drivers/source/UnbufferedSerial.o
    0x080041a4   0x00000004   PAD
    0x080041a8   0x0000000e   Code   RO          717    .text._ZN4mbed10FileHandle4tellEv  BUILD/DISCO_F746NG/ARMC6/mbed-os/drivers/source/BufferedSerial.o
    0x080041b6   0x00000002   PAD
    0x080041b8   0x00000002   Code   RO         1845    .text._ZN4mbed10FileHandle5sigioENS_8CallbackIFvvEEE  BUILD/DISCO_F746NG/ARMC6/mbed-os/drivers/source/UnbufferedSerial.o
    0x080041ba   0x00000006   PAD
    0x080041c0   0x00000004   Code   RO         2464    .text._ZN4mbed10FileHandle6isattyEv  BUILD/DISCO_F746NG/ARMC6/mbed-os/platform/source/FileHandle.o
    0x080041c4   0x00000004   PAD
    0x080041c8   0x0000000e   Code   RO          719    .text._ZN4mbed10FileHandle6rewindEv  BUILD/DISCO_F746NG/ARMC6/mbed-os/drivers/source/BufferedSerial.o
    0x080041d6   0x00000002   PAD
    0x080041d8   0x00000006   Code   RO          721    .text._ZN4mbed10FileHandle8truncateEl  BUILD/DISCO_F746NG/ARMC6/mbed-os/drivers/source/BufferedSerial.o
    0x080041de   0x00000002   PAD
    0x080041e0   0x0000000e   Code   RO          685    .text._ZN4mbed10FileHandleC2Ev  BUILD/DISCO_F746NG/ARMC6/mbed-os/drivers/source/BufferedSerial.o
    0x080041ee   0x00000002   PAD
    0x080041f0   0x00000002   Code   RO         2462    .text._ZN4mbed10FileHandleD0Ev  BUILD/DISCO_F746NG/ARMC6/mbed-os/platform/source/FileHandle.o
    0x080041f2   0x00000006   PAD
    0x080041f8   0x00000002   Code   RO          695    .text._ZN4mbed10FileHandleD2Ev  BUILD/DISCO_F746NG/ARMC6/mbed-os/drivers/source/BufferedSerial.o
    0x080041fa   0x00000006   PAD
    0x08004200   0x0000000a   Code   RO         1560    .text._ZN4mbed10SerialBase10_base_getcEv  BUILD/DISCO_F746NG/ARMC6/mbed-os/drivers/source/SerialBase.o
    0x0800420a   0x00000006   PAD
    0x08004210   0x0000000e   Code   RO         1562    .text._ZN4mbed10SerialBase10_base_putcEi  BUILD/DISCO_F746NG/ARMC6/mbed-os/drivers/source/SerialBase.o
    0x0800421e   0x00000002   PAD
    0x08004220   0x0000001e   Code   RO         1558    .text._ZN4mbed10SerialBase12_irq_handlerEj9SerialIrq  BUILD/DISCO_F746NG/ARMC6/mbed-os/drivers/source/SerialBase.o
    0x0800423e   0x00000002   PAD
    0x08004240   0x00000098   Code   RO         1566    .text._ZN4mbed10SerialBase12enable_inputEb  BUILD/DISCO_F746NG/ARMC6/mbed-os/drivers/source/SerialBase.o
    0x080042d8   0x00000098   Code   RO         1568    .text._ZN4mbed10SerialBase13enable_outputEb  BUILD/DISCO_F746NG/ARMC6/mbed-os/drivers/source/SerialBase.o
    0x08004370   0x00000002   Code   RO         1576    .text._ZN4mbed10SerialBase4lockEv  BUILD/DISCO_F746NG/ARMC6/mbed-os/drivers/source/SerialBase.o
    0x08004372   0x00000006   PAD
    0x08004378   0x0000005a   Code   RO         1542    .text._ZN4mbed10SerialBase5_initEv  BUILD/DISCO_F746NG/ARMC6/mbed-os/drivers/source/SerialBase.o
    0x080043d2   0x00000006   PAD
    0x080043d8   0x000000ac   Code   RO         1556    .text._ZN4mbed10SerialBase6attachENS_8CallbackIFvvEEENS0_7IrqTypeE  BUILD/DISCO_F746NG/ARMC6/mbed-os/drivers/source/SerialBase.o
    0x08004484   0x00000004   PAD
    0x08004488   0x00000002   Code   RO         1578    .text._ZN4mbed10SerialBase6unlockEv  BUILD/DISCO_F746NG/ARMC6/mbed-os/drivers/source/SerialBase.o
    0x0800448a   0x00000006   PAD
    0x08004490   0x0000000a   Code   RO         1564    .text._ZN4mbed10SerialBase7_deinitEv  BUILD/DISCO_F746NG/ARMC6/mbed-os/drivers/source/SerialBase.o
    0x0800449a   0x00000006   PAD
    0x080044a0   0x00000022   Code   RO         1552    .text._ZN4mbed10SerialBase8readableEv  BUILD/DISCO_F746NG/ARMC6/mbed-os/drivers/source/SerialBase.o
    0x080044c2   0x00000006   PAD
    0x080044c8   0x00000022   Code   RO         1554    .text._ZN4mbed10SerialBase9writeableEv  BUILD/DISCO_F746NG/ARMC6/mbed-os/drivers/source/SerialBase.o
    0x080044ea   0x00000006   PAD
    0x080044f0   0x000000ba   Code   RO         1540    .text._ZN4mbed10SerialBaseC2E7PinNameS1_i  BUILD/DISCO_F746NG/ARMC6/mbed-os/drivers/source/SerialBase.o
    0x080045aa   0x00000006   PAD
    0x080045b0   0x0000000c   Code   RO         1582    .text._ZN4mbed10SerialBaseD0Ev  BUILD/DISCO_F746NG/ARMC6/mbed-os/drivers/source/SerialBase.o
    0x080045bc   0x00000004   PAD
    0x080045c0   0x0000005a   Code   RO         1580    .text._ZN4mbed10SerialBaseD2Ev  BUILD/DISCO_F746NG/ARMC6/mbed-os/drivers/source/SerialBase.o
    0x0800461a   0x00000006   PAD
    0x08004620   0x00000018   Code   RO         1762    .text._ZN4mbed10TimerEvent15insert_absoluteENSt3__26chrono10time_pointINS_15TickerDataClockENS2_8durationIxNS1_5ratioILx1ELx1000000EEEEEEE  BUILD/DISCO_F746NG/ARMC6/mbed-os/drivers/source/TimerEvent.o
    0x08004638   0x0000000a   Code   RO         1752    .text._ZN4mbed10TimerEvent3irqEj  BUILD/DISCO_F746NG/ARMC6/mbed-os/drivers/source/TimerEvent.o
    0x08004642   0x00000006   PAD
    0x08004648   0x00000012   Code   RO         1756    .text._ZN4mbed10TimerEvent6removeEv  BUILD/DISCO_F746NG/ARMC6/mbed-os/drivers/source/TimerEvent.o
    0x0800465a   0x00000006   PAD
    0x08004660   0x00000032   Code   RO         1750    .text._ZN4mbed10TimerEventC2EPK13ticker_data_t  BUILD/DISCO_F746NG/ARMC6/mbed-os/drivers/source/TimerEvent.o
    0x08004692   0x00000006   PAD
    0x08004698   0x0000000a   Code   RO         1773    .text._ZN4mbed15TickerDataClock11set_handlerEPFvjE  BUILD/DISCO_F746NG/ARMC6/mbed-os/drivers/source/TimerEvent.o
    0x080046a2   0x00000006   PAD
    0x080046a8   0x00000016   Code   RO         1777    .text._ZN4mbed15TickerDataClock12insert_eventEP14ticker_event_sNSt3__26chrono10time_pointIS0_NS4_8durationIxNS3_5ratioILx1ELx1000000EEEEEEEj  BUILD/DISCO_F746NG/ARMC6/mbed-os/drivers/source/TimerEvent.o
    0x080046be   0x00000002   PAD
    0x080046c0   0x0000000a   Code   RO         1779    .text._ZN4mbed15TickerDataClock12remove_eventEP14ticker_event_s  BUILD/DISCO_F746NG/ARMC6/mbed-os/drivers/source/TimerEvent.o
    0x080046ca   0x00000006   PAD
    0x080046d0   0x00000004   Code   RO         1743    .text._ZN4mbed15TickerDataClockC2EPK13ticker_data_t  BUILD/DISCO_F746NG/ARMC6/mbed-os/drivers/source/Timer.o
    0x080046d4   0x00000004   PAD
    0x080046d8   0x0000000a   Code   RO         1799    .text._ZN4mbed16UnbufferedSerial12enable_inputEb  BUILD/DISCO_F746NG/ARMC6/mbed-os/drivers/source/UnbufferedSerial.o
    0x080046e2   0x00000006   PAD
    0x080046e8   0x0000000a   Code   RO         1803    .text._ZN4mbed16UnbufferedSerial13enable_outputEb  BUILD/DISCO_F746NG/ARMC6/mbed-os/drivers/source/UnbufferedSerial.o
    0x080046f2   0x00000006   PAD
    0x080046f8   0x00000028   Code   RO         1791    .text._ZN4mbed16UnbufferedSerial4readEPvj  BUILD/DISCO_F746NG/ARMC6/mbed-os/drivers/source/UnbufferedSerial.o
    0x08004720   0x0000000a   Code   RO         1821    .text._ZN4mbed16UnbufferedSerial4seekEli  BUILD/DISCO_F746NG/ARMC6/mbed-os/drivers/source/UnbufferedSerial.o
    0x0800472a   0x00000006   PAD
    0x08004730   0x00000006   Code   RO         1823    .text._ZN4mbed16UnbufferedSerial4sizeEv  BUILD/DISCO_F746NG/ARMC6/mbed-os/drivers/source/UnbufferedSerial.o
    0x08004736   0x00000002   PAD
    0x08004738   0x00000004   Code   RO         1827    .text._ZN4mbed16UnbufferedSerial5closeEv  BUILD/DISCO_F746NG/ARMC6/mbed-os/drivers/source/UnbufferedSerial.o
    0x0800473c   0x00000004   PAD
    0x08004740   0x00000048   Code   RO         1787    .text._ZN4mbed16UnbufferedSerial5writeEPKvj  BUILD/DISCO_F746NG/ARMC6/mbed-os/drivers/source/UnbufferedSerial.o
    0x08004788   0x00000004   Code   RO         1825    .text._ZN4mbed16UnbufferedSerial6isattyEv  BUILD/DISCO_F746NG/ARMC6/mbed-os/drivers/source/UnbufferedSerial.o
    0x0800478c   0x00000004   PAD
    0x08004790   0x00000026   Code   RO         1783    .text._ZN4mbed16UnbufferedSerialC2E7PinNameS1_i  BUILD/DISCO_F746NG/ARMC6/mbed-os/drivers/source/UnbufferedSerial.o
    0x080047b6   0x00000002   PAD
    0x080047b8   0x0000000c   Code   RO         1819    .text._ZN4mbed16UnbufferedSerialD0Ev  BUILD/DISCO_F746NG/ARMC6/mbed-os/drivers/source/UnbufferedSerial.o
    0x080047c4   0x00000004   PAD
    0x080047c8   0x00000012   Code   RO         1817    .text._ZN4mbed16UnbufferedSerialD2Ev  BUILD/DISCO_F746NG/ARMC6/mbed-os/drivers/source/UnbufferedSerial.o
    0x080047da   0x00000006   PAD
    0x080047e0   0x0000002e   Code   RO         3174    .text._ZN4mbed16mbed_file_handleEi  BUILD/DISCO_F746NG/ARMC6/mbed-os/platform/source/mbed_retarget.o
    0x0800480e   0x00000002   PAD
    0x08004810   0x0000000c   Code   RO         2388    .text._ZN4mbed19CriticalSectionLockC2Ev  BUILD/DISCO_F746NG/ARMC6/mbed-os/platform/source/CriticalSectionLock.o
    0x0800481c   0x00000004   PAD
    0x08004820   0x0000000c   Code   RO         2390    .text._ZN4mbed19CriticalSectionLockD2Ev  BUILD/DISCO_F746NG/ARMC6/mbed-os/platform/source/CriticalSectionLock.o
    0x0800482c   0x00000004   PAD
    0x08004830   0x00000004   Code   RO         3172    .text._ZN4mbed21mbed_override_consoleEi  BUILD/DISCO_F746NG/ARMC6/mbed-os/platform/source/mbed_retarget.o
    0x08004834   0x00000004   PAD
    0x08004838   0x00000004   Code   RO         3170    .text._ZN4mbed28mbed_target_override_consoleEi  BUILD/DISCO_F746NG/ARMC6/mbed-os/platform/source/mbed_retarget.o
    0x0800483c   0x00000004   PAD
    0x08004840   0x0000000c   Code   RO          943    .text._ZN4mbed6detail12CallbackBase5clearEv  BUILD/DISCO_F746NG/ARMC6/mbed-os/drivers/source/CAN.o
    0x0800484c   0x00000004   PAD
    0x08004850   0x00000004   Code   RO          945    .text._ZN4mbed6detail12CallbackBase7controlEv  BUILD/DISCO_F746NG/ARMC6/mbed-os/drivers/source/CAN.o
    0x08004854   0x00000004   PAD
    0x08004858   0x00000002   Code   RO          941    .text._ZN4mbed6detail12CallbackBase7destroyEv  BUILD/DISCO_F746NG/ARMC6/mbed-os/drivers/source/CAN.o
    0x0800485a   0x00000006   PAD
    0x08004860   0x00000006   Code   RO          727    .text._ZN4mbed6detail12CallbackBaseC2EDn  BUILD/DISCO_F746NG/ARMC6/mbed-os/drivers/source/BufferedSerial.o
    0x08004866   0x00000002   PAD
    0x08004868   0x0000000a   Code   RO         1078    .text._ZN4mbed8CallbackIFviEEC2Ev  BUILD/DISCO_F746NG/ARMC6/mbed-os/drivers/source/I2C.o
    0x08004872   0x00000006   PAD
    0x08004878   0x00000008   Code   RO          711    .text._ZN4mbed8CallbackIFvvEEC2EDn  BUILD/DISCO_F746NG/ARMC6/mbed-os/drivers/source/BufferedSerial.o
    0x08004880   0x0000000a   Code   RO          689    .text._ZN4mbed8CallbackIFvvEEC2Ev  BUILD/DISCO_F746NG/ARMC6/mbed-os/drivers/source/BufferedSerial.o
    0x0800488a   0x00000006   PAD
    0x08004890   0x00000012   Code   RO          939    .text._ZN4mbed8CallbackIFvvEEaSEDn  BUILD/DISCO_F746NG/ARMC6/mbed-os/drivers/source/CAN.o
    0x080048a2   0x00000006   PAD
    0x080048a8   0x00000004   Code   RO         2428    .text._ZN4mbed8FileBase11getPathTypeEv  BUILD/DISCO_F746NG/ARMC6/mbed-os/platform/source/FileBase.o
    0x080048ac   0x00000004   PAD
    0x080048b0   0x000000a4   Code   RO         2434    .text._ZN4mbed8FileBase6lookupEPKcj  BUILD/DISCO_F746NG/ARMC6/mbed-os/platform/source/FileBase.o
    0x08004954   0x00000004   PAD
    0x08004958   0x00000018   Code   RO         2479    .text._ZN4mbed8FilePath10fileSystemEv  BUILD/DISCO_F746NG/ARMC6/mbed-os/platform/source/FilePath.o
    0x08004970   0x00000018   Code   RO         2477    .text._ZN4mbed8FilePath12isFileSystemEv  BUILD/DISCO_F746NG/ARMC6/mbed-os/platform/source/FilePath.o
    0x08004988   0x00000018   Code   RO         2483    .text._ZN4mbed8FilePath4fileEv  BUILD/DISCO_F746NG/ARMC6/mbed-os/platform/source/FilePath.o
    0x080049a0   0x0000000a   Code   RO         2485    .text._ZN4mbed8FilePath6existsEv  BUILD/DISCO_F746NG/ARMC6/mbed-os/platform/source/FilePath.o
    0x080049aa   0x00000006   PAD
    0x080049b0   0x00000016   Code   RO         2481    .text._ZN4mbed8FilePath6isFileEv  BUILD/DISCO_F746NG/ARMC6/mbed-os/platform/source/FilePath.o
    0x080049c6   0x00000002   PAD
    0x080049c8   0x00000004   Code   RO         2475    .text._ZN4mbed8FilePath8fileNameEv  BUILD/DISCO_F746NG/ARMC6/mbed-os/platform/source/FilePath.o
    0x080049cc   0x00000004   PAD
    0x080049d0   0x0000008c   Code   RO         2473    .text._ZN4mbed8FilePathC2EPKc  BUILD/DISCO_F746NG/ARMC6/mbed-os/platform/source/FilePath.o
    0x08004a5c   0x00000004   PAD
    0x08004a60   0x0000002a   Code   RO         3069    .text._ZN4mbed8internal13init_os_timerEv  BUILD/DISCO_F746NG/ARMC6/mbed-os/platform/source/mbed_os_timer.o
    0x08004a8a   0x00000006   PAD
    0x08004a90   0x00000056   Code   RO         3090    .text._ZN4mbed8internal18do_sleep_operationINS0_18timed_predicate_opEEEvRT_  BUILD/DISCO_F746NG/ARMC6/mbed-os/platform/source/mbed_os_timer.o
    0x08004ae6   0x00000002   PAD
    0x08004ae8   0x00000020   Code   RO         3104    .text._ZN4mbed8internal18timed_predicate_op13sleep_prepareEv  BUILD/DISCO_F746NG/ARMC6/mbed-os/platform/source/mbed_os_timer.o
    0x08004b08   0x00000026   Code   RO         3106    .text._ZN4mbed8internal18timed_predicate_op14sleep_preparedEv  BUILD/DISCO_F746NG/ARMC6/mbed-os/platform/source/mbed_os_timer.o
    0x08004b2e   0x00000002   PAD
    0x08004b30   0x00000018   Code   RO         3088    .text._ZN4mbed8internal18timed_predicate_opC2ENSt3__26chrono10time_pointINS0_7OsClockENS3_8durationIxNS2_5ratioILx1ELx1000EEEEEEEPFbPvESB_  BUILD/DISCO_F746NG/ARMC6/mbed-os/platform/source/mbed_os_timer.o
    0x08004b48   0x00000016   Code   RO         3092    .text._ZN4mbed8internal18timed_predicate_opD2Ev  BUILD/DISCO_F746NG/ARMC6/mbed-os/platform/source/mbed_os_timer.o
    0x08004b5e   0x00000002   PAD
    0x08004b60   0x0000004e   Code   RO         3075    .text._ZN4mbed8internal34do_timed_sleep_relative_or_foreverENSt3__26chrono8durationIjNS1_5ratioILx1ELx1000EEEEEPFbPvES7_  BUILD/DISCO_F746NG/ARMC6/mbed-os/platform/source/mbed_os_timer.o
    0x08004bae   0x00000002   PAD
    0x08004bb0   0x00000016   Code   RO         3108    .text._ZN4mbed8internal7OsClock13set_wake_timeENSt3__26chrono10time_pointIS1_NS3_8durationIxNS2_5ratioILx1ELx1000EEEEEEE  BUILD/DISCO_F746NG/ARMC6/mbed-os/platform/source/mbed_os_timer.o
    0x08004bc6   0x00000002   PAD
    0x08004bc8   0x0000001e   Code   RO         3100    .text._ZN4mbed8internal7OsClock3nowEv  BUILD/DISCO_F746NG/ARMC6/mbed-os/platform/source/mbed_os_timer.o
    0x08004be6   0x00000002   PAD
    0x08004be8   0x00000044   Code   RO         2608    .text._ZN4mbed8internal8SysTimerINSt3__25ratioILx1ELx1000EEELb1EE11cancel_wakeEv  BUILD/DISCO_F746NG/ARMC6/mbed-os/platform/source/SysTimer.o
    0x08004c2c   0x00000004   PAD
    0x08004c30   0x000000f8   Code   RO         2612    .text._ZN4mbed8internal8SysTimerINSt3__25ratioILx1ELx1000EEELb1EE13set_wake_timeENS2_6chrono10time_pointIS5_NS6_8durationIyS4_EEEE  BUILD/DISCO_F746NG/ARMC6/mbed-os/platform/source/SysTimer.o
    0x08004d28   0x00000014   Code   RO         2628    .text._ZN4mbed8internal8SysTimerINSt3__25ratioILx1ELx1000EEELb1EE14_schedule_tickEv  BUILD/DISCO_F746NG/ARMC6/mbed-os/platform/source/SysTimer.o
    0x08004d3c   0x00000004   PAD
    0x08004d40   0x00000026   Code   RO         2648    .text._ZN4mbed8internal8SysTimerINSt3__25ratioILx1ELx1000EEELb1EE15_increment_tickEv  BUILD/DISCO_F746NG/ARMC6/mbed-os/platform/source/SysTimer.o
    0x08004d66   0x00000002   PAD
    0x08004d68   0x00000010   Code   RO         2626    .text._ZN4mbed8internal8SysTimerINSt3__25ratioILx1ELx1000EEELb1EE16_set_irq_pendingEv  BUILD/DISCO_F746NG/ARMC6/mbed-os/platform/source/SysTimer.o
    0x08004d78   0x00000074   Code   RO         2614    .text._ZN4mbed8internal8SysTimerINSt3__25ratioILx1ELx1000EEELb1EE19update_and_get_tickEv  BUILD/DISCO_F746NG/ARMC6/mbed-os/platform/source/SysTimer.o
    0x08004dec   0x00000004   PAD
    0x08004df0   0x00000046   Code   RO         2646    .text._ZN4mbed8internal8SysTimerINSt3__25ratioILx1ELx1000EEELb1EE7handlerEv  BUILD/DISCO_F746NG/ARMC6/mbed-os/platform/source/SysTimer.o
    0x08004e36   0x00000002   PAD
    0x08004e38   0x0000003a   Code   RO         2602    .text._ZN4mbed8internal8SysTimerINSt3__25ratioILx1ELx1000EEELb1EEC2EPK13ticker_data_t  BUILD/DISCO_F746NG/ARMC6/mbed-os/platform/source/SysTimer.o
    0x08004e72   0x00000006   PAD
    0x08004e78   0x00000008   Code   RO         3641    .text._ZN4rtos10ThisThread9sleep_forENSt3__26chrono8durationIjNS1_5ratioILx1ELx1000EEEEE  BUILD/DISCO_F746NG/ARMC6/mbed-os/rtos/source/ThisThread.o
    0x08004e80   0x00000002   Code   RO          565    .text._ZN4rtos5Mutex4lockEv  BUILD/DISCO_F746NG/ARMC6/mbed-os/drivers/source/AnalogIn.o
    0x08004e82   0x00000006   PAD
    0x08004e88   0x00000002   Code   RO          575    .text._ZN4rtos5Mutex6unlockEv  BUILD/DISCO_F746NG/ARMC6/mbed-os/drivers/source/AnalogIn.o
    0x08004e8a   0x00000006   PAD
    0x08004e90   0x00000002   Code   RO          571    .text._ZN4rtos5MutexC2Ev  BUILD/DISCO_F746NG/ARMC6/mbed-os/drivers/source/AnalogIn.o
    0x08004e92   0x00000006   PAD
    0x08004e98   0x0000002c   Code   RO         1635    .text._ZN6CThunkIN4mbed10SerialBaseEE10trampolineEP10CThunkBase  BUILD/DISCO_F746NG/ARMC6/mbed-os/drivers/source/SerialBase.o
    0x08004ec4   0x00000004   PAD
    0x08004ec8   0x0000001c   Code   RO         1633    .text._ZN6CThunkIN4mbed10SerialBaseEE4initEPS1_MS1_FvPvES4_  BUILD/DISCO_F746NG/ARMC6/mbed-os/drivers/source/SerialBase.o
    0x08004ee4   0x00000004   PAD
    0x08004ee8   0x0000001a   Code   RO         1619    .text._ZN6CThunkIN4mbed10SerialBaseEEC2EPS1_  BUILD/DISCO_F746NG/ARMC6/mbed-os/drivers/source/SerialBase.o
    0x08004f02   0x00000006   PAD
    0x08004f08   0x00000014   Code   RO         1623    .text._ZN6CThunkIN4mbed10SerialBaseEED2Ev  BUILD/DISCO_F746NG/ARMC6/mbed-os/drivers/source/SerialBase.o
    0x08004f1c   0x00000004   PAD
    0x08004f20   0x0000003e   Code   RO         3164    .text._ZNK12DirectSerial4pollEs  BUILD/DISCO_F746NG/ARMC6/mbed-os/platform/source/mbed_retarget.o
    0x08004f5e   0x00000002   PAD
    0x08004f60   0x00000044   Code   RO         1511    .text._ZNK12SingletonPtrIN4rtos5MutexEE3getEv  BUILD/DISCO_F746NG/ARMC6/mbed-os/drivers/source/SPI.o
    0x08004fa4   0x00000004   PAD
    0x08004fa8   0x00000008   Code   RO          563    .text._ZNK12SingletonPtrIN4rtos5MutexEEptEv  BUILD/DISCO_F746NG/ARMC6/mbed-os/drivers/source/AnalogIn.o
    0x08004fb0   0x00000004   Code   RO         1843    .text._ZNK4mbed10FileHandle11is_blockingEv  BUILD/DISCO_F746NG/ARMC6/mbed-os/drivers/source/UnbufferedSerial.o
    0x08004fb4   0x00000004   PAD
    0x08004fb8   0x00000004   Code   RO         2470    .text._ZNK4mbed10FileHandle4pollEs  BUILD/DISCO_F746NG/ARMC6/mbed-os/platform/source/FileHandle.o
    0x08004fbc   0x00000004   PAD
    0x08004fc0   0x00000010   Code   RO         1673    .text._ZNK4mbed15TickerDataClock3nowEv  BUILD/DISCO_F746NG/ARMC6/mbed-os/drivers/source/Ticker.o
    0x08004fd0   0x00000004   Code   RO         2618    .text._ZNK4mbed15TickerDataClockptEv  BUILD/DISCO_F746NG/ARMC6/mbed-os/platform/source/SysTimer.o
    0x08004fd4   0x00000004   PAD
    0x08004fd8   0x00000034   Code   RO         1795    .text._ZNK4mbed16UnbufferedSerial4pollEs  BUILD/DISCO_F746NG/ARMC6/mbed-os/drivers/source/UnbufferedSerial.o
    0x0800500c   0x00000004   PAD
    0x08005010   0x00000004   Code   RO          755    .text._ZNK4mbed6detail12CallbackBase7call_fnEv  BUILD/DISCO_F746NG/ARMC6/mbed-os/drivers/source/BufferedSerial.o
    0x08005014   0x00000004   PAD
    0x08005018   0x00000004   Code   RO          751    .text._ZNK4mbed6detail12CallbackBase7controlEv  BUILD/DISCO_F746NG/ARMC6/mbed-os/drivers/source/BufferedSerial.o
    0x0800501c   0x00000004   PAD
    0x08005020   0x00000034   Code   RO         1621    .text._ZNK4mbed8CallbackIFvvEE4callEv  BUILD/DISCO_F746NG/ARMC6/mbed-os/drivers/source/SerialBase.o
    0x08005054   0x00000004   PAD
    0x08005058   0x00000008   Code   RO          703    .text._ZNK4mbed8CallbackIFvvEEclEv  BUILD/DISCO_F746NG/ARMC6/mbed-os/drivers/source/BufferedSerial.o
    0x08005060   0x00000010   Code   RO          701    .text._ZNK4mbed8CallbackIFvvEEcvbEv  BUILD/DISCO_F746NG/ARMC6/mbed-os/drivers/source/BufferedSerial.o
    0x08005070   0x00000020   Code   RO         3102    .text._ZNK4mbed8internal18timed_predicate_op14wake_conditionEv  BUILD/DISCO_F746NG/ARMC6/mbed-os/platform/source/mbed_os_timer.o
    0x08005090   0x00000006   Code   RO         2622    .text._ZNK4mbed8internal8SysTimerINSt3__25ratioILx1ELx1000EEELb1EE13wake_time_setEv  BUILD/DISCO_F746NG/ARMC6/mbed-os/platform/source/SysTimer.o
    0x08005096   0x00000002   PAD
    0x08005098   0x00000066   Code   RO         2640    .text._ZNK4mbed8internal8SysTimerINSt3__25ratioILx1ELx1000EEELb1EE14_elapsed_ticksEv  BUILD/DISCO_F746NG/ARMC6/mbed-os/platform/source/SysTimer.o
    0x080050fe   0x00000002   PAD
    0x08005100   0x00000006   Code   RO         2620    .text._ZNK4mbed8internal8SysTimerINSt3__25ratioILx1ELx1000EEELb1EE16wake_time_passedEv  BUILD/DISCO_F746NG/ARMC6/mbed-os/platform/source/SysTimer.o
    0x08005106   0x00000002   PAD
    0x08005108   0x00000012   Code   RO         2616    .text._ZNK4mbed8internal8SysTimerINSt3__25ratioILx1ELx1000EEELb1EE8get_tickEv  BUILD/DISCO_F746NG/ARMC6/mbed-os/platform/source/SysTimer.o
    0x0800511a   0x00000006   PAD
    0x08005120   0x00000006   Code   RO          527    .text._ZNSt3__28literals15chrono_literalsli1sEy  BUILD/DISCO_F746NG/ARMC6/main.o
    0x08005126   0x00000002   PAD
    0x08005128   0x00000006   Code   RO          529    .text._ZNSt3__28literals15chrono_literalsli2msEy  BUILD/DISCO_F746NG/ARMC6/main.o
    0x0800512e   0x00000002   PAD
    0x08005130   0x0000000c   Code   RO         1801    .text._ZThn228_N4mbed16UnbufferedSerial12enable_inputEb  BUILD/DISCO_F746NG/ARMC6/mbed-os/drivers/source/UnbufferedSerial.o
    0x0800513c   0x00000004   PAD
    0x08005140   0x0000000c   Code   RO         1805    .text._ZThn228_N4mbed16UnbufferedSerial13enable_outputEb  BUILD/DISCO_F746NG/ARMC6/mbed-os/drivers/source/UnbufferedSerial.o
    0x0800514c   0x00000004   PAD
    0x08005150   0x00000006   Code   RO         1793    .text._ZThn228_N4mbed16UnbufferedSerial4readEPvj  BUILD/DISCO_F746NG/ARMC6/mbed-os/drivers/source/UnbufferedSerial.o
    0x08005156   0x00000002   PAD
    0x08005158   0x00000006   Code   RO         1833    .text._ZThn228_N4mbed16UnbufferedSerial4seekEli  BUILD/DISCO_F746NG/ARMC6/mbed-os/drivers/source/UnbufferedSerial.o
    0x0800515e   0x00000002   PAD
    0x08005160   0x00000006   Code   RO         1841    .text._ZThn228_N4mbed16UnbufferedSerial4sizeEv  BUILD/DISCO_F746NG/ARMC6/mbed-os/drivers/source/UnbufferedSerial.o
    0x08005166   0x00000002   PAD
    0x08005168   0x00000006   Code   RO         1835    .text._ZThn228_N4mbed16UnbufferedSerial5closeEv  BUILD/DISCO_F746NG/ARMC6/mbed-os/drivers/source/UnbufferedSerial.o
    0x0800516e   0x00000002   PAD
    0x08005170   0x00000006   Code   RO         1789    .text._ZThn228_N4mbed16UnbufferedSerial5writeEPKvj  BUILD/DISCO_F746NG/ARMC6/mbed-os/drivers/source/UnbufferedSerial.o
    0x08005176   0x00000002   PAD
    0x08005178   0x00000006   Code   RO         1839    .text._ZThn228_N4mbed16UnbufferedSerial6isattyEv  BUILD/DISCO_F746NG/ARMC6/mbed-os/drivers/source/UnbufferedSerial.o
    0x0800517e   0x00000002   PAD
    0x08005180   0x00000006   Code   RO         1831    .text._ZThn228_N4mbed16UnbufferedSerialD0Ev  BUILD/DISCO_F746NG/ARMC6/mbed-os/drivers/source/UnbufferedSerial.o
    0x08005186   0x00000002   PAD
    0x08005188   0x00000006   Code   RO         1829    .text._ZThn228_N4mbed16UnbufferedSerialD1Ev  BUILD/DISCO_F746NG/ARMC6/mbed-os/drivers/source/UnbufferedSerial.o
    0x0800518e   0x00000002   PAD
    0x08005190   0x00000006   Code   RO         1797    .text._ZThn228_NK4mbed16UnbufferedSerial4pollEs  BUILD/DISCO_F746NG/ARMC6/mbed-os/drivers/source/UnbufferedSerial.o
    0x08005196   0x00000002   PAD
    0x08005198   0x00000008   Code   RO         3258    .text._ZdlPv        BUILD/DISCO_F746NG/ARMC6/mbed-os/platform/source/mbed_retarget.o
    0x080051a0   0x00000010   Code   RO         9359    .text.__NVIC_ClearPendingIRQ  BUILD/DISCO_F746NG/ARMC6/mbed-os/targets/TARGET_STM/lp_ticker.o
    0x080051b0   0x00000028   Code   RO         8842    .text.__NVIC_DisableIRQ  BUILD/DISCO_F746NG/ARMC6/mbed-os/targets/TARGET_STM/TARGET_STM32F7/serial_device.o
    0x080051d8   0x00000018   Code   RO         9357    .text.__NVIC_DisableIRQ  BUILD/DISCO_F746NG/ARMC6/mbed-os/targets/TARGET_STM/lp_ticker.o
    0x080051f0   0x00000020   Code   RO         8840    .text.__NVIC_EnableIRQ  BUILD/DISCO_F746NG/ARMC6/mbed-os/targets/TARGET_STM/TARGET_STM32F7/serial_device.o
    0x08005210   0x00000010   Code   RO         9349    .text.__NVIC_EnableIRQ  BUILD/DISCO_F746NG/ARMC6/mbed-os/targets/TARGET_STM/lp_ticker.o
    0x08005220   0x00000010   Code   RO         9813    .text.__NVIC_EnableIRQ  BUILD/DISCO_F746NG/ARMC6/mbed-os/targets/TARGET_STM/us_ticker.o
    0x08005230   0x00000010   Code   RO         9355    .text.__NVIC_SetPendingIRQ  BUILD/DISCO_F746NG/ARMC6/mbed-os/targets/TARGET_STM/lp_ticker.o
    0x08005240   0x00000020   Code   RO         4452    .text.__NVIC_SetPriorityGrouping  BUILD/DISCO_F746NG/ARMC6/mbed-os/targets/TARGET_STM/TARGET_STM32F7/STM32Cube_FW/STM32F7xx_HAL_Driver/stm32f7xx_hal_cortex.o
    0x08005260   0x00000018   Code   RO         8838    .text.__NVIC_SetVector  BUILD/DISCO_F746NG/ARMC6/mbed-os/targets/TARGET_STM/TARGET_STM32F7/serial_device.o
    0x08005278   0x0000001c   Code   RO         9341    .text.__NVIC_SetVector  BUILD/DISCO_F746NG/ARMC6/mbed-os/targets/TARGET_STM/lp_ticker.o
    0x08005294   0x00000004   PAD
    0x08005298   0x0000001c   Code   RO         9811    .text.__NVIC_SetVector  BUILD/DISCO_F746NG/ARMC6/mbed-os/targets/TARGET_STM/us_ticker.o
    0x080052b4   0x00000004   PAD
    0x080052b8   0x0000005c   Code   RO         3300    .text.__cxa_guard_acquire  BUILD/DISCO_F746NG/ARMC6/mbed-os/platform/source/mbed_retarget.o
    0x08005314   0x00000004   PAD
    0x08005318   0x00000032   Code   RO         3302    .text.__cxa_guard_release  BUILD/DISCO_F746NG/ARMC6/mbed-os/platform/source/mbed_retarget.o
    0x0800534a   0x00000002   PAD
    0x0800534c   0x00000028   Code   RO        10208    .text.__cxa_pure_virtual  c:\Users\samet\AppData\Local\Mbed Studio\mbed-studio-tools\ac6\bin\..\lib\libcxx\libcppabi_w.l(cxa_virtual.cpp.o)
    0x08005374   0x00000004   PAD
    0x08005378   0x00000018   Code   RO          505    .text.__cxx_global_var_init  BUILD/DISCO_F746NG/ARMC6/main.o
    0x08005390   0x00000008   Code   RO         3236    .text.__user_setup_stackheap  BUILD/DISCO_F746NG/ARMC6/mbed-os/platform/source/mbed_retarget.o
    0x08005398   0x00000030   Code   RO         2012    .text._gpio_init_out  BUILD/DISCO_F746NG/ARMC6/mbed-os/hal/source/mbed_gpio.o
    0x080053c8   0x00000034   Code   RO         3232    .text._mbed_user_setup_stackheap  BUILD/DISCO_F746NG/ARMC6/mbed-os/platform/source/mbed_retarget.o
    0x080053fc   0x00000004   PAD
    0x08005400   0x00000008   Code   RO         3412    .text._platform_post_stackheap_init  BUILD/DISCO_F746NG/ARMC6/mbed-os/platform/source/mbed_sdk_boot.o
    0x08005408   0x00000228   Code   RO         9589    .text._serial_init_direct  BUILD/DISCO_F746NG/ARMC6/mbed-os/targets/TARGET_STM/serial_api.o
    0x08005630   0x00000008   Code   RO         3200    .text._sys_close    BUILD/DISCO_F746NG/ARMC6/mbed-os/platform/source/mbed_retarget.o
    0x08005638   0x00000002   Code   RO         3210    .text._sys_exit     BUILD/DISCO_F746NG/ARMC6/mbed-os/platform/source/mbed_retarget.o
    0x0800563a   0x00000006   PAD
    0x08005640   0x0000002a   Code   RO         3230    .text._sys_flen     BUILD/DISCO_F746NG/ARMC6/mbed-os/platform/source/mbed_retarget.o
    0x0800566a   0x00000006   PAD
    0x08005670   0x00000008   Code   RO         3218    .text._sys_istty    BUILD/DISCO_F746NG/ARMC6/mbed-os/platform/source/mbed_retarget.o
    0x08005678   0x0000006a   Code   RO         3192    .text._sys_open     BUILD/DISCO_F746NG/ARMC6/mbed-os/platform/source/mbed_retarget.o
    0x080056e2   0x00000006   PAD
    0x080056e8   0x0000000a   Code   RO         3220    .text._sys_seek     BUILD/DISCO_F746NG/ARMC6/mbed-os/platform/source/mbed_retarget.o
    0x080056f2   0x00000006   PAD
    0x080056f8   0x00000114   Code   RO         3204    .text._sys_write    BUILD/DISCO_F746NG/ARMC6/mbed-os/platform/source/mbed_retarget.o
    0x0800580c   0x00000004   PAD
    0x08005810   0x00000030   Code   RO         2117    .text._ticker_match_interval_passed  BUILD/DISCO_F746NG/ARMC6/mbed-os/hal/source/mbed_ticker_api.o
    0x08005840   0x00000018   Code   RO         3212    .text._ttywrch      BUILD/DISCO_F746NG/ARMC6/mbed-os/platform/source/mbed_retarget.o
    0x08005858   0x00000008   Code   RO         3463    .text._wait_us_inline  BUILD/DISCO_F746NG/ARMC6/mbed-os/platform/source/mbed_wait_api_no_rtos.o
    0x08005860   0x00000016   Code   RO         3465    .text._wait_us_ticks  BUILD/DISCO_F746NG/ARMC6/mbed-os/platform/source/mbed_wait_api_no_rtos.o
    0x08005876   0x00000004   Code   RO        10468    .text.abort_message  c:\Users\samet\AppData\Local\Mbed Studio\mbed-studio-tools\ac6\bin\..\lib\libcxx\libcppabi_w.l(abort_message.cpp.o)
    0x0800587a   0x00000006   PAD
    0x08005880   0x0000000c   Code   RO         1976    .text.are_interrupts_enabled  BUILD/DISCO_F746NG/ARMC6/mbed-os/hal/source/mbed_critical_section_api.o
    0x0800588c   0x00000004   PAD
    0x08005890   0x0000004c   Code   RO           21    .text.arm_bitreversal_32  BUILD/DISCO_F746NG/ARMC6/Extra/CMSIS-DSP/Source/arm_bitreversal2.o
    0x080058dc   0x00000004   PAD
    0x080058e0   0x000000f2   Code   RO           33    .text.arm_cfft_f32  BUILD/DISCO_F746NG/ARMC6/Extra/CMSIS-DSP/Source/arm_cfft_f32.o
    0x080059d2   0x00000006   PAD
    0x080059d8   0x00000020   Code   RO           51    .text.arm_cfft_init_1024_f32  BUILD/DISCO_F746NG/ARMC6/Extra/CMSIS-DSP/Source/arm_cfft_init_f32.o
    0x080059f8   0x0000001e   Code   RO           57    .text.arm_cfft_init_128_f32  BUILD/DISCO_F746NG/ARMC6/Extra/CMSIS-DSP/Source/arm_cfft_init_f32.o
    0x08005a16   0x00000002   PAD
    0x08005a18   0x0000001e   Code   RO           63    .text.arm_cfft_init_16_f32  BUILD/DISCO_F746NG/ARMC6/Extra/CMSIS-DSP/Source/arm_cfft_init_f32.o
    0x08005a36   0x00000002   PAD
    0x08005a38   0x00000020   Code   RO           49    .text.arm_cfft_init_2048_f32  BUILD/DISCO_F746NG/ARMC6/Extra/CMSIS-DSP/Source/arm_cfft_init_f32.o
    0x08005a58   0x00000020   Code   RO           55    .text.arm_cfft_init_256_f32  BUILD/DISCO_F746NG/ARMC6/Extra/CMSIS-DSP/Source/arm_cfft_init_f32.o
    0x08005a78   0x0000001e   Code   RO           61    .text.arm_cfft_init_32_f32  BUILD/DISCO_F746NG/ARMC6/Extra/CMSIS-DSP/Source/arm_cfft_init_f32.o
    0x08005a96   0x00000002   PAD
    0x08005a98   0x00000020   Code   RO           53    .text.arm_cfft_init_512_f32  BUILD/DISCO_F746NG/ARMC6/Extra/CMSIS-DSP/Source/arm_cfft_init_f32.o
    0x08005ab8   0x0000001e   Code   RO           59    .text.arm_cfft_init_64_f32  BUILD/DISCO_F746NG/ARMC6/Extra/CMSIS-DSP/Source/arm_cfft_init_f32.o
    0x08005ad6   0x00000002   PAD
    0x08005ad8   0x00000190   Code   RO           35    .text.arm_cfft_radix8by2_f32  BUILD/DISCO_F746NG/ARMC6/Extra/CMSIS-DSP/Source/arm_cfft_f32.o
    0x08005c68   0x000004be   Code   RO           37    .text.arm_cfft_radix8by4_f32  BUILD/DISCO_F746NG/ARMC6/Extra/CMSIS-DSP/Source/arm_cfft_f32.o
    0x08006126   0x00000002   PAD
    0x08006128   0x00000524   Code   RO          209    .text.arm_radix8_butterfly_f32  BUILD/DISCO_F746NG/ARMC6/Extra/CMSIS-DSP/Source/arm_cfft_radix8_f32.o
    0x0800664c   0x00000004   PAD
    0x08006650   0x00000042   Code   RO          392    .text.arm_rfft_fast_f32  BUILD/DISCO_F746NG/ARMC6/Extra/CMSIS-DSP/Source/arm_rfft_fast_f32.o
    0x08006692   0x00000006   PAD
    0x08006698   0x0000002c   Code   RO          416    .text.arm_rfft_fast_init_1024_f32  BUILD/DISCO_F746NG/ARMC6/Extra/CMSIS-DSP/Source/arm_rfft_fast_init_f32.o
    0x080066c4   0x00000004   PAD
    0x080066c8   0x0000002a   Code   RO          410    .text.arm_rfft_fast_init_128_f32  BUILD/DISCO_F746NG/ARMC6/Extra/CMSIS-DSP/Source/arm_rfft_fast_init_f32.o
    0x080066f2   0x00000006   PAD
    0x080066f8   0x0000002c   Code   RO          418    .text.arm_rfft_fast_init_2048_f32  BUILD/DISCO_F746NG/ARMC6/Extra/CMSIS-DSP/Source/arm_rfft_fast_init_f32.o
    0x08006724   0x00000004   PAD
    0x08006728   0x0000002c   Code   RO          412    .text.arm_rfft_fast_init_256_f32  BUILD/DISCO_F746NG/ARMC6/Extra/CMSIS-DSP/Source/arm_rfft_fast_init_f32.o
    0x08006754   0x00000004   PAD
    0x08006758   0x0000002a   Code   RO          406    .text.arm_rfft_fast_init_32_f32  BUILD/DISCO_F746NG/ARMC6/Extra/CMSIS-DSP/Source/arm_rfft_fast_init_f32.o
    0x08006782   0x00000006   PAD
    0x08006788   0x0000002c   Code   RO          420    .text.arm_rfft_fast_init_4096_f32  BUILD/DISCO_F746NG/ARMC6/Extra/CMSIS-DSP/Source/arm_rfft_fast_init_f32.o
    0x080067b4   0x00000004   PAD
    0x080067b8   0x0000002c   Code   RO          414    .text.arm_rfft_fast_init_512_f32  BUILD/DISCO_F746NG/ARMC6/Extra/CMSIS-DSP/Source/arm_rfft_fast_init_f32.o
    0x080067e4   0x00000004   PAD
    0x080067e8   0x0000002a   Code   RO          408    .text.arm_rfft_fast_init_64_f32  BUILD/DISCO_F746NG/ARMC6/Extra/CMSIS-DSP/Source/arm_rfft_fast_init_f32.o
    0x08006812   0x00000006   PAD
    0x08006818   0x0000008e   Code   RO          422    .text.arm_rfft_fast_init_f32  BUILD/DISCO_F746NG/ARMC6/Extra/CMSIS-DSP/Source/arm_rfft_fast_init_f32.o
    0x080068a6   0x00000002   PAD
    0x080068a8   0x00000002   Code   RO         2173    .text.block_us_ticker_free  BUILD/DISCO_F746NG/ARMC6/mbed-os/hal/source/mbed_us_ticker_api.o
    0x080068aa   0x00000006   PAD
    0x080068b0   0x0000023c   Code   RO         9875    .text.build_mel_filterbank  BUILD/DISCO_F746NG/ARMC6/mfcc.o
    0x08006aec   0x00000004   PAD
    0x08006af0   0x0000013c   Code   RO         9090    .text.can_irq       BUILD/DISCO_F746NG/ARMC6/mbed-os/targets/TARGET_STM/can_api.o
    0x08006c2c   0x00000004   PAD
    0x08006c30   0x0000003e   Code   RO         3202    .text.close         BUILD/DISCO_F746NG/ARMC6/mbed-os/platform/source/mbed_retarget.o
    0x08006c6e   0x00000002   PAD
    0x08006c70   0x00000068   Code   RO         2157    .text.compute_tick_round_up  BUILD/DISCO_F746NG/ARMC6/mbed-os/hal/source/mbed_ticker_api.o
    0x08006cd8   0x0000000c   Code   RO         2918    .text.core_util_are_interrupts_enabled  BUILD/DISCO_F746NG/ARMC6/mbed-os/platform/source/mbed_critical.o
    0x08006ce4   0x00000004   PAD
    0x08006ce8   0x00000012   Code   RO         2813    .text.core_util_atomic_decr_u16  BUILD/DISCO_F746NG/ARMC6/mbed-os/platform/source/mbed_atomic_impl.o
    0x08006cfa   0x00000006   PAD
    0x08006d00   0x00000010   Code   RO         2799    .text.core_util_atomic_exchange_u8  BUILD/DISCO_F746NG/ARMC6/mbed-os/platform/source/mbed_atomic_impl.o
    0x08006d10   0x00000016   Code   RO         2797    .text.core_util_atomic_flag_test_and_set  BUILD/DISCO_F746NG/ARMC6/mbed-os/platform/source/mbed_atomic_impl.o
    0x08006d26   0x00000002   PAD
    0x08006d28   0x00000012   Code   RO         2807    .text.core_util_atomic_incr_u16  BUILD/DISCO_F746NG/ARMC6/mbed-os/platform/source/mbed_atomic_impl.o
    0x08006d3a   0x00000006   PAD
    0x08006d40   0x00000016   Code   RO         2859    .text.core_util_atomic_load_u64  BUILD/DISCO_F746NG/ARMC6/mbed-os/platform/source/mbed_atomic_impl.o
    0x08006d56   0x00000002   PAD
    0x08006d58   0x00000088   Code   RO         2924    .text.core_util_critical_section_enter  BUILD/DISCO_F746NG/ARMC6/mbed-os/platform/source/mbed_critical.o
    0x08006de0   0x0000001c   Code   RO         2926    .text.core_util_critical_section_exit  BUILD/DISCO_F746NG/ARMC6/mbed-os/platform/source/mbed_critical.o
    0x08006dfc   0x00000004   PAD
    0x08006e00   0x00000008   Code   RO         2922    .text.core_util_in_critical_section  BUILD/DISCO_F746NG/ARMC6/mbed-os/platform/source/mbed_critical.o
    0x08006e08   0x0000000c   Code   RO         2920    .text.core_util_is_isr_active  BUILD/DISCO_F746NG/ARMC6/mbed-os/platform/source/mbed_critical.o
    0x08006e14   0x00000004   PAD
    0x08006e18   0x00000054   Code   RO         9597    .text.debug         BUILD/DISCO_F746NG/ARMC6/mbed-os/targets/TARGET_STM/serial_api.o
    0x08006e6c   0x00000004   PAD
    0x08006e70   0x00000068   Code   RO         2936    .text.error         BUILD/DISCO_F746NG/ARMC6/mbed-os/platform/source/mbed_error.o
    0x08006ed8   0x00000016   Code   RO         2155    .text.exact_log2    BUILD/DISCO_F746NG/ARMC6/mbed-os/hal/source/mbed_ticker_api.o
    0x08006eee   0x00000002   PAD
    0x08006ef0   0x0000002e   Code   RO         3276    .text.exit          BUILD/DISCO_F746NG/ARMC6/mbed-os/platform/source/mbed_retarget.o
    0x08006f1e   0x00000002   PAD
    0x08006f20   0x00000028   Code   RO         9881    .text.freq2mel      BUILD/DISCO_F746NG/ARMC6/mfcc.o
    0x08006f48   0x0000002c   Code   RO         3228    .text.fsync         BUILD/DISCO_F746NG/ARMC6/mbed-os/platform/source/mbed_retarget.o
    0x08006f74   0x00000004   PAD
    0x08006f78   0x0000001a   Code   RO         2153    .text.gcd           BUILD/DISCO_F746NG/ARMC6/mbed-os/hal/source/mbed_ticker_api.o
    0x08006f92   0x00000006   PAD
    0x08006f98   0x0000000a   Code   RO         2038    .text.get_lp_ticker_data  BUILD/DISCO_F746NG/ARMC6/mbed-os/hal/source/mbed_lp_ticker_api.o
    0x08006fa2   0x00000006   PAD
    0x08006fa8   0x000000c0   Code   RO         9617    .text.get_uart_index  BUILD/DISCO_F746NG/ARMC6/mbed-os/targets/TARGET_STM/serial_api.o
    0x08007068   0x00000016   Code   RO         9131    .text.gpio_dir      BUILD/DISCO_F746NG/ARMC6/mbed-os/targets/TARGET_STM/gpio_api.o
    0x0800707e   0x00000002   PAD
    0x08007080   0x00000046   Code   RO         9127    .text.gpio_init     BUILD/DISCO_F746NG/ARMC6/mbed-os/targets/TARGET_STM/gpio_api.o
    0x080070c6   0x00000002   PAD
    0x080070c8   0x0000000a   Code   RO         2008    .text.gpio_init_out  BUILD/DISCO_F746NG/ARMC6/mbed-os/hal/source/mbed_gpio.o
    0x080070d2   0x00000006   PAD
    0x080070d8   0x0000000c   Code   RO         2010    .text.gpio_init_out_ex  BUILD/DISCO_F746NG/ARMC6/mbed-os/hal/source/mbed_gpio.o
    0x080070e4   0x00000004   PAD
    0x080070e8   0x0000000c   Code   RO         9129    .text.gpio_mode     BUILD/DISCO_F746NG/ARMC6/mbed-os/targets/TARGET_STM/gpio_api.o
    0x080070f4   0x00000004   PAD
    0x080070f8   0x00000068   Code   RO         9125    .text.gpio_set      BUILD/DISCO_F746NG/ARMC6/mbed-os/targets/TARGET_STM/gpio_api.o
    0x08007160   0x00000014   Code   RO         2000    .text.gpio_write    BUILD/DISCO_F746NG/ARMC6/mbed-os/hal/source/mbed_gpio.o
    0x08007174   0x00000004   PAD
    0x08007178   0x00000014   Code   RO         2899    .text.gpio_write    BUILD/DISCO_F746NG/ARMC6/mbed-os/platform/source/mbed_board.o
    0x0800718c   0x00000004   PAD
    0x08007190   0x00000028   Code   RO         1974    .text.hal_critical_section_enter  BUILD/DISCO_F746NG/ARMC6/mbed-os/hal/source/mbed_critical_section_api.o
    0x080071b8   0x00000088   Code   RO         1978    .text.hal_critical_section_exit  BUILD/DISCO_F746NG/ARMC6/mbed-os/hal/source/mbed_critical_section_api.o
    0x08007240   0x0000000c   Code   RO         1980    .text.hal_in_critical_section  BUILD/DISCO_F746NG/ARMC6/mbed-os/hal/source/mbed_critical_section_api.o
    0x0800724c   0x00000004   PAD
    0x08007250   0x0000001c   Code   RO         9636    .text.hal_sleep     BUILD/DISCO_F746NG/ARMC6/mbed-os/targets/TARGET_STM/sleep.o
    0x0800726c   0x00000004   PAD
    0x08007270   0x000000ec   Code   RO         2938    .text.handle_error  BUILD/DISCO_F746NG/ARMC6/mbed-os/platform/source/mbed_error.o
    0x0800735c   0x00000004   PAD
    0x08007360   0x0000009e   Code   RO         9809    .text.init_32bit_timer  BUILD/DISCO_F746NG/ARMC6/mbed-os/targets/TARGET_STM/us_ticker.o
    0x080073fe   0x00000002   PAD
    0x08007400   0x00000076   Code   RO         9595    .text.init_uart     BUILD/DISCO_F746NG/ARMC6/mbed-os/targets/TARGET_STM/serial_api.o
    0x08007476   0x00000002   PAD
    0x08007478   0x00000158   Code   RO         2121    .text.initialize    BUILD/DISCO_F746NG/ARMC6/mbed-os/hal/source/mbed_ticker_api.o
    0x080075d0   0x00000062   Code   RO         2135    .text.insert_event  BUILD/DISCO_F746NG/ARMC6/mbed-os/hal/source/mbed_ticker_api.o
    0x08007632   0x00000006   PAD
    0x08007638   0x00000028   Code   RO         3184    .text.isatty        BUILD/DISCO_F746NG/ARMC6/mbed-os/platform/source/mbed_retarget.o
    0x08007660   0x0000001e   Code   RO         9351    .text.lp_ticker_clear_interrupt  BUILD/DISCO_F746NG/ARMC6/mbed-os/targets/TARGET_STM/lp_ticker.o
    0x0800767e   0x00000002   PAD
    0x08007680   0x00000062   Code   RO         9339    .text.lp_ticker_disable_interrupt  BUILD/DISCO_F746NG/ARMC6/mbed-os/targets/TARGET_STM/lp_ticker.o
    0x080076e2   0x00000006   PAD
    0x080076e8   0x0000002c   Code   RO         9353    .text.lp_ticker_fire_interrupt  BUILD/DISCO_F746NG/ARMC6/mbed-os/targets/TARGET_STM/lp_ticker.o
    0x08007714   0x00000004   PAD
    0x08007718   0x00000008   Code   RO         9361    .text.lp_ticker_free  BUILD/DISCO_F746NG/ARMC6/mbed-os/targets/TARGET_STM/lp_ticker.o
    0x08007720   0x0000000a   Code   RO         9335    .text.lp_ticker_get_info  BUILD/DISCO_F746NG/ARMC6/mbed-os/targets/TARGET_STM/lp_ticker.o
    0x0800772a   0x00000006   PAD
    0x08007730   0x00000184   Code   RO         9337    .text.lp_ticker_init  BUILD/DISCO_F746NG/ARMC6/mbed-os/targets/TARGET_STM/lp_ticker.o
    0x080078b4   0x00000004   PAD
    0x080078b8   0x0000001e   Code   RO         2042    .text.lp_ticker_irq_handler  BUILD/DISCO_F746NG/ARMC6/mbed-os/hal/source/mbed_lp_ticker_api.o
    0x080078d6   0x00000002   PAD
    0x080078d8   0x00000012   Code   RO         9345    .text.lp_ticker_read  BUILD/DISCO_F746NG/ARMC6/mbed-os/targets/TARGET_STM/lp_ticker.o
    0x080078ea   0x00000006   PAD
    0x080078f0   0x000000e4   Code   RO         9347    .text.lp_ticker_set_interrupt  BUILD/DISCO_F746NG/ARMC6/mbed-os/targets/TARGET_STM/lp_ticker.o
    0x080079d4   0x00000004   PAD
    0x080079d8   0x00000032   Code   RO         3222    .text.lseek         BUILD/DISCO_F746NG/ARMC6/mbed-os/platform/source/mbed_retarget.o
    0x08007a0a   0x00000006   PAD
    0x08007a10   0x000001dc   Code   RO          507    .text.main          BUILD/DISCO_F746NG/ARMC6/main.o
    0x08007bec   0x00000004   PAD
    0x08007bf0   0x000000ac   Code   RO         9873    .text.make_dct      BUILD/DISCO_F746NG/ARMC6/mfcc.o
    0x08007c9c   0x00000004   PAD
    0x08007ca0   0x00000070   Code   RO         9871    .text.make_hamming  BUILD/DISCO_F746NG/ARMC6/mfcc.o
    0x08007d10   0x0000001a   Code   RO         2788    .text.mbed_assert_internal  BUILD/DISCO_F746NG/ARMC6/mbed-os/platform/source/mbed_assert.o
    0x08007d2a   0x00000006   PAD
    0x08007d30   0x0000002c   Code   RO         3404    .text.mbed_copy_nvic  BUILD/DISCO_F746NG/ARMC6/mbed-os/platform/source/mbed_sdk_boot.o
    0x08007d5c   0x00000004   PAD
    0x08007d60   0x0000006c   Code   RO         2901    .text.mbed_die      BUILD/DISCO_F746NG/ARMC6/mbed-os/platform/source/mbed_board.o
    0x08007dcc   0x00000004   PAD
    0x08007dd0   0x00000036   Code   RO         2960    .text.mbed_error    BUILD/DISCO_F746NG/ARMC6/mbed-os/platform/source/mbed_error.o
    0x08007e06   0x00000002   PAD
    0x08007e08   0x00000002   Code   RO         2944    .text.mbed_error_hook  BUILD/DISCO_F746NG/ARMC6/mbed-os/platform/source/mbed_error.o
    0x08007e0a   0x00000006   PAD
    0x08007e10   0x00000004   Code   RO         2948    .text.mbed_error_initialize  BUILD/DISCO_F746NG/ARMC6/mbed-os/platform/source/mbed_error.o
    0x08007e14   0x00000004   PAD
    0x08007e18   0x00000014   Code   RO         2978    .text.mbed_error_is_hw_fault  BUILD/DISCO_F746NG/ARMC6/mbed-os/platform/source/mbed_error.o
    0x08007e2c   0x00000004   PAD
    0x08007e30   0x00000020   Code   RO         2903    .text.mbed_error_printf  BUILD/DISCO_F746NG/ARMC6/mbed-os/platform/source/mbed_board.o
    0x08007e50   0x00000052   Code   RO         2907    .text.mbed_error_puts  BUILD/DISCO_F746NG/ARMC6/mbed-os/platform/source/mbed_board.o
    0x08007ea2   0x00000006   PAD
    0x08007ea8   0x00000034   Code   RO         2905    .text.mbed_error_vprintf  BUILD/DISCO_F746NG/ARMC6/mbed-os/platform/source/mbed_board.o
    0x08007edc   0x00000004   PAD
    0x08007ee0   0x000000f8   Code   RO         2748    .text.mbed_fault_handler  BUILD/DISCO_F746NG/ARMC6/mbed-os/platform/source/TARGET_CORTEX_M/mbed_fault_handler.o
    0x08007fd8   0x00000032   Code   RO         2942    .text.mbed_halt_system  BUILD/DISCO_F746NG/ARMC6/mbed-os/platform/source/mbed_error.o
    0x0800800a   0x00000006   PAD
    0x08008010   0x00000010   Code   RO         3406    .text.mbed_init     BUILD/DISCO_F746NG/ARMC6/mbed-os/platform/source/mbed_sdk_boot.o
    0x08008020   0x00000002   Code   RO         3398    .text.mbed_main     BUILD/DISCO_F746NG/ARMC6/mbed-os/platform/source/mbed_sdk_boot.o
    0x08008022   0x00000006   PAD
    0x08008028   0x000000ce   Code   RO         9404    .text.mbed_sdk_init  BUILD/DISCO_F746NG/ARMC6/mbed-os/targets/TARGET_STM/mbed_overrides.o
    0x080080f6   0x00000002   PAD
    0x080080f8   0x00000008   Code   RO         3410    .text.mbed_toolchain_init  BUILD/DISCO_F746NG/ARMC6/mbed-os/platform/source/mbed_sdk_boot.o
    0x08008100   0x00000028   Code   RO         9883    .text.mel2freq      BUILD/DISCO_F746NG/ARMC6/mfcc.o
    0x08008128   0x000000aa   Code   RO          394    .text.merge_rfft_f32  BUILD/DISCO_F746NG/ARMC6/Extra/CMSIS-DSP/Source/arm_rfft_fast_f32.o
    0x080081d2   0x00000006   PAD
    0x080081d8   0x000001e0   Code   RO         9879    .text.mfcc_compute  BUILD/DISCO_F746NG/ARMC6/mfcc.o
    0x080083b8   0x000000d0   Code   RO         9869    .text.mfcc_init     BUILD/DISCO_F746NG/ARMC6/mfcc.o
    0x08008488   0x00000096   Code   RO         3194    .text.open          BUILD/DISCO_F746NG/ARMC6/mbed-os/platform/source/mbed_retarget.o
    0x0800851e   0x00000002   PAD
    0x08008520   0x000000c8   Code   RO         9420    .text.pin_function  BUILD/DISCO_F746NG/ARMC6/mbed-os/targets/TARGET_STM/pinmap.o
    0x080085e8   0x0000007c   Code   RO         9432    .text.pin_mode      BUILD/DISCO_F746NG/ARMC6/mbed-os/targets/TARGET_STM/pinmap.o
    0x08008664   0x00000004   PAD
    0x08008668   0x00000026   Code   RO         2069    .text.pinmap_find_function  BUILD/DISCO_F746NG/ARMC6/mbed-os/hal/source/mbed_pinmap_common.o
    0x0800868e   0x00000002   PAD
    0x08008690   0x00000028   Code   RO         2065    .text.pinmap_find_peripheral  BUILD/DISCO_F746NG/ARMC6/mbed-os/hal/source/mbed_pinmap_common.o
    0x080086b8   0x00000048   Code   RO         2063    .text.pinmap_merge  BUILD/DISCO_F746NG/ARMC6/mbed-os/hal/source/mbed_pinmap_common.o
    0x08008700   0x00000058   Code   RO         2067    .text.pinmap_peripheral  BUILD/DISCO_F746NG/ARMC6/mbed-os/hal/source/mbed_pinmap_common.o
    0x08008758   0x0000015c   Code   RO         2750    .text.print_context_info  BUILD/DISCO_F746NG/ARMC6/mbed-os/platform/source/TARGET_CORTEX_M/mbed_fault_handler.o
    0x080088b4   0x00000004   PAD
    0x080088b8   0x000001b0   Code   RO         2940    .text.print_error_report  BUILD/DISCO_F746NG/ARMC6/mbed-os/platform/source/mbed_error.o
    0x08008a68   0x000000d0   Code   RO         2129    .text.schedule_interrupt  BUILD/DISCO_F746NG/ARMC6/mbed-os/hal/source/mbed_ticker_api.o
    0x08008b38   0x00000018   Code   RO         9593    .text.serial_baud   BUILD/DISCO_F746NG/ARMC6/mbed-os/targets/TARGET_STM/serial_api.o
    0x08008b50   0x000001ea   Code   RO         9591    .text.serial_free   BUILD/DISCO_F746NG/ARMC6/mbed-os/targets/TARGET_STM/serial_api.o
    0x08008d3a   0x00000006   PAD
    0x08008d40   0x0000007a   Code   RO         8844    .text.serial_getc   BUILD/DISCO_F746NG/ARMC6/mbed-os/targets/TARGET_STM/TARGET_STM32F7/serial_device.o
    0x08008dba   0x00000006   PAD
    0x08008dc0   0x000000dc   Code   RO         9587    .text.serial_init   BUILD/DISCO_F746NG/ARMC6/mbed-os/targets/TARGET_STM/serial_api.o
    0x08008e9c   0x00000004   PAD
    0x08008ea0   0x00000012   Code   RO         2220    .text.serial_init_direct  BUILD/DISCO_F746NG/ARMC6/mbed-os/hal/source/static_pinmap.o
    0x08008eb2   0x00000006   PAD
    0x08008eb8   0x0000001a   Code   RO         8818    .text.serial_irq_handler  BUILD/DISCO_F746NG/ARMC6/mbed-os/targets/TARGET_STM/TARGET_STM32F7/serial_device.o
    0x08008ed2   0x00000006   PAD
    0x08008ed8   0x0000015a   Code   RO         8820    .text.serial_irq_set  BUILD/DISCO_F746NG/ARMC6/mbed-os/targets/TARGET_STM/TARGET_STM32F7/serial_device.o
    0x08009032   0x00000006   PAD
    0x08009038   0x0000002a   Code   RO         8846    .text.serial_putc   BUILD/DISCO_F746NG/ARMC6/mbed-os/targets/TARGET_STM/TARGET_STM32F7/serial_device.o
    0x08009062   0x00000006   PAD
    0x08009068   0x00000024   Code   RO         9609    .text.serial_readable  BUILD/DISCO_F746NG/ARMC6/mbed-os/targets/TARGET_STM/serial_api.o
    0x0800908c   0x00000004   PAD
    0x08009090   0x0000001a   Code   RO         9611    .text.serial_writable  BUILD/DISCO_F746NG/ARMC6/mbed-os/targets/TARGET_STM/serial_api.o
    0x080090aa   0x00000006   PAD
    0x080090b0   0x00000006   Code   RO         2123    .text.set_handler   BUILD/DISCO_F746NG/ARMC6/mbed-os/hal/source/mbed_ticker_api.o
    0x080090b6   0x00000002   PAD
    0x080090b8   0x00000058   Code   RO         3135    .text.sleep_manager_lock_deep_sleep_internal  BUILD/DISCO_F746NG/ARMC6/mbed-os/platform/source/mbed_power_mgmt.o
    0x08009110   0x00000010   Code   RO         3143    .text.sleep_manager_sleep_auto  BUILD/DISCO_F746NG/ARMC6/mbed-os/platform/source/mbed_power_mgmt.o
    0x08009120   0x00000058   Code   RO         3137    .text.sleep_manager_unlock_deep_sleep_internal  BUILD/DISCO_F746NG/ARMC6/mbed-os/platform/source/mbed_power_mgmt.o
    0x08009178   0x000000a4   Code   RO          396    .text.stage_rfft_f32  BUILD/DISCO_F746NG/ARMC6/Extra/CMSIS-DSP/Source/arm_rfft_fast_f32.o
    0x0800921c   0x00000004   PAD
    0x08009220   0x00000018   Code   RO         9430    .text.stm_pin_PullConfig  BUILD/DISCO_F746NG/ARMC6/mbed-os/targets/TARGET_STM/pinmap.o
    0x08009238   0x00000022   Code   RO         9424    .text.stm_pin_SetAFPin  BUILD/DISCO_F746NG/ARMC6/mbed-os/targets/TARGET_STM/pinmap.o
    0x0800925a   0x00000006   PAD
    0x08009260   0x0000000c   Code   RO         3449    .text.thread_sleep_for  BUILD/DISCO_F746NG/ARMC6/mbed-os/platform/source/mbed_thread.o
    0x0800926c   0x00000004   PAD
    0x08009270   0x00000036   Code   RO         2137    .text.ticker_insert_event_us  BUILD/DISCO_F746NG/ARMC6/mbed-os/hal/source/mbed_ticker_api.o
    0x080092a6   0x00000002   PAD
    0x080092a8   0x0000006e   Code   RO         2125    .text.ticker_irq_handler  BUILD/DISCO_F746NG/ARMC6/mbed-os/hal/source/mbed_ticker_api.o
    0x08009316   0x00000002   PAD
    0x08009318   0x00000022   Code   RO         2143    .text.ticker_read_us  BUILD/DISCO_F746NG/ARMC6/mbed-os/hal/source/mbed_ticker_api.o
    0x0800933a   0x00000006   PAD
    0x08009340   0x00000038   Code   RO         2139    .text.ticker_remove_event  BUILD/DISCO_F746NG/ARMC6/mbed-os/hal/source/mbed_ticker_api.o
    0x08009378   0x0000001c   Code   RO         2119    .text.ticker_set_handler  BUILD/DISCO_F746NG/ARMC6/mbed-os/hal/source/mbed_ticker_api.o
    0x08009394   0x00000004   PAD
    0x08009398   0x00000036   Code   RO         9807    .text.timer_irq_handler  BUILD/DISCO_F746NG/ARMC6/mbed-os/targets/TARGET_STM/us_ticker.o
    0x080093ce   0x00000002   PAD
    0x080093d0   0x00000010   Code   RO         8822    .text.uart1_irq     BUILD/DISCO_F746NG/ARMC6/mbed-os/targets/TARGET_STM/TARGET_STM32F7/serial_device.o
    0x080093e0   0x00000010   Code   RO         8824    .text.uart2_irq     BUILD/DISCO_F746NG/ARMC6/mbed-os/targets/TARGET_STM/TARGET_STM32F7/serial_device.o
    0x080093f0   0x00000010   Code   RO         8826    .text.uart3_irq     BUILD/DISCO_F746NG/ARMC6/mbed-os/targets/TARGET_STM/TARGET_STM32F7/serial_device.o
    0x08009400   0x00000010   Code   RO         8828    .text.uart4_irq     BUILD/DISCO_F746NG/ARMC6/mbed-os/targets/TARGET_STM/TARGET_STM32F7/serial_device.o
    0x08009410   0x00000010   Code   RO         8830    .text.uart5_irq     BUILD/DISCO_F746NG/ARMC6/mbed-os/targets/TARGET_STM/TARGET_STM32F7/serial_device.o
    0x08009420   0x00000010   Code   RO         8832    .text.uart6_irq     BUILD/DISCO_F746NG/ARMC6/mbed-os/targets/TARGET_STM/TARGET_STM32F7/serial_device.o
    0x08009430   0x00000010   Code   RO         8834    .text.uart7_irq     BUILD/DISCO_F746NG/ARMC6/mbed-os/targets/TARGET_STM/TARGET_STM32F7/serial_device.o
    0x08009440   0x00000010   Code   RO         8836    .text.uart8_irq     BUILD/DISCO_F746NG/ARMC6/mbed-os/targets/TARGET_STM/TARGET_STM32F7/serial_device.o
    0x08009450   0x00000098   Code   RO         8882    .text.uart_irq      BUILD/DISCO_F746NG/ARMC6/mbed-os/targets/TARGET_STM/TARGET_STM32F7/serial_device.o
    0x080094e8   0x0000008c   Code   RO         2127    .text.update_present_time  BUILD/DISCO_F746NG/ARMC6/mbed-os/hal/source/mbed_ticker_api.o
    0x08009574   0x00000004   PAD
    0x08009578   0x00000012   Code   RO         9827    .text.us_ticker_clear_interrupt  BUILD/DISCO_F746NG/ARMC6/mbed-os/targets/TARGET_STM/us_ticker.o
    0x0800958a   0x00000006   PAD
    0x08009590   0x00000014   Code   RO         9825    .text.us_ticker_disable_interrupt  BUILD/DISCO_F746NG/ARMC6/mbed-os/targets/TARGET_STM/us_ticker.o
    0x080095a4   0x00000004   PAD
    0x080095a8   0x00000022   Code   RO         9821    .text.us_ticker_fire_interrupt  BUILD/DISCO_F746NG/ARMC6/mbed-os/targets/TARGET_STM/us_ticker.o
    0x080095ca   0x00000006   PAD
    0x080095d0   0x0000000a   Code   RO         9805    .text.us_ticker_get_info  BUILD/DISCO_F746NG/ARMC6/mbed-os/targets/TARGET_STM/us_ticker.o
    0x080095da   0x00000006   PAD
    0x080095e0   0x0000001c   Code   RO         9815    .text.us_ticker_init  BUILD/DISCO_F746NG/ARMC6/mbed-os/targets/TARGET_STM/us_ticker.o
    0x080095fc   0x00000004   PAD
    0x08009600   0x0000001e   Code   RO         2171    .text.us_ticker_irq_handler  BUILD/DISCO_F746NG/ARMC6/mbed-os/hal/source/mbed_us_ticker_api.o
    0x0800961e   0x00000002   PAD
    0x08009620   0x0000000c   Code   RO         9817    .text.us_ticker_read  BUILD/DISCO_F746NG/ARMC6/mbed-os/targets/TARGET_STM/us_ticker.o
    0x0800962c   0x00000004   PAD
    0x08009630   0x0000001c   Code   RO         9819    .text.us_ticker_set_interrupt  BUILD/DISCO_F746NG/ARMC6/mbed-os/targets/TARGET_STM/us_ticker.o
    0x0800964c   0x00000004   PAD
    0x08009650   0x00000032   Code   RO         3208    .text.write         BUILD/DISCO_F746NG/ARMC6/mbed-os/platform/source/mbed_retarget.o
    0x08009682   0x0000003e   Code   RO        10553    CL$$btod_d2e        c:\Users\samet\AppData\Local\Mbed Studio\mbed-studio-tools\ac6\bin\..\lib\armlib\c_w.l(btod.o)
    0x080096c0   0x00000046   Code   RO        10555    CL$$btod_d2e_denorm_low  c:\Users\samet\AppData\Local\Mbed Studio\mbed-studio-tools\ac6\bin\..\lib\armlib\c_w.l(btod.o)
    0x08009706   0x00000060   Code   RO        10554    CL$$btod_d2e_norm_op1  c:\Users\samet\AppData\Local\Mbed Studio\mbed-studio-tools\ac6\bin\..\lib\armlib\c_w.l(btod.o)
    0x08009766   0x00000002   PAD
    0x08009768   0x00000338   Code   RO        10563    CL$$btod_div_common  c:\Users\samet\AppData\Local\Mbed Studio\mbed-studio-tools\ac6\bin\..\lib\armlib\c_w.l(btod.o)
    0x08009aa0   0x000000dc   Code   RO        10560    CL$$btod_e2e        c:\Users\samet\AppData\Local\Mbed Studio\mbed-studio-tools\ac6\bin\..\lib\armlib\c_w.l(btod.o)
    0x08009b7c   0x0000002a   Code   RO        10557    CL$$btod_ediv       c:\Users\samet\AppData\Local\Mbed Studio\mbed-studio-tools\ac6\bin\..\lib\armlib\c_w.l(btod.o)
    0x08009ba6   0x0000002a   Code   RO        10556    CL$$btod_emul       c:\Users\samet\AppData\Local\Mbed Studio\mbed-studio-tools\ac6\bin\..\lib\armlib\c_w.l(btod.o)
    0x08009bd0   0x00000244   Code   RO        10562    CL$$btod_mult_common  c:\Users\samet\AppData\Local\Mbed Studio\mbed-studio-tools\ac6\bin\..\lib\armlib\c_w.l(btod.o)
    0x08009e14   0x00000030   Code   RO        10657    i.__ARM_fpclassify  c:\Users\samet\AppData\Local\Mbed Studio\mbed-studio-tools\ac6\bin\..\lib\armlib\m_wm.l(fpclassify.o)
    0x08009e44   0x00000026   Code   RO        10471    i.__ARM_fpclassifyf  c:\Users\samet\AppData\Local\Mbed Studio\mbed-studio-tools\ac6\bin\..\lib\armlib\m_wm.l(fpclassifyf.o)
    0x08009e6a   0x00000002   PAD
    0x08009e6c   0x00000150   Code   RO        10213    i.__hardfp_cosf     c:\Users\samet\AppData\Local\Mbed Studio\mbed-studio-tools\ac6\bin\..\lib\armlib\m_wm.l(cosf.o)
    0x08009fbc   0x000001ec   Code   RO        10219    i.__hardfp_expf     c:\Users\samet\AppData\Local\Mbed Studio\mbed-studio-tools\ac6\bin\..\lib\armlib\m_wm.l(expf.o)
    0x0800a1a8   0x0000016c   Code   RO        10226    i.__hardfp_logf     c:\Users\samet\AppData\Local\Mbed Studio\mbed-studio-tools\ac6\bin\..\lib\armlib\m_wm.l(logf.o)
    0x0800a314   0x0000003a   Code   RO        10233    i.__hardfp_sqrtf    c:\Users\samet\AppData\Local\Mbed Studio\mbed-studio-tools\ac6\bin\..\lib\armlib\m_wm.l(sqrtf.o)
    0x0800a34e   0x00000002   PAD
    0x0800a350   0x00000014   Code   RO        10473    i.__mathlib_flt_divzero  c:\Users\samet\AppData\Local\Mbed Studio\mbed-studio-tools\ac6\bin\..\lib\armlib\m_wm.l(funder.o)
    0x0800a364   0x00000006   Code   RO        10474    i.__mathlib_flt_infnan  c:\Users\samet\AppData\Local\Mbed Studio\mbed-studio-tools\ac6\bin\..\lib\armlib\m_wm.l(funder.o)
    0x0800a36a   0x00000002   PAD
    0x0800a36c   0x00000010   Code   RO        10476    i.__mathlib_flt_invalid  c:\Users\samet\AppData\Local\Mbed Studio\mbed-studio-tools\ac6\bin\..\lib\armlib\m_wm.l(funder.o)
    0x0800a37c   0x00000010   Code   RO        10477    i.__mathlib_flt_overflow  c:\Users\samet\AppData\Local\Mbed Studio\mbed-studio-tools\ac6\bin\..\lib\armlib\m_wm.l(funder.o)
    0x0800a38c   0x00000010   Code   RO        10479    i.__mathlib_flt_underflow  c:\Users\samet\AppData\Local\Mbed Studio\mbed-studio-tools\ac6\bin\..\lib\armlib\m_wm.l(funder.o)
    0x0800a39c   0x00000154   Code   RO        10487    i.__mathlib_rredf2  c:\Users\samet\AppData\Local\Mbed Studio\mbed-studio-tools\ac6\bin\..\lib\armlib\m_wm.l(rredf.o)
    0x0800a4f0   0x0000000e   Code   RO        10035    i._is_digit         c:\Users\samet\AppData\Local\Mbed Studio\mbed-studio-tools\ac6\bin\..\lib\armlib\c_w.l(__printf_wp.o)
    0x0800a4fe   0x0000001a   Code   RO        10068    i.fputc             c:\Users\samet\AppData\Local\Mbed Studio\mbed-studio-tools\ac6\bin\..\lib\armlib\c_w.l(fputc.o)
    0x0800a518   0x0000002c   Code   RO        10606    locale$$code        c:\Users\samet\AppData\Local\Mbed Studio\mbed-studio-tools\ac6\bin\..\lib\armlib\c_w.l(lc_numeric_c.o)
    0x0800a544   0x0000002c   Code   RO        10722    locale$$code        c:\Users\samet\AppData\Local\Mbed Studio\mbed-studio-tools\ac6\bin\..\lib\armlib\c_w.l(lc_ctype_c.o)
    0x0800a570   0x0000000c   Code   RO        10435    x$fpl$dretinf       c:\Users\samet\AppData\Local\Mbed Studio\mbed-studio-tools\ac6\bin\..\lib\armlib\fz_wm.l(dretinf.o)
    0x0800a57c   0x00000056   Code   RO        10156    x$fpl$f2d           c:\Users\samet\AppData\Local\Mbed Studio\mbed-studio-tools\ac6\bin\..\lib\armlib\fz_wm.l(f2d.o)
    0x0800a5d2   0x0000008c   Code   RO        10437    x$fpl$fnaninf       c:\Users\samet\AppData\Local\Mbed Studio\mbed-studio-tools\ac6\bin\..\lib\armlib\fz_wm.l(fnaninf.o)
    0x0800a65e   0x0000001a   Code   RO        10645    x$fpl$fpinit        c:\Users\samet\AppData\Local\Mbed Studio\mbed-studio-tools\ac6\bin\..\lib\armlib\fz_wm.l(fpinit.o)
    0x0800a678   0x00000004   Code   RO        10160    x$fpl$printf1       c:\Users\samet\AppData\Local\Mbed Studio\mbed-studio-tools\ac6\bin\..\lib\armlib\fz_wm.l(printf1.o)
    0x0800a67c   0x00000004   Code   RO        10439    x$fpl$printf2       c:\Users\samet\AppData\Local\Mbed Studio\mbed-studio-tools\ac6\bin\..\lib\armlib\fz_wm.l(printf2.o)
    0x0800a680   0x00000000   Code   RO        10447    x$fpl$usenofp       c:\Users\samet\AppData\Local\Mbed Studio\mbed-studio-tools\ac6\bin\..\lib\armlib\fz_wm.l(usenofp.o)
    0x0800a680   0x00000028   Data   RO        10023    .constdata          c:\Users\samet\AppData\Local\Mbed Studio\mbed-studio-tools\ac6\bin\..\lib\armlib\c_w.l(_printf_hex_int_ll_ptr.o)
    0x0800a6a8   0x00000011   Data   RO        10043    .constdata          c:\Users\samet\AppData\Local\Mbed Studio\mbed-studio-tools\ac6\bin\..\lib\armlib\c_w.l(__printf_flags_ss_wp.o)
    0x0800a6b9   0x00000003   PAD
    0x0800a6bc   0x00000030   Data   RO        10222    .constdata          c:\Users\samet\AppData\Local\Mbed Studio\mbed-studio-tools\ac6\bin\..\lib\armlib\m_wm.l(expf.o)
    0x0800a6ec   0x00000040   Data   RO        10229    .constdata          c:\Users\samet\AppData\Local\Mbed Studio\mbed-studio-tools\ac6\bin\..\lib\armlib\m_wm.l(logf.o)
    0x0800a72c   0x00000008   Data   RO        10301    .constdata          c:\Users\samet\AppData\Local\Mbed Studio\mbed-studio-tools\ac6\bin\..\lib\armlib\c_w.l(_printf_wctomb.o)
    0x0800a734   0x00000020   Data   RO        10488    .constdata          c:\Users\samet\AppData\Local\Mbed Studio\mbed-studio-tools\ac6\bin\..\lib\armlib\m_wm.l(rredf.o)
    0x0800a754   0x00000026   Data   RO        10530    .constdata          c:\Users\samet\AppData\Local\Mbed Studio\mbed-studio-tools\ac6\bin\..\lib\armlib\c_w.l(_printf_fp_hex.o)
    0x0800a77a   0x00000002   PAD
    0x0800a77c   0x00000094   Data   RO        10551    .constdata          c:\Users\samet\AppData\Local\Mbed Studio\mbed-studio-tools\ac6\bin\..\lib\armlib\c_w.l(bigflt0.o)
    0x0800a810   0x00000000   Data   RO         3418    .rodata             BUILD/DISCO_F746NG/ARMC6/mbed-os/platform/source/mbed_sdk_boot.o
    0x0800a810   0x00000010   Data   RO         8675    .rodata.AHBPrescTable  BUILD/DISCO_F746NG/ARMC6/mbed-os/targets/TARGET_STM/TARGET_STM32F7/STM32Cube_FW/system_stm32f7xx.o
    0x0800a820   0x00000008   Data   RO         8676    .rodata.APBPrescTable  BUILD/DISCO_F746NG/ARMC6/mbed-os/targets/TARGET_STM/TARGET_STM32F7/STM32Cube_FW/system_stm32f7xx.o
    0x0800a828   0x000000c0   Data   RO         8692    .rodata.PinMap_UART_RX  BUILD/DISCO_F746NG/ARMC6/mbed-os/targets/TARGET_STM/TARGET_STM32F7/TARGET_STM32F746xG/TARGET_DISCO_F746NG/PeripheralPins.o
    0x0800a8e8   0x000000c0   Data   RO         8691    .rodata.PinMap_UART_TX  BUILD/DISCO_F746NG/ARMC6/mbed-os/targets/TARGET_STM/TARGET_STM32F7/TARGET_STM32F746xG/TARGET_DISCO_F746NG/PeripheralPins.o
    0x0800a9a8   0x00000050   Data   RO         3333    .rodata._ZTV12DirectSerial  BUILD/DISCO_F746NG/ARMC6/mbed-os/platform/source/mbed_retarget.o
    0x0800a9f8   0x00000050   Data   RO         2454    .rodata._ZTVN4mbed10FileHandleE  BUILD/DISCO_F746NG/ARMC6/mbed-os/platform/source/FileHandle.o
    0x0800aa48   0x00000018   Data   RO         1610    .rodata._ZTVN4mbed10SerialBaseE  BUILD/DISCO_F746NG/ARMC6/mbed-os/drivers/source/SerialBase.o
    0x0800aa60   0x0000000c   Data   RO         1781    .rodata._ZTVN4mbed10TimerEventE  BUILD/DISCO_F746NG/ARMC6/mbed-os/drivers/source/TimerEvent.o
    0x0800aa6c   0x0000008c   Data   RO         1809    .rodata._ZTVN4mbed16UnbufferedSerialE  BUILD/DISCO_F746NG/ARMC6/mbed-os/drivers/source/UnbufferedSerial.o
    0x0800aaf8   0x0000000c   Data   RO         2742    .rodata._ZTVN4mbed8internal8SysTimerINSt3__25ratioILx1ELx1000EEELb1EEE  BUILD/DISCO_F746NG/ARMC6/mbed-os/platform/source/SysTimer.o
    0x0800ab04   0x00000018   Data   RO         3343    .rodata._ZZL15default_consolevE14console_pinmap  BUILD/DISCO_F746NG/ARMC6/mbed-os/platform/source/mbed_retarget.o
    0x0800ab1c   0x00000008   Data   RO         3330    .rodata.__stderr_name  BUILD/DISCO_F746NG/ARMC6/mbed-os/platform/source/mbed_retarget.o
    0x0800ab24   0x00000007   Data   RO         3328    .rodata.__stdin_name  BUILD/DISCO_F746NG/ARMC6/mbed-os/platform/source/mbed_retarget.o
    0x0800ab2b   0x00000008   Data   RO         3329    .rodata.__stdout_name  BUILD/DISCO_F746NG/ARMC6/mbed-os/platform/source/mbed_retarget.o
    0x0800ab33   0x00000001   PAD
    0x0800ab34   0x00000e10   Data   RO          270    .rodata.armBitRevIndexTable1024  BUILD/DISCO_F746NG/ARMC6/Extra/CMSIS-DSP/Source/arm_common_tables.o
    0x0800b944   0x000001a0   Data   RO          267    .rodata.armBitRevIndexTable128  BUILD/DISCO_F746NG/ARMC6/Extra/CMSIS-DSP/Source/arm_common_tables.o
    0x0800bae4   0x00000028   Data   RO          264    .rodata.armBitRevIndexTable16  BUILD/DISCO_F746NG/ARMC6/Extra/CMSIS-DSP/Source/arm_common_tables.o
    0x0800bb0c   0x00001dc0   Data   RO          271    .rodata.armBitRevIndexTable2048  BUILD/DISCO_F746NG/ARMC6/Extra/CMSIS-DSP/Source/arm_common_tables.o
    0x0800d8cc   0x00000370   Data   RO          268    .rodata.armBitRevIndexTable256  BUILD/DISCO_F746NG/ARMC6/Extra/CMSIS-DSP/Source/arm_common_tables.o
    0x0800dc3c   0x00000060   Data   RO          265    .rodata.armBitRevIndexTable32  BUILD/DISCO_F746NG/ARMC6/Extra/CMSIS-DSP/Source/arm_common_tables.o
    0x0800dc9c   0x00000380   Data   RO          269    .rodata.armBitRevIndexTable512  BUILD/DISCO_F746NG/ARMC6/Extra/CMSIS-DSP/Source/arm_common_tables.o
    0x0800e01c   0x00000070   Data   RO          266    .rodata.armBitRevIndexTable64  BUILD/DISCO_F746NG/ARMC6/Extra/CMSIS-DSP/Source/arm_common_tables.o
    0x0800e08c   0x00000010   Data   RO          331    .rodata.arm_cfft_sR_f32_len1024  BUILD/DISCO_F746NG/ARMC6/Extra/CMSIS-DSP/Source/arm_const_structs.o
    0x0800e09c   0x00000010   Data   RO          328    .rodata.arm_cfft_sR_f32_len128  BUILD/DISCO_F746NG/ARMC6/Extra/CMSIS-DSP/Source/arm_const_structs.o
    0x0800e0ac   0x00000010   Data   RO          325    .rodata.arm_cfft_sR_f32_len16  BUILD/DISCO_F746NG/ARMC6/Extra/CMSIS-DSP/Source/arm_const_structs.o
    0x0800e0bc   0x00000010   Data   RO          332    .rodata.arm_cfft_sR_f32_len2048  BUILD/DISCO_F746NG/ARMC6/Extra/CMSIS-DSP/Source/arm_const_structs.o
    0x0800e0cc   0x00000010   Data   RO          329    .rodata.arm_cfft_sR_f32_len256  BUILD/DISCO_F746NG/ARMC6/Extra/CMSIS-DSP/Source/arm_const_structs.o
    0x0800e0dc   0x00000010   Data   RO          326    .rodata.arm_cfft_sR_f32_len32  BUILD/DISCO_F746NG/ARMC6/Extra/CMSIS-DSP/Source/arm_const_structs.o
    0x0800e0ec   0x00000010   Data   RO          330    .rodata.arm_cfft_sR_f32_len512  BUILD/DISCO_F746NG/ARMC6/Extra/CMSIS-DSP/Source/arm_const_structs.o
    0x0800e0fc   0x00000010   Data   RO          327    .rodata.arm_cfft_sR_f32_len64  BUILD/DISCO_F746NG/ARMC6/Extra/CMSIS-DSP/Source/arm_const_structs.o
    0x0800e10c   0x00000040   Data   RO         9442    .rodata.ll_pin_defines  BUILD/DISCO_F746NG/ARMC6/mbed-os/targets/TARGET_STM/pinmap.o
    0x0800e14c   0x00000008   Data   RO         2044    .rodata.lp_data     BUILD/DISCO_F746NG/ARMC6/mbed-os/hal/source/mbed_lp_ticker_api.o
    0x0800e154   0x00000024   Data   RO         2046    .rodata.lp_interface  BUILD/DISCO_F746NG/ARMC6/mbed-os/hal/source/mbed_lp_ticker_api.o
    0x0800e178   0x00000008   Data   RO         9363    .rodata.lp_ticker_get_info.info  BUILD/DISCO_F746NG/ARMC6/mbed-os/targets/TARGET_STM/lp_ticker.o
    0x0800e180   0x00000002   Data   RO          514    .rodata.str1.1      BUILD/DISCO_F746NG/ARMC6/main.o
    0x0800e182   0x00000056   Data   RO         1455    .rodata.str1.1      BUILD/DISCO_F746NG/ARMC6/mbed-os/drivers/source/SPI.o
    0x0800e1d8   0x0000003b   Data   RO         1611    .rodata.str1.1      BUILD/DISCO_F746NG/ARMC6/mbed-os/drivers/source/SerialBase.o
    0x0800e213   0x0000004e   Data   RO         2592    .rodata.str1.1      BUILD/DISCO_F746NG/ARMC6/mbed-os/platform/source/SysTimer.o
    0x0800e261   0x000000e0   Data   RO         2754    .rodata.str1.1      BUILD/DISCO_F746NG/ARMC6/mbed-os/platform/source/TARGET_CORTEX_M/mbed_fault_handler.o
    0x0800e341   0x000000f1   Data   RO         2986    .rodata.str1.1      BUILD/DISCO_F746NG/ARMC6/mbed-os/platform/source/mbed_error.o
    0x0800e432   0x00000063   Data   RO         3337    .rodata.str1.1      BUILD/DISCO_F746NG/ARMC6/mbed-os/platform/source/mbed_retarget.o
    0x0800e495   0x0000002a   Data   RO         9627    .rodata.str1.1      BUILD/DISCO_F746NG/ARMC6/mbed-os/targets/TARGET_STM/serial_api.o
    0x0800e4bf   0x00000001   PAD
    0x0800e4c0   0x00002000   Data   RO          234    .rodata.twiddleCoef_1024  BUILD/DISCO_F746NG/ARMC6/Extra/CMSIS-DSP/Source/arm_common_tables.o
    0x080104c0   0x00000400   Data   RO          231    .rodata.twiddleCoef_128  BUILD/DISCO_F746NG/ARMC6/Extra/CMSIS-DSP/Source/arm_common_tables.o
    0x080108c0   0x00000080   Data   RO          228    .rodata.twiddleCoef_16  BUILD/DISCO_F746NG/ARMC6/Extra/CMSIS-DSP/Source/arm_common_tables.o
    0x08010940   0x00004000   Data   RO          235    .rodata.twiddleCoef_2048  BUILD/DISCO_F746NG/ARMC6/Extra/CMSIS-DSP/Source/arm_common_tables.o
    0x08014940   0x00000800   Data   RO          232    .rodata.twiddleCoef_256  BUILD/DISCO_F746NG/ARMC6/Extra/CMSIS-DSP/Source/arm_common_tables.o
    0x08015140   0x00000100   Data   RO          229    .rodata.twiddleCoef_32  BUILD/DISCO_F746NG/ARMC6/Extra/CMSIS-DSP/Source/arm_common_tables.o
    0x08015240   0x00001000   Data   RO          233    .rodata.twiddleCoef_512  BUILD/DISCO_F746NG/ARMC6/Extra/CMSIS-DSP/Source/arm_common_tables.o
    0x08016240   0x00000200   Data   RO          230    .rodata.twiddleCoef_64  BUILD/DISCO_F746NG/ARMC6/Extra/CMSIS-DSP/Source/arm_common_tables.o
    0x08016440   0x00001000   Data   RO          295    .rodata.twiddleCoef_rfft_1024  BUILD/DISCO_F746NG/ARMC6/Extra/CMSIS-DSP/Source/arm_common_tables.o
    0x08017440   0x00000200   Data   RO          292    .rodata.twiddleCoef_rfft_128  BUILD/DISCO_F746NG/ARMC6/Extra/CMSIS-DSP/Source/arm_common_tables.o
    0x08017640   0x00002000   Data   RO          296    .rodata.twiddleCoef_rfft_2048  BUILD/DISCO_F746NG/ARMC6/Extra/CMSIS-DSP/Source/arm_common_tables.o
    0x08019640   0x00000400   Data   RO          293    .rodata.twiddleCoef_rfft_256  BUILD/DISCO_F746NG/ARMC6/Extra/CMSIS-DSP/Source/arm_common_tables.o
    0x08019a40   0x00000080   Data   RO          290    .rodata.twiddleCoef_rfft_32  BUILD/DISCO_F746NG/ARMC6/Extra/CMSIS-DSP/Source/arm_common_tables.o
    0x08019ac0   0x00004000   Data   RO          297    .rodata.twiddleCoef_rfft_4096  BUILD/DISCO_F746NG/ARMC6/Extra/CMSIS-DSP/Source/arm_common_tables.o
    0x0801dac0   0x00000800   Data   RO          294    .rodata.twiddleCoef_rfft_512  BUILD/DISCO_F746NG/ARMC6/Extra/CMSIS-DSP/Source/arm_common_tables.o
    0x0801e2c0   0x00000100   Data   RO          291    .rodata.twiddleCoef_rfft_64  BUILD/DISCO_F746NG/ARMC6/Extra/CMSIS-DSP/Source/arm_common_tables.o
    0x0801e3c0   0x00000008   Data   RO         2175    .rodata.us_data     BUILD/DISCO_F746NG/ARMC6/mbed-os/hal/source/mbed_us_ticker_api.o
    0x0801e3c8   0x00000024   Data   RO         2177    .rodata.us_interface  BUILD/DISCO_F746NG/ARMC6/mbed-os/hal/source/mbed_us_ticker_api.o
    0x0801e3ec   0x00000008   Data   RO         9835    .rodata.us_ticker_get_info.info  BUILD/DISCO_F746NG/ARMC6/mbed-os/targets/TARGET_STM/us_ticker.o
    0x0801e3f4   0x00000020   Data   RO        10788    Region$$Table       anon$$obj.o
    0x0801e414   0x0000001c   Data   RO        10605    locale$$data        c:\Users\samet\AppData\Local\Mbed Studio\mbed-studio-tools\ac6\bin\..\lib\armlib\c_w.l(lc_numeric_c.o)
    0x0801e430   0x00000110   Data   RO        10721    locale$$data        c:\Users\samet\AppData\Local\Mbed Studio\mbed-studio-tools\ac6\bin\..\lib\armlib\c_w.l(lc_ctype_c.o)
    0x0801e540   0x00000004   Data   RO          515    .init_array         BUILD/DISCO_F746NG/ARMC6/main.o
    0x0801e544   0x00000000   Data   RO        10129    .init_array         c:\Users\samet\AppData\Local\Mbed Studio\mbed-studio-tools\ac6\bin\..\lib\armlib\c_w.l(init_aeabi.o)


    Execution Region RW_m_crash_data (Base: 0x200001c8, Size: 0x00000100, Max: 0x00000100, ABSOLUTE)

    Base Addr    Size         Type   Attr      Idx    E Section Name        Object

    0x200001c8   0x00000100   Zero   RW            1    RW_m_crash_data.bss  anon$$obj.o


    Execution Region RW_IRAM1 (Base: 0x200002c8, Size: 0x00014b1c, Max: 0x0004ed38, ABSOLUTE)

    Base Addr    Size         Type   Attr      Idx    E Section Name        Object

    0x200002c8   0x00000004   Data   RW        10084    .data               c:\Users\samet\AppData\Local\Mbed Studio\mbed-studio-tools\ac6\bin\..\lib\armlib\c_w.l(stdio_streams.o)
    0x200002cc   0x00000004   Data   RW        10085    .data               c:\Users\samet\AppData\Local\Mbed Studio\mbed-studio-tools\ac6\bin\..\lib\armlib\c_w.l(stdio_streams.o)
    0x200002d0   0x00000004   Data   RW        10086    .data               c:\Users\samet\AppData\Local\Mbed Studio\mbed-studio-tools\ac6\bin\..\lib\armlib\c_w.l(stdio_streams.o)
    0x200002d4   0x00000004   Data   RW         8674    .data.SystemCoreClock  BUILD/DISCO_F746NG/ARMC6/mbed-os/targets/TARGET_STM/TARGET_STM32F7/STM32Cube_FW/system_stm32f7xx.o
    0x200002d8   0x00000040   Data   RW         3342    .data._ZL11filehandles  BUILD/DISCO_F746NG/ARMC6/mbed-os/platform/source/mbed_retarget.o
    0x20000318   0x00000004   Data   RW         2045    .data.irq_handler   BUILD/DISCO_F746NG/ARMC6/mbed-os/hal/source/mbed_lp_ticker_api.o
    0x2000031c   0x00000004   Data   RW         2176    .data.irq_handler   BUILD/DISCO_F746NG/ARMC6/mbed-os/hal/source/mbed_us_ticker_api.o
    0x20000320   0x00000004   Data   RW         4304    .data.uwTickPrio    BUILD/DISCO_F746NG/ARMC6/mbed-os/targets/TARGET_STM/TARGET_STM32F7/STM32Cube_FW/STM32F7xx_HAL_Driver/stm32f7xx_hal.o
    0x20000324   0x00000004   Zero   RW         9908    .bss                c:\Users\samet\AppData\Local\Mbed Studio\mbed-studio-tools\ac6\bin\..\lib\armlib\c_w.l(rt_errno_addr.o)
    0x20000328   0x00000054   Zero   RW        10081    .bss                c:\Users\samet\AppData\Local\Mbed Studio\mbed-studio-tools\ac6\bin\..\lib\armlib\c_w.l(stdio_streams.o)
    0x2000037c   0x00000054   Zero   RW        10082    .bss                c:\Users\samet\AppData\Local\Mbed Studio\mbed-studio-tools\ac6\bin\..\lib\armlib\c_w.l(stdio_streams.o)
    0x200003d0   0x00000054   Zero   RW        10083    .bss                c:\Users\samet\AppData\Local\Mbed Studio\mbed-studio-tools\ac6\bin\..\lib\armlib\c_w.l(stdio_streams.o)
    0x20000424   0x00000004   Zero   RW        10252    .bss                c:\Users\samet\AppData\Local\Mbed Studio\mbed-studio-tools\ac6\bin\..\lib\armlib\c_w.l(rt_heap_descriptor.o)
    0x20000428   0x00000014   Zero   RW        10513    .bss                c:\Users\samet\AppData\Local\Mbed Studio\mbed-studio-tools\ac6\bin\..\lib\armlib\c_w.l(rt_locale.o)
    0x2000043c   0x00000001   Zero   RW         9371    .bss.LPTICKER_inited  BUILD/DISCO_F746NG/ARMC6/mbed-os/targets/TARGET_STM/lp_ticker.o
    0x2000043d   0x00000003   PAD
    0x20000440   0x00000030   Zero   RW         9372    .bss.LptimHandle    BUILD/DISCO_F746NG/ARMC6/mbed-os/targets/TARGET_STM/lp_ticker.o
    0x20000470   0x0000004c   Zero   RW         9836    .bss.TimMasterHandle  BUILD/DISCO_F746NG/ARMC6/mbed-os/targets/TARGET_STM/us_ticker.o
    0x200004bc   0x00000004   Zero   RW         3345    .bss._ZGVZL15default_consolevE7console  BUILD/DISCO_F746NG/ARMC6/mbed-os/platform/source/mbed_retarget.o
    0x200004c0   0x00000010   Zero   RW         3335    .bss._ZL13stdio_in_prev  BUILD/DISCO_F746NG/ARMC6/mbed-os/platform/source/mbed_retarget.o
    0x200004d0   0x00000010   Zero   RW         3336    .bss._ZL14stdio_out_prev  BUILD/DISCO_F746NG/ARMC6/mbed-os/platform/source/mbed_retarget.o
    0x200004e0   0x00000008   Zero   RW         3341    .bss._ZL16filehandle_mutex  BUILD/DISCO_F746NG/ARMC6/mbed-os/platform/source/mbed_retarget.o
    0x200004e8   0x000000e8   Zero   RW          513    .bss._ZL2pc         BUILD/DISCO_F746NG/ARMC6/main.o
    0x200005d0   0x00000004   Zero   RW         2362    .bss._ZN10CThunkBase17_cthunk_free_realE  BUILD/DISCO_F746NG/ARMC6/mbed-os/platform/source/CThunkBase.o
    0x200005d4   0x00000004   Zero   RW         2440    .bss._ZN4mbed8FileBase5_headE  BUILD/DISCO_F746NG/ARMC6/mbed-os/platform/source/FileBase.o
    0x200005d8   0x00000008   Zero   RW         2441    .bss._ZN4mbed8FileBase6_mutexE  BUILD/DISCO_F746NG/ARMC6/mbed-os/platform/source/FileBase.o
    0x200005e0   0x00000004   Zero   RW         2442    .bss._ZN4mbed8FileBase8_defaultE  BUILD/DISCO_F746NG/ARMC6/mbed-os/platform/source/FileBase.o
    0x200005e4   0x00000004   PAD
    0x200005e8   0x00000048   Zero   RW         3080    .bss._ZN4mbed8internal12_GLOBAL__N_113os_timer_dataE  BUILD/DISCO_F746NG/ARMC6/mbed-os/platform/source/mbed_os_timer.o
    0x20000630   0x00000004   Zero   RW         3079    .bss._ZN4mbed8internal8os_timerE  BUILD/DISCO_F746NG/ARMC6/mbed-os/platform/source/mbed_os_timer.o
    0x20000634   0x00000004   Zero   RW         3344    .bss._ZZL15default_consolevE7console  BUILD/DISCO_F746NG/ARMC6/mbed-os/platform/source/mbed_retarget.o
    0x20000638   0x00000008   Zero   RW         9113    .bss.can_irq_contexts  BUILD/DISCO_F746NG/ARMC6/mbed-os/targets/TARGET_STM/can_api.o
    0x20000640   0x00000001   Zero   RW         1983    .bss.critical_interrupts_enabled  BUILD/DISCO_F746NG/ARMC6/mbed-os/hal/source/mbed_critical_section_api.o
    0x20000641   0x00000003   PAD
    0x20000644   0x00000004   Zero   RW         2928    .bss.critical_section_reentrancy_counter  BUILD/DISCO_F746NG/ARMC6/mbed-os/platform/source/mbed_critical.o
    0x20000648   0x00000002   Zero   RW         3145    .bss.deep_sleep_lock  BUILD/DISCO_F746NG/ARMC6/mbed-os/platform/source/mbed_power_mgmt.o
    0x2000064a   0x00000002   PAD
    0x2000064c   0x00000004   Zero   RW         2983    .bss.error_count    BUILD/DISCO_F746NG/ARMC6/mbed-os/platform/source/mbed_error.o
    0x20000650   0x00000004   Zero   RW         2984    .bss.error_hook     BUILD/DISCO_F746NG/ARMC6/mbed-os/platform/source/mbed_error.o
    0x20000654   0x00000004   PAD
    0x20000658   0x00000038   Zero   RW         2047    .bss.events         BUILD/DISCO_F746NG/ARMC6/mbed-os/hal/source/mbed_lp_ticker_api.o
    0x20000690   0x00000038   Zero   RW         2178    .bss.events         BUILD/DISCO_F746NG/ARMC6/mbed-os/hal/source/mbed_us_ticker_api.o
    0x200006c8   0x00000034   Zero   RW         2982    .bss.first_error_ctx  BUILD/DISCO_F746NG/ARMC6/mbed-os/platform/source/mbed_error.o
    0x200006fc   0x00000001   Zero   RW         9366    .bss.future_event_flag  BUILD/DISCO_F746NG/ARMC6/mbed-os/targets/TARGET_STM/lp_ticker.o
    0x200006fd   0x00000003   PAD
    0x20000700   0x00000680   Zero   RW         9886    .bss.g_dct          BUILD/DISCO_F746NG/ARMC6/mfcc.o
    0x20000d80   0x00000080   Zero   RW         9888    .bss.g_fLen         BUILD/DISCO_F746NG/ARMC6/mfcc.o
    0x20000e00   0x00000080   Zero   RW         9889    .bss.g_fOffs        BUILD/DISCO_F746NG/ARMC6/mfcc.o
    0x20000e80   0x00000080   Zero   RW         9887    .bss.g_fPos         BUILD/DISCO_F746NG/ARMC6/mfcc.o
    0x20000f00   0x00001000   Zero   RW         9892    .bss.g_fftbuf       BUILD/DISCO_F746NG/ARMC6/mfcc.o
    0x20001f00   0x00001000   Zero   RW         9891    .bss.g_frame        BUILD/DISCO_F746NG/ARMC6/mfcc.o
    0x20002f00   0x00000088   Zero   RW         9895    .bss.g_melC         BUILD/DISCO_F746NG/ARMC6/mfcc.o
    0x20002f88   0x00000080   Zero   RW         9894    .bss.g_melE         BUILD/DISCO_F746NG/ARMC6/mfcc.o
    0x20003008   0x00010080   Zero   RW         9890    .bss.g_pack         BUILD/DISCO_F746NG/ARMC6/mfcc.o
    0x20013088   0x00000804   Zero   RW         9893    .bss.g_pows         BUILD/DISCO_F746NG/ARMC6/mfcc.o
    0x2001388c   0x00001000   Zero   RW         9885    .bss.g_window       BUILD/DISCO_F746NG/ARMC6/mfcc.o
    0x2001488c   0x00000001   Zero   RW         2985    .bss.halt_in_progress  BUILD/DISCO_F746NG/ARMC6/mbed-os/platform/source/mbed_error.o
    0x2001488d   0x00000003   PAD
    0x20014890   0x00000004   Zero   RW         8885    .bss.irq_handler    BUILD/DISCO_F746NG/ARMC6/mbed-os/targets/TARGET_STM/TARGET_STM32F7/serial_device.o
    0x20014894   0x00000004   Zero   RW         9112    .bss.irq_handler    BUILD/DISCO_F746NG/ARMC6/mbed-os/targets/TARGET_STM/can_api.o
    0x20014898   0x00000034   Zero   RW         2981    .bss.last_error_ctx  BUILD/DISCO_F746NG/ARMC6/mbed-os/platform/source/mbed_error.o
    0x200148cc   0x00000001   Zero   RW         9364    .bss.lp_Fired       BUILD/DISCO_F746NG/ARMC6/mbed-os/targets/TARGET_STM/lp_ticker.o
    0x200148cd   0x00000001   Zero   RW         9368    .bss.lp_cmpok       BUILD/DISCO_F746NG/ARMC6/mbed-os/targets/TARGET_STM/lp_ticker.o
    0x200148ce   0x00000002   PAD
    0x200148d0   0x00000004   Zero   RW         9369    .bss.lp_delayed_counter  BUILD/DISCO_F746NG/ARMC6/mbed-os/targets/TARGET_STM/lp_ticker.o
    0x200148d4   0x00000001   Zero   RW         9365    .bss.lp_delayed_prog  BUILD/DISCO_F746NG/ARMC6/mbed-os/targets/TARGET_STM/lp_ticker.o
    0x200148d5   0x00000001   Zero   RW         2980    .bss.mbed_error_in_progress  BUILD/DISCO_F746NG/ARMC6/mbed-os/platform/source/mbed_error.o
    0x200148d6   0x00000002   PAD
    0x200148d8   0x00000054   Zero   RW         2755    .bss.mbed_fault_context  BUILD/DISCO_F746NG/ARMC6/mbed-os/platform/source/TARGET_CORTEX_M/mbed_fault_handler.o
    0x2001492c   0x00000004   Zero   RW         3332    .bss.mbed_heap_size  BUILD/DISCO_F746NG/ARMC6/mbed-os/platform/source/mbed_retarget.o
    0x20014930   0x00000004   Zero   RW         3331    .bss.mbed_heap_start  BUILD/DISCO_F746NG/ARMC6/mbed-os/platform/source/mbed_retarget.o
    0x20014934   0x00000004   Zero   RW         9410    .bss.mbed_sdk_inited  BUILD/DISCO_F746NG/ARMC6/mbed-os/targets/TARGET_STM/mbed_overrides.o
    0x20014938   0x00000004   Zero   RW         3417    .bss.mbed_stack_isr_size  BUILD/DISCO_F746NG/ARMC6/mbed-os/platform/source/mbed_sdk_boot.o
    0x2001493c   0x00000004   Zero   RW         3416    .bss.mbed_stack_isr_start  BUILD/DISCO_F746NG/ARMC6/mbed-os/platform/source/mbed_sdk_boot.o
    0x20014940   0x00000002   Zero   RW         9213    .bss.prev_tick_remainder  BUILD/DISCO_F746NG/ARMC6/mbed-os/targets/TARGET_STM/hal_tick_overrides.o
    0x20014942   0x00000002   PAD
    0x20014944   0x00000004   Zero   RW         9212    .bss.prev_time      BUILD/DISCO_F746NG/ARMC6/mbed-os/targets/TARGET_STM/hal_tick_overrides.o
    0x20014948   0x00000001   Zero   RW         9367    .bss.roll_over_flag  BUILD/DISCO_F746NG/ARMC6/mbed-os/targets/TARGET_STM/lp_ticker.o
    0x20014949   0x00000003   PAD
    0x2001494c   0x00000020   Zero   RW         8884    .bss.serial_irq_ids  BUILD/DISCO_F746NG/ARMC6/mbed-os/targets/TARGET_STM/TARGET_STM32F7/serial_device.o
    0x2001496c   0x00000001   Zero   RW         9370    .bss.sleep_manager_locked  BUILD/DISCO_F746NG/ARMC6/mbed-os/targets/TARGET_STM/lp_ticker.o
    0x2001496d   0x00000001   Zero   RW         1982    .bss.state_saved    BUILD/DISCO_F746NG/ARMC6/mbed-os/hal/source/mbed_critical_section_api.o
    0x2001496e   0x00000002   PAD
    0x20014970   0x0000004c   Zero   RW         9626    .bss.stdio_uart     BUILD/DISCO_F746NG/ARMC6/mbed-os/targets/TARGET_STM/serial_api.o
    0x200149bc   0x00000004   Zero   RW         9625    .bss.stdio_uart_inited  BUILD/DISCO_F746NG/ARMC6/mbed-os/targets/TARGET_STM/serial_api.o
    0x200149c0   0x00000004   Zero   RW         9214    .bss.total_ticks    BUILD/DISCO_F746NG/ARMC6/mbed-os/targets/TARGET_STM/hal_tick_overrides.o
    0x200149c4   0x00000420   Zero   RW         8886    .bss.uart_handlers  BUILD/DISCO_F746NG/ARMC6/mbed-os/targets/TARGET_STM/TARGET_STM32F7/serial_device.o


    Execution Region ARM_LIB_HEAP (Base: 0x20014df0, Size: 0x0003a210, Max: 0x0003a210, ABSOLUTE)

    Base Addr    Size         Type   Attr      Idx    E Section Name        Object

    0x20014df0   0x0003a210   Zero   RW            2    ARM_LIB_HEAP.bss    anon$$obj.o


    Execution Region ARM_LIB_STACK (Base: 0x2004f000, Size: 0x00001000, Max: 0x00001000, ABSOLUTE)

    Base Addr    Size         Type   Attr      Idx    E Section Name        Object

    0x2004f000   0x00001000   Zero   RW            3    ARM_LIB_STACK.bss   anon$$obj.o


==============================================================================

Image component sizes


      Code (inc. data)   RO Data    RW Data    ZI Data      Debug   

     30108       1760      81360         80     326840    1340040   Object Totals
         0          0         32          0     242448          0   (incl. Generated)
      1146         52          2          0         33          0   (incl. Padding)
     12060        740        700         12        280       9644   Library Totals
        42          4          5          0          0          0   (incl. Padding)

==============================================================================


      Code (inc. data)   RO Data    RW Data    ZI Data      Debug   

     42168       2500      82060         92     327120    1342608   Grand Totals
     42168       2500      82060         92     327120    1342608   ELF Image Totals
     42168       2500      82060         92          0          0   ROM Totals

==============================================================================

    Total RO  Size (Code + RO Data)               124228 ( 121.32kB)
    Total RW  Size (RW Data + ZI Data)            327212 ( 319.54kB)
    Total ROM Size (Code + RO Data + RW Data)     124320 ( 121.41kB)

==============================================================================

